Section CODE:
	00008000 _BEG_CODE
	0000800c START
	00008000 ASMF_FNV
	00008019 ASMF_IO_READY
	00008033 ASMF_ENTRY_RESUME_SEAL
	00008038 ASMF_ENTRY_NEW_SESSION
	0000804f ASMF_BEGIN_FAIL_A
	00008058 ASMF_LOOP
	00008061 ASMF_PROMPT_ASM
	00008071 ASMF_PROMPT_PRINT
	00008082 ASMF_READ_UPPER
	00008085 ASMF_READ_RETURN
	00008092 ASMF_READ_OK
	000080aa ASMF_POST_CHECK_NEW
	000080b6 ASMF_POST_CHECK_NEW_2
	000080c2 ASMF_POST_CHECK_NEW_3
	000080ce ASMF_POST_CHECK_NEW_4
	000080da ASMF_POST_CHECK_NEW_5
	000080da ASMF_POST_CHECK_NEW_6
	000080e6 ASMF_POST_REJECT
	000080f3 ASMF_QUIT
	00008100 ASMF_QUIT_FAIL
	00008103 ASMF_SOURCE_CMD
	00008114 ASMF_ASSEMBLE
	00008133 ASMF_REJECT_CONTINUE
	00008136 ASMF_ACCEPTED
	0000813b ASMF_ACCEPTED_END
	00008146 ASMF_SEAL_CMD
	00008159 ASMF_SEAL_OK
	00008161 ASMF_RELOCATE_CMD
	00008176 ASMF_RELOCATE_FAIL_A
	00008181 ASMF_RELOCATE_OK
	0000818f ASMF_PRINT_RELOCATE_COUNT_LOOP
	000081a0 ASMF_PACKAGE_CMD
	000081c5 ASMF_PACKAGE_LEGACY_ARG
	000081ce ASMF_PACKAGE_BAD_ARG
	000081d9 ASMF_PACKAGE_HAVE_ARG
	000081e9 ASMF_PACKAGE_OK
	000081f7 ASMF_PRINT_PACKAGE_LEN_LOOP
	0000820b ASMF_LOAD_CMD
	00008210 ASMF_LOAD_FAIL_A
	0000821b ASMF_LOAD_HAVE_ARGS
	0000823d ASMF_LOAD_OK
	0000825c ASMF_INSTALL_CMD
	00008264 ASMF_INSTALL_NOT_BANK
	00008276 ASMF_INSTALL_FAIL_A
	00008281 ASMF_INSTALL_HAVE_TWO_ARGS
	000082ce ASMF_INSTALL_BAD_RANGE
	000082d2 ASMF_INSTALL_HAVE_ARG
	000082d7 ASMF_INSTALL_AP_FAIL_A
	000082e2 ASMF_INSTALL_OK
	000082f3 ASMF_INSTALL_BANK
	0000831e ASMF_NEW_CMD
	00008334 ASMF_NEW_OK
	0000833d ASMF_WRITE_MSG
	00008343 ASMF_WRITE_MSG_LINE
	00008349 ASMF_MSG_XY
	00008352 ASMF_MSG_XY_READY
	00008353 ASMF_PRINT_FAIL
	00008358 ASMF_PRINT_STATUS_LINE
	00008358 ASMF_PRINT_STATUS_NAMED_LINE
	0000835e ASMF_PRINT_STATUS_PC_LINE
	00008363 ASMF_PRINT_PC_TAIL
	00008372 ASMF_PRINT_STATUS_TEXT
	00008378 ASMF_PRINT_AP_STATUS_LINE
	0000837b ASMF_PRINT_AP_REASON_LINE
	00008386 ASMF_PRINT_AP_HAVE_INDEX
	0000838a ASMF_PRINT_AP_INDEX
	00008390 ASMF_PRINT_SEAL_STATUS_LINE
	00008396 ASMF_PRINT_SEAL_STATUS_TEXT
	000083a9 ASMF_PRINT_SEAL_FLAGS_TAIL
	000083b7 ASMF_ABORT_WITH_TABLES
	000083b7 ASMF_RETURN_RESULT
	000083bd ASMF_RETURN_OK
	000083c0 ASMF_RETURN_WITH_A
	000083c7 ASMF_FLASH_INSTALL
	000083ca ASMF_AP_SERVICE
	000083cd ASMF_PRINT_STATUS_NAME
	000083d6 ASMF_STATUS_NAME_HAVE_INDEX
	000083d6 ASMF_STATUS_NAME_INDEX
	000083dd ASMF_IS_DOT
	000083ea ASMF_SKIP_COMMAND_HEAD
	000083ec ASMF_SKIP_COMMAND_HEAD_LOOP
	000083f8 ASMF_SKIP_COMMAND_HEAD_ADV
	000083fb ASMF_MATCH_STRICT_TAIL
	0000840c ASMF_MATCH_STRICT_TAIL_ADV
	0000840f ASMF_MATCH_LOOSE_TAIL
	00008420 ASMF_NO
	00008422 ASMF_YES
	00008424 ASMF_MATCH_STRICT_CMD
	00008429 ASMF_MATCH_STRICT_CMD_TAIL
	0000842c ASMF_MATCH_ARG_CMD
	00008431 ASMF_MATCH_ARG_CMD_TAIL
	0000843e ASMF_MATCH_ARG_CMD_SKIP
	00008456 ASMF_MATCH_CMD
	00008461 ASMF_MATCH_CMD_LOOP
	0000846e ASMF_MATCH_CMD_TAIL
	00008472 ASMF_MATCH_CMD_NO
	00008474 ASMF_PARSE_RELOCATE_ARG
	00008479 ASMF_PARSE_RELOCATE_EXPR_OK
	00008488 ASMF_PARSE_RELOCATE_TAIL_OK
	00008490 ASMF_PARSE_TWO_ARGS
	00008496 ASMF_PARSE_TWO_FIND_SPLIT
	000084a9 ASMF_PARSE_TWO_SPLIT
	000084c3 ASMF_PARSE_TWO_FIRST_OK
	000084cf ASMF_PARSE_TWO_SKIP
	000084f0 ASMF_PARSE_TWO_SECOND_OK
	000084fd ASMF_PARSE_TWO_DONE
	00008505 ASMF_PARSE_TWO_BAD_OPER
	00008509 ASMF_PARSE_TWO_RESTORE
	00008512 ASMF_PARSE_INSTALL_BANK
	00008518 ASMF_INSTALL_BANK_SPLIT_SCAN
	0000852b ASMF_INSTALL_BANK_SPLIT
	0000854a ASMF_INSTALL_BANK_SKIP
	0000856f ASMF_INSTALL_BANK_DONE
	00008572 ASMF_INSTALL_BANK_TRAILING
	00008573 ASMF_INSTALL_BANK_NOT_FORM
	00008577 ASMF_INSTALL_BANK_PARSE_FAIL
	0000857e ASMF_IS_END
	00008588 ASMF_IS_END_TAIL
	0000862e ASM_BEGIN
	000086ae ASM_END
	00008720 ASM_ASSEMBLE_LINE
	00009655 ASM_LEX_LINE
	000096f6 ASM_NEXT_TOKEN
	00009989 ASM_LOOKUP_WORD
	000099f1 ASM_PARSE_HEAD
	00009b63 ASM_DISPATCH_STATEMENT
	0000a631 ASM_PARSE_EXPR
	0000a625 ASM_PARSE_SEAL_EXPR
	0000aaec ASM_CLASS_OPERAND
	000088e8 ASM_EMIT_BYTE
	0000891e ASM_EMIT_WORD_LE
	00008974 ASM_FIND_OPCODE
	00008b09 ASM_EMIT
	0000b157 ASM_LOOKUP_SYMBOL
	0000b26e ASM_BIND_LABEL
	0000b370 ASM_DEFINE_EQU
	0000b7f2 ASM_SEAL_VALIDATE
	0000b83d ASM_SEAL_COMPUTE_FNV
	00009002 ASM_SEAL_RELOCATE
	0000913e ASM_SEAL_PACKAGE
	00009177 ASM_PACKAGE_MATCH_IDENTITY
	000094cc ASM_PACKAGE_LOAD
	000094f7 ASM_PACKAGE_INSTALL_SUGGEST
	00009522 ASM_PACKAGE_PARSE_MIN
	0000861a ASM_RJ_WRITE_CSTRING
	0000861d ASM_RJ_WRITE_HBSTRING
	00008620 ASM_RJ_WRITE_HEX_BYTE
	00008623 ASM_RJ_WRITE_HEX_WORD_AX
	0000862b ASM_RJ_PRINT_CRLF
	0000858b ASM_RJ_WRITE_HB_LINE
	0000aa21 ASM_PARSE_EXPR_REQUIRE_END
	000085e5 ASM_RJOIN_INIT_IO
	00008614 ASM_RJ_READ_CSTRING
	00008617 ASM_RJ_READ_CSTRING_UPPER
	0000858b ASM_SMOKE_PRINT_LINE
	00008591 ASM_RJOIN_INIT
	00008591 ASM_RJOIN_INIT_SEED
	00008597 ASM_RJOIN_INIT_FAIL
	0000859f ASM_RJOIN_INIT_SERVICE_BLOCK
	000085bf ASM_RJOIN_INIT_SERVICE_CHECK
	000085cb ASM_RJOIN_INIT_SERVICE_COPY
	000085f9 ASM_RJOIN_INIT_IO_READY
	000085fb ASM_RJOIN_INIT_IO_FAIL
	000085fd ASM_RJ_RESIDENT_XY
	0000860c ASM_RJ_RESIDENT_FAIL
	0000860e ASM_RJ_CALL_JOINER
	00008611 ASM_RJ_WRITE_BYTE
	00008642 ASM_BEGIN_RJOIN_OK
	0000865e ASM_BEGIN_EXPLICIT_PC_OK
	00008674 ASM_BEGIN_EXPLICIT_PC_SAFE
	00008684 ASM_BEGIN_DEFAULT_PC
	00008692 ASM_BEGIN_HAVE_PC
	000086cf ASM_END_OK
	000086e9 ASM_END_FAILED
	000086f4 ASM_REPORT_PRINT_END_IF_NEEDED
	000086f4 ASM_REPORT_PRINT_FAIL_IF_NEEDED
	000086f5 ASM_REPORT_NOTE_REF
	00008717 ASM_REPORT_NOTE_REF_HAVE_ROOM
	00008733 ASM_ASSEMBLE_LINE_ACTIVE
	00008756 ASM_ASSEMBLE_LINE_OK
	00008760 ASM_ASSEMBLE_LINE_STORED_FAIL
	00008767 ASM_ASSEMBLE_LINE_RETURN_FAIL
	0000876f ASM_ASSEMBLE_LINE_FAIL_A
	00008786 ASM_ASSEMBLE_LINE_FATAL_FAIL_A
	00008790 ASM_ASSEMBLE_LINE_FAILED_FATAL
	0000879e ASM_LINE_SAVE
	00008816 ASM_LINE_SAVE_FIXUPS
	00008818 ASM_LINE_SAVE_FIXUPS_LOOP
	0000883d ASM_LINE_SAVE_FIXUPS_DONE
	0000883e ASM_LINE_ROLLBACK
	000088b7 ASM_LINE_RESTORE_FIXUPS
	000088b9 ASM_LINE_RESTORE_FIXUPS_LOOP
	000088de ASM_LINE_RESTORE_FIXUPS_DONE
	000088df ASM_INC_LINE_COUNT
	000088e7 ASM_INC_LINE_COUNT_DONE
	000088f6 ASM_EMIT_BYTE_ACTIVE
	00008900 ASM_EMIT_BYTE_ROOM
	0000892d ASM_EMIT_WORD_ACTIVE
	00008936 ASM_EMIT_WORD_ROOM
	0000893e ASM_EMIT_WORD_LOW_OK
	00008943 ASM_ADVANCE_PC_ONE
	00008949 ASM_ADVANCE_PC_ONE_DONE
	0000894a ASM_UPDATE_HIGH_PC
	0000895c ASM_UPDATE_HIGH_SET
	00008966 ASM_UPDATE_HIGH_DONE
	00008967 ASM_EMIT_FAIL_A
	00008989 ASM_FIND_OPCODE_PATTERN_LOOP
	00008996 ASM_FIND_OPCODE_BAD_MODE
	0000899c ASM_FIND_OPCODE_PATTERN_HIT
	000089b7 ASM_FIND_OPCODE_OK
	000089bd ASM_FIND_OPCODE_BASES
	00008a10 ASM_FIND_OPCODE_PAT_OFFSETS
	00008a63 ASM_FIND_OPCODE_PATTERN_ROWS
	00008a63 ASM_OPPAT_NONE
	00008a66 ASM_OPPAT_LDX
	00008a71 ASM_OPPAT_LDY
	00008a7c ASM_OPPAT_COMPARE
	00008a83 ASM_OPPAT_INC
	00008a8e ASM_OPPAT_DEC
	00008a99 ASM_OPPAT_STZ
	00008aa2 ASM_OPPAT_STX
	00008aa9 ASM_OPPAT_STY
	00008ab0 ASM_OPPAT_BIT
	00008abb ASM_OPPAT_TRB_TSB
	00008ac0 ASM_OPPAT_ABS_ONLY
	00008ac3 ASM_OPPAT_SHIFT
	00008ad0 ASM_OPPAT_JMP
	00008ad7 ASM_OPPAT_BRK
	00008adc ASM_OPPAT_ALU
	00008aef ASM_OPPAT_STA
	00008b00 ASM_OPPAT_REL8
	00008b03 ASM_OPPAT_BIT_REL
	00008b06 ASM_OPPAT_BIT_ZP
	00008b09 ASM_FIND_OPCODE_PATTERN_ROWS_END
	00008b15 ASM_EMIT_MNEM
	00008b23 ASM_EMIT_CLASS_OK
	00008b2b ASM_EMIT_OPCODE_OK
	00008b35 ASM_EMIT_OPCODE_ROOM_OK
	00008b3d ASM_EMIT_OPCODE_WRITTEN
	00008b46 ASM_EMIT_RESOLVED_OPERAND
	00008b58 ASM_EMIT_RESOLVED_SIZE_OK
	00008b65 ASM_EMIT_REL8_OPERAND
	00008b6d ASM_EMIT_BIT_ZP_REL_OPERAND
	00008b75 ASM_EMIT_BIT_ZP_REL_ZP_OK
	00008b7d ASM_EMIT_BYTE_OPERAND
	00008b85 ASM_EMIT_WORD_OPERAND
	00008b8f ASM_EMIT_OK
	00008b99 ASM_EMIT_MNEM_ROOM
	00008ba5 ASM_EMIT_ROOM_SIZE_OK
	00008baa ASM_EMIT_ROOM_THREE
	00008bac ASM_EMIT_ROOM_FOR_A
	00008be0 ASM_EMIT_ROOM_BAD_RANGE
	00008be4 ASM_EMIT_ROOM_OK
	00008be8 ASM_TARGET_ADDR_OK
	00008bf2 ASM_TARGET_ADDR_CHECK_END
	00008bfc ASM_TARGET_ADDR_SAFE
	00008bfe ASM_TARGET_ADDR_GUARDED
	00008c00 ASM_TARGET_RANGE_NO_GUARD_CROSS
	00008c0a ASM_TARGET_RANGE_ONE_ARENA
	00008c0c ASM_TARGET_RANGE_CROSSES_GUARD
	00008c0e ASM_MODE_PATCH_BYTES
	00008c18 ASM_MODE_PATCH_BYTES_OK
	00008c1d ASM_PREP_REL8
	00008c41 ASM_PREP_REL8_POS
	00008c4b ASM_PREP_REL8_NEG
	00008c4f ASM_PREP_REL8_BAD_RANGE
	00008c53 ASM_PREP_REL8_OK
	00008c59 ASM_EMIT_UNRESOLVED_OPERAND
	00008c66 ASM_EMIT_UNRESOLVED_BIT_ZP_REL
	00008c6e ASM_EMIT_UNRESOLVED_BIT_ZP_OK
	00008c75 ASM_EMIT_UNRESOLVED_BIT_FIXUP_OK
	00008c7f ASM_EMIT_FIXUP_STORED
	00008c86 ASM_EMIT_FIXUP_SIZE_OK
	00008c8c ASM_EMIT_PLACEHOLDER_BYTE
	00008c96 ASM_EMIT_FIXUP_BAD_MODE
	00008c9a ASM_EMIT_PLACEHOLDER_FAIL
	00008c9b ASM_EMIT_PLACEHOLDER_WORD
	00008ca7 ASM_EMIT_MNEM_FAIL_A
	00008cb4 ASM_STORE_FIXUP_CURRENT
	00008cbf ASM_STORE_FIXUP_HAVE_ROOM
	00008d0d ASM_STORE_FIXUP_NAME_X
	00008d12 ASM_STORE_FIXUP_NAME_LOOP
	00008d26 ASM_STORE_FIXUP_NAME_TERM
	00008d2b ASM_SET_FIX_NAME_PTR_X
	00008d45 ASM_FIX_HAS_PENDING_REQUIRED
	00008d47 ASM_FIX_HAS_PENDING_REQ_LOOP
	00008d5d ASM_FIX_HAS_PENDING_REQ_NEXT
	00008d60 ASM_FIX_HAS_PENDING_REQ_YES
	00008d62 ASM_FIX_HAS_PENDING_REQ_NO
	00008d64 ASM_FIX_HAS_PENDING_LOCAL
	00008d66 ASM_FIX_HAS_PENDING_LOCAL_LOOP
	00008d79 ASM_FIX_HAS_PENDING_LOCAL_NEXT
	00008d7c ASM_FIX_HAS_PENDING_LOCAL_YES
	00008d7e ASM_FIX_HAS_PENDING_LOCAL_NO
	00008d80 ASM_RESOLVE_FIXUPS_CURRENT
	00008d85 ASM_RESOLVE_FIXUPS_LOOP
	00008d9f ASM_RESOLVE_FIXUPS_PATCHED
	00008db6 ASM_RESOLVE_FIXUPS_NEXT
	00008db9 ASM_RESOLVE_FIXUPS_DONE
	00008dbf ASM_FIX_MATCH_CURRENT_X
	00008de6 ASM_FIX_MATCH_NO
	00008de8 ASM_FIX_TEXT_MATCH_X
	00008ded ASM_FIX_TEXT_MATCH_LOOP
	00008e03 ASM_FIX_TEXT_MATCH_YES
	00008e05 ASM_FIX_TEXT_MATCH_NO
	00008e07 ASM_PATCH_FIXUP_X
	00008e63 ASM_PATCH_FIXUP_BYTE
	00008e78 ASM_PATCH_FIXUP_BYTE_RANGE_OK
	00008e78 ASM_PATCH_FIXUP_BYTE_LO
	00008e80 ASM_PATCH_FIXUP_BYTE_HI
	00008e88 ASM_PATCH_FIXUP_WORD
	00008e95 ASM_PATCH_FIXUP_REL8
	00008ec0 ASM_PATCH_FIXUP_REL8_POS
	00008ec6 ASM_PATCH_FIXUP_REL8_NEG
	00008eca ASM_PATCH_FIXUP_REL8_BAD
	00008ece ASM_PATCH_FIXUP_REL8_WRITE
	00008ed4 ASM_RELOC_NOTE_RESOLVED_OPERAND
	00008efb ASM_RELOC_NOTE_RESOLVED_VALUE
	00008f03 ASM_RELOC_NOTE_RESOLVED_STORE
	00008f07 ASM_RELOC_NOTE_RESOLVED_DONE
	00008f09 ASM_RELOC_NOTE_FIXUP_X
	00008f2d ASM_RELOC_NOTE_FIXUP_DONE
	00008f30 ASM_FIX_IMPORT_RELOC_X
	00008f48 ASM_FIX_IMPORT_RELOC_ABS16
	00008f5c ASM_FIX_IMPORT_RELOC_LO8
	00008f70 ASM_FIX_IMPORT_RELOC_HI8
	00008f84 ASM_FIX_IMPORT_RELOC_NO
	00008f86 ASM_RELOC_NOTE_IMPORT_FIXUP_X
	00008f94 ASM_RELOC_NOTE_IMPORT_NO
	00008f97 ASM_IMPORT_FIND_FIXUP_X
	00008fb3 ASM_IMPORT_FIND_FIXUP_NO
	00008fb6 ASM_RELOC_STORE_IMPORT_X
	00008fd3 ASM_RELOC_STORE_IMPORT_ROOM
	00008fe9 ASM_RELOC_STORE_IMPORT_SITE_OK
	00009011 ASM_SEAL_RELOCATE_HAVE_SEAL
	00009017 ASM_SEAL_RELOCATE_RANGE_SAFE
	0000901c ASM_SEAL_RELOCATE_PATCH_LOOP
	0000902e ASM_SEAL_RELOCATE_PATCH_NEXT
	00009033 ASM_SEAL_RELOCATE_DONE
	0000903d ASM_INTERNAL_RELOC_KIND_A
	0000904b ASM_INTERNAL_RELOC_KIND_YES
	0000904d ASM_SEAL_RELOCATE_RANGE_OK
	00009057 ASM_SEAL_RELOCATE_RANGE_NONZERO
	000090a0 ASM_SEAL_RELOCATE_RANGE_BAD
	000090a4 ASM_SEAL_RELOCATE_COPY_BODY
	000090c6 ASM_SEAL_RELOCATE_COPY_LOOP
	000090d2 ASM_SEAL_RELOCATE_COPY_DST
	000090d8 ASM_SEAL_RELOCATE_COPY_COUNT
	000090e2 ASM_SEAL_RELOCATE_COPY_MORE
	000090e8 ASM_SEAL_RELOCATE_COPY_DONE
	000090e9 ASM_RELOCATE_PATCH_ROW_X
	0000911b ASM_RELOCATE_PATCH_ABS16
	0000912a ASM_RELOCATE_PATCH_LO8
	00009134 ASM_RELOCATE_PATCH_HI8
	0000914a ASM_SEAL_PACKAGE_HAVE_SEAL
	00009155 ASM_SEAL_PACKAGE_RELOC_COUNT_OK
	0000915e ASM_SEAL_PACKAGE_LENGTH_SAFE
	00009164 ASM_SEAL_PACKAGE_RANGE_SAFE
	0000916d ASM_SEAL_PACKAGE_VERIFY_OK
	0000917d ASM_PACKAGE_ID_LEN_LOOP
	00009188 ASM_PACKAGE_ID_HAVE_LEN
	0000918f ASM_PACKAGE_ID_ENTRY_LOOP
	0000919e ASM_PACKAGE_ID_HAVE_ENTRY
	000091b2 ASM_PACKAGE_ID_BAD
	000091b6 ASM_PACKAGE_COMPUTE_LAYOUT
	000091c1 ASM_PACKAGE_REL_LEN_LOOP
	000091de ASM_PACKAGE_REL_LEN_READY
	00009229 ASM_PACKAGE_LENGTH_OK
	00009239 ASM_PACKAGE_LENGTH_GOOD
	0000923b ASM_PACKAGE_RANGE_OK
	0000929e ASM_PACKAGE_RANGE_START_LT_END
	000092ae ASM_PACKAGE_RANGE_OK_DONE
	000092b0 ASM_PACKAGE_RANGE_BAD
	000092b4 ASM_PACKAGE_WRITE
	0000935d ASM_PACKAGE_VERIFY_BODY
	00009371 ASM_PACKAGE_VERIFY_FNV
	0000937d ASM_PACKAGE_VERIFY_BAD_FNV
	00009381 ASM_PACKAGE_WRITE_RELOC_REC
	00009389 ASM_PACKAGE_WRITE_RELOC_KIND
	00009397 ASM_PACKAGE_WRITE_RELOC_SITE_LO
	00009399 ASM_PACKAGE_WRITE_RELOC_SITE_LO_LOOP
	000093a7 ASM_PACKAGE_WRITE_RELOC_SITE_HI
	000093a9 ASM_PACKAGE_WRITE_RELOC_SITE_HI_LOOP
	000093b7 ASM_PACKAGE_WRITE_RELOC_TARGET_LO
	000093b9 ASM_PACKAGE_WRITE_RELOC_TARGET_LO_LOOP
	000093c7 ASM_PACKAGE_WRITE_RELOC_TARGET_HI
	000093c9 ASM_PACKAGE_WRITE_RELOC_TARGET_HI_LOOP
	000093d7 ASM_PACKAGE_WRITE_RELOC_DONE
	000093d8 ASM_PACKAGE_WRITE_EXPORT_REC
	000093e0 ASM_PACKAGE_WRITE_EXPORT_LOOP
	0000942c ASM_PACKAGE_WRITE_EXPORT_DONE
	0000942d ASM_PACKAGE_WRITE_IMPORT_REC
	00009435 ASM_PACKAGE_WRITE_IMPORT_LOOP
	0000946a ASM_PACKAGE_WRITE_IMPORT_PACK_LOOP
	00009496 ASM_PACKAGE_WRITE_IMPORT_NEXT
	0000949c ASM_PACKAGE_WRITE_IMPORT_DONE
	0000949d ASM_PACKAGE_COPY_BYTES
	000094a3 ASM_PACKAGE_COPY_LOOP
	000094b0 ASM_PACKAGE_COPY_COUNT
	000094ba ASM_PACKAGE_COPY_MORE
	000094c0 ASM_PACKAGE_COPY_DONE
	000094c1 ASM_PACKAGE_WRITE_A
	000094cb ASM_PACKAGE_WRITE_A_DONE
	000094d8 ASM_PACKAGE_LOAD_SERVICE_READY
	000094ea ASM_PACKAGE_LOAD_SERVICE_OK
	00009503 ASM_PACKAGE_SUGGEST_SERVICE_READY
	00009515 ASM_PACKAGE_SUGGEST_SERVICE_OK
	00009528 ASM_PACKAGE_PARSE_SERVICE_READY
	0000953a ASM_PACKAGE_PARSE_SERVICE_OK
	00009547 ASM_PACKAGE_SERVICE_READY
	00009559 ASM_PACKAGE_SERVICE_OK
	0000955b ASM_PACKAGE_SERVICE_FAIL
	0000955f ASM_PACKAGE_SET_SERVICE_REQUEST
	00009578 ASM_PACKAGE_COPY_SERVICE_RESULTS
	000095c4 ASM_PACKAGE_CALL_HIM_AP
	000095c7 ASM_RELOC_KIND_FOR_CURRENT
	000095d6 ASM_RELOC_KIND_CURRENT_DONE
	000095d7 ASM_RELOC_KIND_FOR_FIXUP_X
	000095e7 ASM_RELOC_KIND_FIXUP_DONE
	000095e8 ASM_RELOC_KIND_FOR_SEL_A
	000095f2 ASM_RELOC_KIND_SEL_LO
	000095f6 ASM_RELOC_KIND_SEL_HI
	000095fa ASM_RELOC_KIND_FOR_MODE_A
	00009606 ASM_RELOC_KIND_MODE_NO
	00009608 ASM_RELOC_KIND_ABS16
	0000960c ASM_RELOC_STORE_A
	0000961a ASM_RELOC_STORE_HAVE_ROOM
	00009630 ASM_RELOC_STORE_SITE_OK
	00009649 ASM_RELOC_STORE_TARGET_OK
	00009661 ASM_LEX_LINE_LOOP
	00009681 ASM_LEX_LINE_QUOTE
	000096ad ASM_LEX_LINE_DQUOTE
	000096b3 ASM_LEX_LINE_DQUOTE_LOOP
	000096cb ASM_LEX_LINE_DQUOTE_CLOSE
	000096d3 ASM_LEX_LINE_OK
	000096dd ASM_LEX_LINE_BAD
	000096ea ASM_LEX_COUNT_CHAR
	000096f4 ASM_LEX_COUNT_OK
	0000971f ASM_NEXT_TOKEN_MAYBE_BARE_HEX
	00009726 ASM_NEXT_BARE_HEX_SCAN
	00009732 ASM_NEXT_BARE_HEX_END
	00009742 ASM_NEXT_TOKEN_PREFIXED_BASES
	0000974d ASM_NEXT_NOT_BIN_START
	00009754 ASM_NEXT_NOT_HEX_START
	00009764 ASM_NEXT_NOT_DEC_START
	00009771 ASM_NEXT_TOKEN_MAYBE_LOCAL
	00009786 ASM_NEXT_TOKEN_EOL
	0000978d ASM_NEXT_TOKEN_PUNCT
	000097a3 ASM_NEXT_TOKEN_CHAR
	000097d9 ASM_NEXT_CHAR_BAD
	000097dc ASM_NEXT_TOKEN_WORD
	000097e3 ASM_NEXT_WORD_LOOP
	000097fa ASM_NEXT_WORD_FIRST
	0000980d ASM_NEXT_WORD_LOCAL
	00009813 ASM_NEXT_WORD_TAKE
	00009826 ASM_NEXT_WORD_COLON
	0000982d ASM_NEXT_WORD_HAVE_COLON
	0000983d ASM_NEXT_WORD_END_CHECK
	0000984f ASM_NEXT_WORD_BAD
	00009852 ASM_NEXT_TOKEN_HEX
	00009857 ASM_NEXT_TOKEN_BARE_HEX
	00009857 ASM_NEXT_TOKEN_HEX_COMMON
	00009866 ASM_NEXT_HEX_LOOP
	00009885 ASM_NEXT_HEX_DIGIT
	0000989f ASM_NEXT_HEX_BAD_EXIT
	000098a2 ASM_NEXT_TOKEN_DEC
	000098ad ASM_NEXT_DEC_LOOP
	000098cb ASM_NEXT_DEC_END_CHECK
	000098dd ASM_NEXT_DEC_BAD_EXIT
	000098e0 ASM_NEXT_TOKEN_BIN
	000098f2 ASM_NEXT_BIN_LOOP
	00009915 ASM_NEXT_BIN_WIDTH_OK
	0000991f ASM_NEXT_BIN_STORE_DELIM
	00009928 ASM_NEXT_BIN_BAD_EXIT
	0000992b ASM_NEXT_BIN_ZERO
	00009932 ASM_NEXT_BIN_ONE
	0000993f ASM_NEXT_BIN_X
	00009950 ASM_NEXT_BIN_TAKE
	00009957 ASM_NEXT_BIN_SHIFT_CONCRETE
	0000995f ASM_NEXT_BIN_SHIFT_OK
	0000996c ASM_NEXT_TOKEN_OK
	00009976 ASM_NEXT_TOKEN_BAD_OPER
	00009991 ASM_LOOKUP_WORD_LOOP
	000099c8 ASM_LOOKUP_WORD_DIR_LOOP
	000099d2 ASM_LOOKUP_WORD_KIND_RESTORE
	000099d4 ASM_LOOKUP_WORD_KIND_READY
	000099da ASM_LOOKUP_WORD_NEXT
	000099dd ASM_LOOKUP_WORD_NONE
	000099fc ASM_PARSE_HAVE_FIRST_TOKEN
	00009a1a ASM_PARSE_FIRST_OP
	00009a20 ASM_PARSE_FIRST_NONE
	00009a46 ASM_PARSE_SECOND_OP
	00009a4c ASM_PARSE_EMPTY_OK
	00009a54 ASM_PARSE_LABEL_ONLY_OK
	00009a64 ASM_PARSE_BAD_MNEM
	00009a68 ASM_PARSE_BAD_DIR
	00009a6c ASM_PARSE_BAD_OPER
	00009a70 ASM_PARSE_BAD_SYM
	00009a74 ASM_PARSE_FAIL_A
	00009a8a ASM_PARSE_OK
	00009a99 ASM_STORE_NAME_FROM_TOKEN
	00009ad2 ASM_STORE_NAME_DONE
	00009ae0 ASM_STORE_NAME_NOT_LOCAL
	00009ae1 ASM_STORE_OP_FROM_LOOKUP
	00009b03 ASM_STORE_OP_DIR
	00009b21 ASM_STORE_OP_DIR_NOT_EQU
	00009b33 ASM_STORE_OP_DIR_BINDS_PC
	00009b3b ASM_STORE_OP_DIR_TAIL
	00009b3b ASM_SET_TAIL_FROM_PARSE
	00009b62 ASM_SET_TAIL_DONE
	00009b6d ASM_DISPATCH_NOT_ERROR
	00009b74 ASM_DISPATCH_NOT_EMPTY
	00009b80 ASM_DISPATCH_NOT_LABEL_ONLY
	00009b90 ASM_DISPATCH_MNEM_NO_NAME
	00009b98 ASM_DISPATCH_FAIL_NEAR
	00009b9b ASM_DISPATCH_NOT_MNEM
	00009ba4 ASM_DISPATCH_DIR
	00009bae ASM_DISPATCH_DIR_NOT_EQU
	00009bb5 ASM_DISPATCH_DIR_NOT_EXPORT
	00009bbc ASM_DISPATCH_DIR_NOT_IMPORT
	00009bc3 ASM_DISPATCH_DIR_NOT_ENTRY
	00009bca ASM_DISPATCH_DIR_NOT_ORG
	00009bd1 ASM_DISPATCH_DIR_NOT_END
	00009bd8 ASM_DISPATCH_DIR_NOT_DB
	00009bdf ASM_DISPATCH_DIR_NOT_DC
	00009be6 ASM_DISPATCH_DIR_NOT_DW
	00009bed ASM_DISPATCH_DIR_NOT_DS
	00009bf2 ASM_DISPATCH_DIR_EQU
	00009bfc ASM_DISPATCH_DIR_EQU_HAVE_NAME
	00009c06 ASM_DISPATCH_DIR_EQU_HAVE_TAIL
	00009c14 ASM_DISPATCH_DIR_EQU_EXPR_OK
	00009c1c ASM_DISPATCH_DIR_EQU_EXPR_END_OK
	00009c24 ASM_DISPATCH_DIR_EQU_DEFINE_OK
	00009c27 ASM_DISPATCH_DIR_PUBLIC
	00009c31 ASM_DISPATCH_DIR_PUBLIC_NO_NAME
	00009c3b ASM_DISPATCH_DIR_PUBLIC_HAVE_TAIL
	00009c4d ASM_DISPATCH_DIR_PUBLIC_IMPORT
	00009c50 ASM_DISPATCH_DIR_PUBLIC_DONE
	00009c55 ASM_DISPATCH_DIR_PUBLIC_OK
	00009c58 ASM_DISPATCH_DIR_ORG
	00009c62 ASM_DISPATCH_DIR_ORG_NO_NAME
	00009c6c ASM_DISPATCH_DIR_ORG_HAVE_TAIL
	00009c7a ASM_DISPATCH_DIR_ORG_EXPR_OK
	00009c82 ASM_DISPATCH_DIR_ORG_EXPR_END_OK
	00009c8b ASM_DISPATCH_DIR_ORG_ADDR
	00009c93 ASM_DISPATCH_DIR_ORG_PC_OK
	00009c96 ASM_DISPATCH_DIR_END
	00009ca0 ASM_DISPATCH_DIR_END_NO_NAME
	00009caa ASM_DISPATCH_DIR_END_NO_TAIL
	00009cad ASM_DISPATCH_DIR_DATA
	00009cb7 ASM_DISPATCH_DIR_DATA_HAVE_TAIL
	00009cc6 ASM_DISPATCH_DIR_DATA_BIND_OK
	00009cc6 ASM_DISPATCH_DIR_DATA_NO_NAME
	00009ce0 ASM_DISPATCH_DIR_DATA_DB
	00009ce5 ASM_DISPATCH_DIR_DATA_DC
	00009cea ASM_DISPATCH_DIR_DATA_DW
	00009ced ASM_DISPATCH_DIR_DATA_DONE
	00009cf2 ASM_DISPATCH_DIR_DATA_OK
	00009cf5 ASM_DISPATCH_BAD_SYM
	00009cf9 ASM_DISPATCH_BAD_OPER
	00009cfd ASM_DISPATCH_BAD_WIDTH
	00009d01 ASM_DISPATCH_STORED_FAIL
	00009d04 ASM_DISPATCH_FAIL_A
	00009d12 ASM_DISPATCH_OK
	00009d1f ASM_EXPORT_SYMBOL
	00009d29 ASM_EXPORT_HAVE_TOKEN
	00009d33 ASM_EXPORT_HAVE_WORD
	00009d3d ASM_EXPORT_NOT_LOCAL
	00009d47 ASM_EXPORT_NO_COLON
	00009d59 ASM_EXPORT_LEN_OK
	00009d64 ASM_EXPORT_TAIL_END_OK
	00009d6f ASM_EXPORT_FOUND
	00009d7c ASM_EXPORT_IS_LABEL
	00009d8f ASM_EXPORT_ENTRY_LOOP
	00009d9e ASM_EXPORT_KIND_READY
	00009da0 ASM_EXPORT_DUP_LOOP
	00009daf ASM_EXPORT_NOT_DUP
	00009dc8 ASM_EXPORT_BAD_SYM
	00009dcc ASM_IMPORT_SYMBOL
	00009dd6 ASM_IMPORT_HAVE_TOKEN
	00009de0 ASM_IMPORT_HAVE_WORD
	00009dea ASM_IMPORT_NOT_LOCAL
	00009df4 ASM_IMPORT_NO_COLON
	00009dfd ASM_IMPORT_NOT_RESERVED
	00009e0f ASM_IMPORT_LEN_OK
	00009e18 ASM_IMPORT_TAIL_END_OK
	00009e30 ASM_IMPORT_BAD_SYM
	00009e34 ASM_IMPORT_PACK_TOKEN_X
	00009e69 ASM_IMPORT_PACK_LOOP
	00009ead ASM_IMPORT_PACK_DONE
	00009eaf ASM_IMPORT_PACK_FAIL
	00009eb1 ASM_IMPORT_DUP_CHECK
	00009eb3 ASM_IMPORT_DUP_LOOP
	00009ec6 ASM_IMPORT_DUP_BYTE_LOOP
	00009ed3 ASM_IMPORT_DUP_RESTORE_NEXT
	00009ed5 ASM_IMPORT_DUP_NEXT
	00009ed8 ASM_IMPORT_DUP_FOUND
	00009eda ASM_IMPORT_DUP_NOT_FOUND
	00009edc ASM_IMPORT_FIND_CURRENT
	00009ede ASM_IMPORT_FIND_LOOP
	00009efe ASM_IMPORT_FIND_PACK_LOOP
	00009f46 ASM_IMPORT_FIND_FOUND
	00009f4b ASM_IMPORT_FIND_NEXT_RESTORE
	00009f4e ASM_IMPORT_FIND_NEXT
	00009f51 ASM_IMPORT_FIND_NONE
	00009f53 ASM_IMPORT_SET_PACK_PTR_X
	00009f5d ASM_IMPORT_SET_PACK_SRC_X
	00009f67 ASM_IMPORT_ADV_PACK_PTR_X
	00009f6b ASM_IMPORT_PACK_PTR_LOOP
	00009f76 ASM_IMPORT_PACK_PTR_NEXT
	00009f79 ASM_IMPORT_PACK_PTR_DONE
	00009f7a ASM_IMPORT_ADV_PACK_SRC_X
	00009f7e ASM_IMPORT_PACK_SRC_LOOP
	00009f89 ASM_IMPORT_PACK_SRC_NEXT
	00009f8c ASM_IMPORT_PACK_SRC_DONE
	00009f8d ASM_IMPORT_CLEAR_PACK
	00009f8f ASM_IMPORT_CLEAR_PACK_LOOP
	00009f9a ASM_IMPORT_CLEAR_PACK_DONE
	00009f9b ASM_PARSE_DATA_EXPR
	00009fbe ASM_PARSE_DATA_EXPR_RESOLVED_SEL_LO
	00009fc0 ASM_PARSE_DATA_EXPR_RESOLVED_SELECTOR
	00009fe4 ASM_PARSE_DATA_EXPR_RESOLVED_HI
	00009fea ASM_PARSE_DATA_EXPR_RESOLVED_SELECTED
	0000a000 ASM_PARSE_DATA_EXPR_NO_SELECTOR
	0000a025 ASM_PARSE_DATA_EXPR_ABSOLUTE
	0000a029 ASM_PARSE_DATA_EXPR_BAD_RELOC
	0000a032 ASM_PARSE_DATA_EXPR_FALLBACK
	0000a03c ASM_PARSE_DATA_EXPR_FALLBACK_ATOM
	0000a061 ASM_PARSE_DATA_EXPR_FALLBACK_READY
	0000a07d ASM_PARSE_DATA_EXPR_RETURN
	0000a07e ASM_PARSE_FIXUP_ADDEND_KEEP_CLASS
	0000a092 ASM_PARSE_FIXUP_ADDEND_KEEP_ABS
	0000a094 ASM_PARSE_FIXUP_ADDEND_KEEP_WIDTH
	0000a09a ASM_PARSE_FIXUP_ADDEND_KEEP_RETURN
	0000a09b ASM_PARSE_FIXUP_ADDEND
	0000a0c0 ASM_PARSE_FIXUP_ADDEND_OP
	0000a0d5 ASM_PARSE_FIXUP_ADDEND_ATOM
	0000a0fc ASM_PARSE_FIXUP_ADDEND_SUB
	0000a119 ASM_PARSE_FIXUP_ADDEND_RANGE
	0000a129 ASM_PARSE_FIXUP_ADDEND_POS
	0000a130 ASM_PARSE_FIXUP_ADDEND_BAD_OPER
	0000a134 ASM_PARSE_FIXUP_ADDEND_BAD_RANGE
	0000a136 ASM_PARSE_FIXUP_ADDEND_STATUS
	0000a13b ASM_PARSE_FIXUP_ADDEND_FAIL
	0000a13d ASM_PARSE_DATA_AFTER_ITEM
	0000a15f ASM_PARSE_DATA_COMMA
	0000a168 ASM_PARSE_DATA_DONE
	0000a170 ASM_EMIT_DB
	0000a18e ASM_EMIT_DB_ROOM_OK
	0000a197 ASM_EMIT_DB_PASS
	0000a19b ASM_EMIT_DB_ITEM
	0000a1c0 ASM_EMIT_DB_RETURN
	0000a1c5 ASM_EMIT_DB_RETURN_DONE
	0000a1c6 ASM_EMIT_DB_BAD_OPER
	0000a1cb ASM_EMIT_DB_VALUE
	0000a1d4 ASM_EMIT_DB_VALUE_KIND_OK
	0000a1e9 ASM_EMIT_DB_VALUE_LEN_FAIL
	0000a1ea ASM_EMIT_DB_VALUE_EMIT
	0000a1f3 ASM_EMIT_DB_VALUE_RESOLVED
	0000a219 ASM_EMIT_DB_VALUE_LO
	0000a221 ASM_EMIT_DB_VALUE_HI
	0000a229 ASM_EMIT_DB_VALUE_WORD
	0000a233 ASM_EMIT_DB_VALUE_LEN
	0000a257 ASM_EMIT_DB_VALUE_LEN_WORD
	0000a25d ASM_EMIT_DB_VALUE_LEN_BYTE
	0000a263 ASM_EMIT_DB_VALUE_LEN_BAD_WIDTH
	0000a268 ASM_EMIT_DB_BAD_WIDTH
	0000a26a ASM_EMIT_DB_FAIL_A
	0000a274 ASM_EMIT_DATA_UNRESOLVED
	0000a27c ASM_EMIT_DATA_UNRESOLVED_WORD
	0000a27e ASM_EMIT_DATA_UNRESOLVED_STORE
	0000a288 ASM_EMIT_DATA_UNRESOLVED_STORED
	0000a291 ASM_EMIT_DATA_UNRESOLVED_EMIT_WORD
	0000a298 ASM_EMIT_DATA_NOTE_RELOC
	0000a2c2 ASM_EMIT_DATA_NOTE_RELOC_WORD
	0000a2cf ASM_EMIT_DATA_NOTE_RELOC_DONE
	0000a2d1 ASM_EMIT_DC
	0000a2dd ASM_EMIT_DC_COUNT_OK
	0000a2e8 ASM_EMIT_DC_ROOM_OK
	0000a302 ASM_EMIT_DC_CHARS_BEGIN
	0000a308 ASM_EMIT_DC_CHAR_LOOP
	0000a32b ASM_EMIT_DC_HB_NOT_LAST
	0000a32f ASM_EMIT_DC_PLAIN_CHAR
	0000a334 ASM_EMIT_DC_CHAR_A
	0000a33b ASM_EMIT_DC_CHARS_DONE
	0000a350 ASM_EMIT_DC_TERM_A
	0000a355 ASM_EMIT_DC_OK
	0000a35a ASM_EMIT_DC_RETURN
	0000a35b ASM_EMIT_DC_COUNT
	0000a369 ASM_EMIT_DC_COUNT_LOOP
	0000a385 ASM_EMIT_DC_COUNT_BAD_OPER
	0000a388 ASM_EMIT_DC_COUNT_BAD_RANGE
	0000a38b ASM_EMIT_DC_COUNT_DONE
	0000a39c ASM_EMIT_DC_TAIL_OK
	0000a3aa ASM_EMIT_DC_COUNT_TERM
	0000a3b2 ASM_EMIT_DC_COUNT_HB
	0000a3b8 ASM_EMIT_DC_COUNT_STORE
	0000a3bd ASM_EMIT_DC_PARSE_HEAD
	0000a3d3 ASM_EMIT_DC_PARSE_MODE_HEAD
	0000a3e9 ASM_EMIT_DC_HEAD_C
	0000a3eb ASM_EMIT_DC_HEAD_ONE
	0000a3f3 ASM_EMIT_DC_HEAD_H
	0000a408 ASM_EMIT_DC_HEAD_DONE
	0000a419 ASM_EMIT_DC_LEGACY_QUOTE
	0000a427 ASM_EMIT_DC_QUOTE_OPEN
	0000a430 ASM_EMIT_DC_BAD_OPER
	0000a434 ASM_EMIT_DC_BAD_RANGE
	0000a436 ASM_EMIT_DC_FAIL_A
	0000a43d ASM_EMIT_DW
	0000a45b ASM_EMIT_DW_ROOM_OK
	0000a464 ASM_EMIT_DW_PASS
	0000a468 ASM_EMIT_DW_ITEM
	0000a48d ASM_EMIT_DW_RETURN
	0000a492 ASM_EMIT_DW_RETURN_DONE
	0000a493 ASM_EMIT_DW_VALUE
	0000a4ab ASM_EMIT_DW_VALUE_EMIT
	0000a4b4 ASM_EMIT_DW_VALUE_RESOLVED
	0000a4bd ASM_EMIT_DW_VALUE_NO_RELOC
	0000a4c4 ASM_EMIT_DW_BAD_OPER
	0000a4c8 ASM_EMIT_DW_BAD_WIDTH
	0000a4cc ASM_EMIT_DW_BAD_RANGE
	0000a4ce ASM_EMIT_DW_FAIL_A
	0000a4d8 ASM_EMIT_DS
	0000a4fe ASM_EMIT_DS_OWNED
	0000a501 ASM_EMIT_DS_RETURN
	0000a502 ASM_EMIT_DS_STORE_COUNT
	0000a508 ASM_EMIT_DS_COUNT_MODE_OK
	0000a50c ASM_EMIT_DS_COUNT_SELECTOR_OK
	0000a510 ASM_EMIT_DS_COUNT_RANGE_OK
	0000a51a ASM_EMIT_DS_COUNT_ROOM_OK
	0000a525 ASM_EMIT_DS_BAD_WIDTH_NEAR
	0000a528 ASM_EMIT_DS_BAD_RANGE_NEAR
	0000a52b ASM_EMIT_DS_PARSE_INIT
	0000a549 ASM_EMIT_DS_HAVE_INIT
	0000a55b ASM_EMIT_DS_INIT_ITEM
	0000a56a ASM_EMIT_DS_INIT_ATOM_OK
	0000a570 ASM_EMIT_DS_INIT_VALUE_OK
	0000a576 ASM_EMIT_DS_AFTER_INIT_OK
	0000a57a ASM_EMIT_DS_INIT_DONE
	0000a57c ASM_EMIT_DS_INIT_VALUE
	0000a582 ASM_EMIT_DS_INIT_MODE_OK
	0000a58f ASM_EMIT_DS_INIT_BYTE_OK
	0000a595 ASM_EMIT_DS_INIT_VALUE_DONE
	0000a597 ASM_EMIT_DS_FILL_LOOP
	0000a5a1 ASM_EMIT_DS_FILL_NEXT
	0000a5aa ASM_EMIT_DS_FILL_BYTE_OK
	0000a5b1 ASM_EMIT_DS_LIST_FILL_LOOP
	0000a5c3 ASM_EMIT_DS_LIST_FILL_NEXT
	0000a5cd ASM_EMIT_DS_LIST_FILL_BYTE_OK
	0000a5d7 ASM_EMIT_DS_LIST_MORE
	0000a5dd ASM_EMIT_DS_LIST_COPY_LO_OK
	0000a5f7 ASM_EMIT_DS_MAYBE_WARN_WRAP
	0000a60a ASM_EMIT_DS_MAYBE_WARN_DONE
	0000a60b ASM_EMIT_DS_OK
	0000a611 ASM_EMIT_DS_BAD_OPER
	0000a615 ASM_EMIT_DS_BAD_WIDTH
	0000a619 ASM_EMIT_DS_BAD_RANGE
	0000a61b ASM_EMIT_DS_FAIL_A
	0000a622 ASM_PARSE_EXPR_FAIL_NEAR
	0000a63e ASM_PARSE_EXPR_HAVE_TOKEN
	0000a643 ASM_PARSE_EXPR_LOOP
	0000a659 ASM_PARSE_EXPR_FIND_OP
	0000a666 ASM_PARSE_EXPR_OPERATOR
	0000a67a ASM_PARSE_EXPR_SHIFT_OP
	0000a683 ASM_PARSE_EXPR_SHIFT_OP_OK
	0000a686 ASM_PARSE_EXPR_OPERATOR_ADVANCED
	0000a68b ASM_PARSE_EXPR_HAVE_RHS
	0000a690 ASM_PARSE_EXPR_APPLY
	0000a697 ASM_PARSE_EXPR_DONE
	0000a6a1 ASM_PARSE_EXPR_ATOM
	0000a6b2 ASM_PARSE_EXPR_NOT_WORD
	0000a6b9 ASM_PARSE_EXPR_NOT_PUNCT
	0000a6bd ASM_PARSE_EXPR_NUMBER
	0000a6d3 ASM_PARSE_EXPR_DEC
	0000a6e1 ASM_PARSE_EXPR_HEX
	0000a6ee ASM_PARSE_EXPR_HEX_NOT_THREE
	0000a6f4 ASM_PARSE_EXPR_HEX_ABS
	0000a6f6 ASM_PARSE_EXPR_HEX_WIDTH
	0000a6fe ASM_PARSE_EXPR_BIN
	0000a70c ASM_PARSE_EXPR_BIN_BYTE
	0000a70e ASM_PARSE_EXPR_BIN_WIDTH
	0000a713 ASM_PARSE_EXPR_MASK
	0000a721 ASM_PARSE_EXPR_MASK8
	0000a723 ASM_PARSE_EXPR_MASK_WIDTH
	0000a728 ASM_PARSE_EXPR_CHAR
	0000a736 ASM_PARSE_EXPR_WORD
	0000a74c ASM_PARSE_EXPR_WORD_LOCAL_ACTIVE
	0000a755 ASM_PARSE_EXPR_WORD_LOCAL_LEN_OK
	0000a759 ASM_PARSE_EXPR_WORD_GLOBAL
	0000a762 ASM_PARSE_EXPR_WORD_MARK
	0000a764 ASM_PARSE_EXPR_WORD_LOOK
	0000a770 ASM_PARSE_EXPR_WORD_STATUS
	0000a772 ASM_PARSE_EXPR_WORD_FOUND
	0000a77f ASM_PARSE_EXPR_WORD_RELOC
	0000a783 ASM_PARSE_EXPR_WORD_FOUND_DONE
	0000a785 ASM_PARSE_EXPR_PUNCT
	0000a78e ASM_PARSE_EXPR_PC
	0000a7a1 ASM_PARSE_EXPR_ATOM_DONE
	0000a7a3 ASM_PARSE_EXPR_SAVE_LEFT
	0000a7c8 ASM_PARSE_EXPR_APPLY_OP
	0000a7da ASM_PARSE_EXPR_NOT_AND
	0000a7e1 ASM_PARSE_EXPR_NOT_OR
	0000a7e8 ASM_PARSE_EXPR_NOT_XOR
	0000a7ef ASM_PARSE_EXPR_NOT_SHL
	0000a7f2 ASM_PARSE_EXPR_APPLY_ADD
	0000a7f8 ASM_PARSE_EXPR_ADD_PAIR_OK
	0000a807 ASM_PARSE_EXPR_ADD_LEFT_ADDR
	0000a811 ASM_PARSE_EXPR_ADD_LEFT_VALUE
	0000a81f ASM_PARSE_EXPR_ADD_ADDR_VALUE
	0000a82c ASM_PARSE_EXPR_ADD_ADDR_RANGE
	0000a830 ASM_PARSE_EXPR_ADD_VALUE_ADDR
	0000a838 ASM_PARSE_EXPR_ADD_VALUE_ADDR_RANGE
	0000a83c ASM_PARSE_EXPR_ADD_VALUE_VALUE
	0000a842 ASM_PARSE_EXPR_APPLY_SUB
	0000a848 ASM_PARSE_EXPR_SUB_PAIR_OK
	0000a857 ASM_PARSE_EXPR_SUB_LEFT_ADDR
	0000a865 ASM_PARSE_EXPR_SUB_LEFT_VALUE
	0000a86e ASM_PARSE_EXPR_SUB_LEFT_VALUE_NOT_ADDR
	0000a876 ASM_PARSE_EXPR_SUB_ADDR_ADDR
	0000a87e ASM_PARSE_EXPR_SUB_ADDR_ADDR_RANGE
	0000a882 ASM_PARSE_EXPR_SUB_ADDR_VALUE
	0000a88f ASM_PARSE_EXPR_SUB_ADDR_VALUE_RANGE
	0000a893 ASM_PARSE_EXPR_SUB_VALUE_VALUE
	0000a899 ASM_PARSE_EXPR_APPLY_RETURN
	0000a89a ASM_PARSE_EXPR_APPLY_AND
	0000a89a ASM_PARSE_EXPR_APPLY_OR
	0000a89a ASM_PARSE_EXPR_APPLY_XOR
	0000a8a3 ASM_PARSE_EXPR_LOGICAL_RELOC_OK
	0000a8a9 ASM_PARSE_EXPR_LOGICAL_WIDTH_OK2
	0000a8ab ASM_PARSE_EXPR_LOGICAL_LOOP
	0000a8c4 ASM_PARSE_EXPR_LOGICAL_OR
	0000a8d4 ASM_PARSE_EXPR_LOGICAL_AND
	0000a8fa ASM_PARSE_EXPR_LOGICAL_STORE_CARE
	0000a8ff ASM_PARSE_EXPR_SET_LOGICAL_RESULT
	0000a909 ASM_PARSE_EXPR_LOGICAL_KEEP_WORD
	0000a920 ASM_PARSE_EXPR_SET_LOGICAL_MASK
	0000a92d ASM_PARSE_EXPR_APPLY_SHL
	0000a931 ASM_PARSE_EXPR_APPLY_SHR
	0000a933 ASM_PARSE_EXPR_APPLY_SHIFT
	0000a93e ASM_PARSE_EXPR_SHIFT_RELOC_OK
	0000a944 ASM_PARSE_EXPR_SHIFT_PAIR_OK
	0000a961 ASM_PARSE_EXPR_SHIFT_LEFT_LOOP
	0000a96a ASM_PARSE_EXPR_SHIFT_RIGHT_LOOP
	0000a971 ASM_PARSE_EXPR_SHIFT_DONE
	0000a974 ASM_PARSE_EXPR_SHIFT_RANGE
	0000a978 ASM_PARSE_EXPR_ADD_SAVED
	0000a98f ASM_PARSE_EXPR_SUB_SAVED
	0000a9a6 ASM_PARSE_EXPR_SET_VALUE_RESULT
	0000a9b3 ASM_PARSE_EXPR_SET_ADDR_RESULT
	0000a9bd ASM_PARSE_EXPR_SET_ADDR_OK
	0000a9c2 ASM_PARSE_EXPR_CHECK_ADDR_RESULT
	0000a9d0 ASM_PARSE_EXPR_CHECK_ADDR_ZP
	0000a9d8 ASM_PARSE_EXPR_CHECK_ADDR_OK
	0000a9da ASM_PARSE_EXPR_CHECK_LEFT_CONCRETE
	0000a9f1 ASM_PARSE_EXPR_CHECK_RIGHT_CONCRETE
	0000aa05 ASM_PARSE_EXPR_BAD_SYM
	0000aa09 ASM_PARSE_EXPR_BAD_WIDTH
	0000aa0d ASM_PARSE_EXPR_BAD_OPER
	0000aa0f ASM_PARSE_EXPR_FAIL_A
	0000aa1a ASM_PARSE_EXPR_SET_FULL_CARE
	0000aa38 ASM_PARSE_EXPR_REQUIRE_END_OK
	0000aa3a ASM_SET_PC_FROM_VALUE
	0000aa4a ASM_SET_PC_NOT_INITIAL
	0000aa4c ASM_SET_PC_HAVE_INITIAL
	0000aa5e ASM_SET_PC_APPLY
	0000aa6d ASM_SET_PC_TARGET_OK
	0000aa7f ASM_SET_PC_TARGET_SAFE
	0000aa8f ASM_SET_PC_MARK_HOLE
	0000aa92 ASM_SET_PC_NO_HOLE
	0000aaa3 ASM_SET_PC_APPLY_INITIAL
	0000aab3 ASM_SET_PC_MARK_ORG
	0000aac1 ASM_SET_PC_BACKWARD
	0000aaca ASM_SET_PC_IS_PRISTINE
	0000aaea ASM_SET_PC_NOT_PRISTINE
	0000ab09 ASM_CLASS_HAVE_TOKEN
	0000ab1d ASM_CLASS_NOT_IMMEDIATE
	0000ab2b ASM_CLASS_HAVE_ATOM
	0000ab38 ASM_CLASS_NOT_BIT_ZP
	0000ab3b ASM_CLASS_HAVE_BRANCH
	0000ab3e ASM_CLASS_NONE
	0000ab4d ASM_CLASS_IMMEDIATE
	0000ab59 ASM_CLASS_IMM_ATOM_OK
	0000ab61 ASM_CLASS_IMM_END_OK
	0000ab6a ASM_CLASS_IMM_NOT_REG
	0000ab71 ASM_CLASS_IMM_NOT_MASK
	0000ab7e ASM_CLASS_IMM_WIDTH_OK
	0000ab87 ASM_CLASS_INDIRECT
	0000ab93 ASM_CLASS_INDIRECT_ATOM_OK
	0000ab9c ASM_CLASS_INDIRECT_NOT_REG
	0000aba3 ASM_CLASS_INDIRECT_ADDR_OK
	0000abab ASM_CLASS_INDIRECT_HAVE_SUFFIX
	0000abb4 ASM_CLASS_INDIRECT_SUFFIX_PUNCT
	0000abc1 ASM_CLASS_INDIRECT_INNER_COMMA
	0000abc9 ASM_CLASS_INDIRECT_INNER_REG_OK
	0000abd2 ASM_CLASS_INDIRECT_INNER_X
	0000abda ASM_CLASS_INDIRECT_INNER_HAVE_CLOSE
	0000abe6 ASM_CLASS_INDIRECT_BAD_OPER_JMP
	0000abe9 ASM_CLASS_INDIRECT_INNER_CLOSE_OK
	0000abf1 ASM_CLASS_INDIRECT_X_WIDTH
	0000abfa ASM_CLASS_INDIRECT_X_NOT_ZP
	0000ac01 ASM_CLASS_INDIRECT_X_BAD_WIDTH
	0000ac04 ASM_CLASS_INDIRECT_CLOSE
	0000ac0c ASM_CLASS_INDIRECT_AFTER_CLOSE
	0000ac19 ASM_CLASS_INDIRECT_OUTER_PUNCT
	0000ac22 ASM_CLASS_INDIRECT_OUTER_COMMA
	0000ac2a ASM_CLASS_INDIRECT_OUTER_REG_OK
	0000ac33 ASM_CLASS_INDIRECT_OUTER_Y
	0000ac3b ASM_CLASS_INDIRECT_Y_WIDTH
	0000ac44 ASM_CLASS_INDIRECT_NO_INDEX
	0000ac51 ASM_CLASS_INDIRECT_PARSE_REG
	0000ac57 ASM_CLASS_INDIRECT_PARSE_REG_TOKEN
	0000ac62 ASM_CLASS_INDIRECT_PARSE_REG_WORD
	0000ac6c ASM_CLASS_INDIRECT_PARSE_REG_LOOKUP
	0000ac75 ASM_CLASS_INDIRECT_PARSE_REG_OK
	0000ac7b ASM_CLASS_INDIRECT_ZP
	0000ac84 ASM_CLASS_INDIRECT_ZP_X
	0000ac8d ASM_CLASS_INDIRECT_ZP_Y
	0000ac96 ASM_CLASS_INDIRECT_ABS
	0000ac9f ASM_CLASS_INDIRECT_ABS_X
	0000aca8 ASM_CLASS_BRANCH
	0000acb0 ASM_CLASS_BRANCH_END_OK
	0000acb9 ASM_CLASS_BRANCH_NOT_REG
	0000acc2 ASM_CLASS_BIT_ZP
	0000accb ASM_CLASS_BIT_ZP_RESOLVED
	0000acdd ASM_CLASS_BIT_ZP_BAD_WIDTH
	0000ace0 ASM_CLASS_BIT_ZP_BAD_MODE
	0000ace3 ASM_CLASS_BIT_ZP_KIND_OK
	0000acea ASM_CLASS_BIT_ZP_HI_OK
	0000acf3 ASM_CLASS_BIT_ZP_RANGE_OK
	0000acfd ASM_CLASS_BIT_ZP_HAVE_COMMA
	0000ad09 ASM_CLASS_BIT_ZP_BAD_OPER
	0000ad0c ASM_CLASS_BIT_ZP_COMMA_OK
	0000ad18 ASM_CLASS_BIT_ZP_ADDR_OK
	0000ad25 ASM_CLASS_BIT_ZP_ADDR_KIND_OK
	0000ad2e ASM_CLASS_BIT_ZP_ADDR_WIDTH_OK
	0000ad36 ASM_CLASS_BIT_ZP_REQUIRE_END
	0000ad3e ASM_CLASS_BIT_ZP_END_OK
	0000ad47 ASM_CLASS_BIT_ZP_REL
	0000ad50 ASM_CLASS_BIT_ZP_REL_ZP_RESOLVED
	0000ad58 ASM_CLASS_BIT_ZP_REL_HAVE_COMMA
	0000ad64 ASM_CLASS_BIT_ZP_REL_BAD_OPER
	0000ad67 ASM_CLASS_BIT_ZP_REL_COMMA_OK
	0000ad7b ASM_CLASS_BIT_ZP_REL_TARGET_OK
	0000ad8e ASM_CLASS_BIT_ZP_REL_END_OK
	0000ad9c ASM_CLASS_BIT_ZP_REL_BAD_MODE_POP
	0000ada0 ASM_CLASS_BIT_ZP_REL_BAD_WIDTH_POP
	0000ada4 ASM_CLASS_DIRECT
	0000adac ASM_CLASS_DIRECT_HAVE_SUFFIX
	0000adb9 ASM_CLASS_REG_OPERAND
	0000adc2 ASM_CLASS_REG_IS_A
	0000adca ASM_CLASS_REG_ACC_ALLOWED
	0000add1 ASM_CLASS_REG_NO_INDEX
	0000adde ASM_CLASS_ADDR_OPERAND
	0000aded ASM_CLASS_ADDR_INDEX_X
	0000adfa ASM_CLASS_ADDR_ABS_X
	0000ae03 ASM_CLASS_ADDR_ZP_X
	0000ae0c ASM_CLASS_ADDR_INDEX_Y
	0000ae19 ASM_CLASS_ADDR_ABS_Y
	0000ae22 ASM_CLASS_ADDR_ZP_Y
	0000ae2b ASM_CLASS_ADDR_NO_INDEX
	0000ae38 ASM_CLASS_ADDR_ABS
	0000ae41 ASM_CLASS_ADDR_ZP
	0000ae4a ASM_CLASS_PARSE_OPTIONAL_INDEX
	0000ae5e ASM_CLASS_PARSE_SUFFIX_PUNCT
	0000ae67 ASM_CLASS_PARSE_SUFFIX_COMMA
	0000ae75 ASM_CLASS_PARSE_SUFFIX_WORD
	0000ae7d ASM_CLASS_PARSE_SUFFIX_LOOKUP
	0000ae84 ASM_CLASS_PARSE_SUFFIX_REG
	0000ae90 ASM_CLASS_PARSE_SUFFIX_OK
	0000ae92 ASM_CLASS_PARSE_SUFFIX_FAIL
	0000ae93 ASM_CLASS_LOAD_EXPR
	0000ae9d ASM_CLASS_LOAD_EXPR_OK
	0000aeb5 ASM_CLASS_LOAD_EXPR_RETURN
	0000aeb6 ASM_CLASS_LOAD_ATOM
	0000aec1 ASM_CLASS_LOAD_NOT_WORD
	0000aec8 ASM_CLASS_LOAD_NOT_PUNCT
	0000aecc ASM_CLASS_LOAD_WORD
	0000aee3 ASM_CLASS_LOAD_SYMBOL
	0000af05 ASM_CLASS_LOAD_LOCAL_MARK
	0000af09 ASM_CLASS_LOAD_GLOBAL_SYMBOL
	0000af12 ASM_CLASS_LOAD_GLOBAL_MARK
	0000af14 ASM_CLASS_LOAD_SYMBOL_LOOK
	0000af1f ASM_CLASS_LOAD_SYMBOL_MISS
	0000af28 ASM_CLASS_LOAD_SYMBOL_MISS_GLOBAL
	0000af38 ASM_CLASS_LOAD_SYMBOL_NOT_IMPORT
	0000af40 ASM_CLASS_LOAD_SYMBOL_RESIDENT
	0000af42 ASM_CLASS_LOAD_SYMBOL_FOUND
	0000af63 ASM_CLASS_LOAD_SYMBOL_WIDTH_OK
	0000af67 ASM_CLASS_LOAD_SYMBOL_BAD_SYM
	0000af6b ASM_CLASS_LOAD_SYMBOL_KEEP_WIDTH
	0000af71 ASM_CLASS_MARK_RELOC_IF_LABEL
	0000af7e ASM_CLASS_MARK_RELOC_YES
	0000af8e ASM_CLASS_MARK_RELOC_DONE
	0000af8f ASM_CLASS_LOAD_RESIDENT_EXEC
	0000af9a ASM_CLASS_LOAD_RESIDENT_CALL
	0000afb3 ASM_CLASS_LOAD_RESIDENT_NO
	0000afb5 ASM_CLASS_LOAD_UNRESOLVED
	0000afcc ASM_CAPTURE_FIX_PLAN_CURRENT
	0000affd ASM_CAPTURE_FIX_PLAN_GLOBAL
	0000affe ASM_LOAD_FIX_PLAN_CURRENT
	0000b022 ASM_CLASS_LOAD_PUNCT
	0000b030 ASM_CLASS_LOAD_SEL_LO
	0000b034 ASM_CLASS_LOAD_SEL_HI
	0000b036 ASM_CLASS_LOAD_SEL_A
	0000b062 ASM_CLASS_LOAD_SEL_BAD_OPER
	0000b066 ASM_CLASS_LOAD_SEL_WORD
	0000b06b ASM_CLASS_LOAD_SEL_FAIL
	0000b06c ASM_CLASS_LOAD_SEL_SYMBOL_OK
	0000b097 ASM_CLASS_LOAD_SEL_RESOLVED_HI
	0000b09d ASM_CLASS_LOAD_SEL_RESOLVED
	0000b0a7 ASM_CLASS_LOAD_SEL_UNRESOLVED
	0000b0ad ASM_IS_BRANCH_OP
	0000b0d6 ASM_IS_BRANCH_YES
	0000b0d8 ASM_IS_BIT_ZP_OP
	0000b0ed ASM_IS_BIT_ZP_YES
	0000b0ef ASM_IS_BIT_ZP_REL_OP
	0000b0fc ASM_IS_BIT_ZP_REL_YES
	0000b0fe ASM_CLASS_ACC_ALLOWED
	0000b11b ASM_CLASS_ACC_YES
	0000b11d ASM_CLASS_BAD_OPER
	0000b121 ASM_CLASS_BAD_MODE
	0000b125 ASM_CLASS_BAD_WIDTH
	0000b129 ASM_CLASS_BAD_RANGE
	0000b12b ASM_CLASS_FAIL_A
	0000b136 ASM_CLASS_OK_A
	0000b14e ASM_CLEAR_STMT
	0000b150 ASM_CLEAR_STMT_LOOP
	0000b160 ASM_LOOKUP_SYMBOL_NOT_LOCAL
	0000b169 ASM_LOOKUP_SYMBOL_HAVE_SESSION
	0000b16b ASM_LOOKUP_SYMBOL_LOOP
	0000b173 ASM_LOOKUP_SYMBOL_HAVE_SLOT
	0000b1b5 ASM_LOOKUP_SYMBOL_MARK_REF_OK
	0000b1c8 ASM_LOOKUP_SYMBOL_MARK_INC
	0000b1d3 ASM_LOOKUP_SYMBOL_LOAD
	0000b1f9 ASM_LOOKUP_SYMBOL_NEXT
	0000b1fd ASM_LOOKUP_SYMBOL_NONE
	0000b209 ASM_LOOKUP_LOCAL_SYMBOL
	0000b210 ASM_LOOKUP_LOCAL_LOOP
	0000b25f ASM_LOOKUP_LOCAL_NEXT
	0000b262 ASM_LOOKUP_LOCAL_NONE
	0000b276 ASM_BIND_LABEL_NAME_OK
	0000b280 ASM_BIND_GLOBAL_LABEL
	0000b288 ASM_BIND_GLOBAL_SCOPE_OK
	0000b2f7 ASM_BIND_LABEL_RESOLVED_OK
	0000b301 ASM_BIND_LABEL_BAD
	0000b303 ASM_BIND_LABEL_FAIL_A
	0000b30a ASM_BIND_LOCAL_LABEL
	0000b34d ASM_BIND_LOCAL_RESOLVED_OK
	0000b357 ASM_BIND_LOCAL_BAD_SYM
	0000b35b ASM_CLOSE_LOCAL_SCOPE
	0000b364 ASM_CLOSE_LOCAL_SCOPE_OK
	0000b378 ASM_DEFINE_EQU_NAME_OK
	0000b382 ASM_DEFINE_EQU_NOT_LOCAL
	0000b394 ASM_DEFINE_EQU_KIND_OK
	0000b3fb ASM_DEFINE_EQU_RESOLVED_OK
	0000b406 ASM_DEFINE_EQU_BAD_SYM
	0000b408 ASM_DEFINE_EQU_FAIL_A
	0000b40f ASM_LOAD_NAME_FROM_STMT
	0000b441 ASM_LOAD_NAME_BAD
	0000b443 ASM_STORE_SYMBOL_NAME_X
	0000b45b ASM_STORE_SYMBOL_NAME_CHECK_LO
	0000b462 ASM_STORE_SYMBOL_NAME_ROOM
	0000b496 ASM_STORE_SYMBOL_NAME_LOOP
	0000b4a6 ASM_STORE_SYMBOL_NAME_DONE
	0000b4a8 ASM_PARSE_EXPR_CHECK_CONCRETE_PAIR
	0000b4b0 ASM_PARSE_EXPR_CHECK_PAIR_RETURN
	0000b4b1 ASM_PARSE_EXPR_CHECK_LOGICAL_WIDTH
	0000b4c9 ASM_PARSE_EXPR_LOGICAL_WIDTH_OK
	0000b4cb ASM_PARSE_EXPR_WIDTH_CLASS
	0000b4ea ASM_PARSE_EXPR_WIDTH_WORD
	0000b4ee ASM_PARSE_EXPR_WIDTH_BYTE
	0000b4f2 ASM_PARSE_EXPR_WIDTH_NONE
	0000b4f6 ASM_STORE_SYMBOL_NAME_FULL
	0000b4f8 ASM_SYM_TEXT_MATCH_X
	0000b4fd ASM_SYM_TEXT_MATCH_LOOP
	0000b50f ASM_SYM_TEXT_MATCH_YES
	0000b511 ASM_SYM_TEXT_MATCH_NO
	0000b513 ASM_STORE_LOCAL_NAME_X
	0000b531 ASM_STORE_LOCAL_NAME_LOOP
	0000b541 ASM_STORE_LOCAL_NAME_TERM
	0000b546 ASM_LOCAL_TEXT_MATCH_X
	0000b54b ASM_LOCAL_TEXT_MATCH_LOOP
	0000b55d ASM_LOCAL_TEXT_MATCH_YES
	0000b55f ASM_LOCAL_TEXT_MATCH_NO
	0000b561 ASM_SET_LOCAL_NAME_PTR_X
	0000b572 ASM_SET_SYM_NAME_PTR_X
	0000b582 ASM_CLEAR_TOKEN
	0000b59f ASM_ZERO_VALUE
	0000b5aa ASM_SKIP_SPACES
	0000b5b7 ASM_SKIP_ONE
	0000b5bc ASM_ADV_PARSE
	0000b5c2 ASM_ADV_PARSE_DONE
	0000b5c3 ASM_IS_TOKEN_DELIM
	0000b5df ASM_IS_TOKEN_DELIM_YES
	0000b5e1 ASM_IS_PUNCT
	0000b61f ASM_IS_PUNCT_YES
	0000b621 ASM_IS_WORD_HEAD
	0000b629 ASM_IS_WORD_BODY
	0000b631 ASM_IS_WORD_BODY_DONE
	0000b632 ASM_IS_ALPHA
	0000b63a ASM_IS_ALPHA_LOWER
	0000b642 ASM_IS_WORD_YES
	0000b644 ASM_IS_WORD_NO
	0000b646 ASM_IS_DIGIT
	0000b650 ASM_IS_DIGIT_NO
	0000b652 ASM_HEX_TO_NIBBLE
	0000b655 ASM_FOLD_UPPER_A
	0000b658 ASM_VALUE_SHL4
	0000b669 ASM_BIN_SHIFT
	0000b672 ASM_VALUE_MUL10_ADD_TMP0
	0000b6a5 ASM_FNV1A_INIT
	0000b6a8 ASM_FNV1A_UPDATE_A_FAST
	0000b6ab ASM_EXPORT_BUILD_RECORD
	0000b6bb ASM_EXPORT_BUILD_LOOP
	0000b6d3 ASM_EXPORT_BUILD_DONE
	0000b6d4 ASM_EXPORT_REC_ADD_A
	0000b6e4 ASM_AP_PACKED_NAME_BYTES_A
	0000b6e8 ASM_AP_PACKED_NAME_BYTES_LOOP
	0000b6fb ASM_AP_PACKED_NAME_BYTES_LAST
	0000b6ff ASM_AP_PACKED_NAME_BYTES_DONE
	0000b702 ASM_EXPORT_PACK_NAME_X
	0000b711 ASM_EXPORT_PACK_NAME_LOOP
	0000b749 ASM_EXPORT_PACK_NAME_DONE
	0000b74a ASM_IMPORT_BUILD_RECORD
	0000b75a ASM_IMPORT_BUILD_LOOP
	0000b76e ASM_IMPORT_BUILD_DONE
	0000b76f ASM_IMPORT_REC_ADD_A
	0000b77f ASM_PACK40_READ_CODE
	0000b78a ASM_PACK40_READ_HAVE_CHAR
	0000b794 ASM_PACK40_ASCII_TO_CODE
	0000b797 ASM_PACK40_PACK3
	0000b79a ASM_SEAL_CAPTURE_END_FACTS
	0000b7ce ASM_SEAL_NOTE_HOLE
	0000b7d7 ASM_SEAL_NOTE_UNOWNED
	0000b7e0 ASM_SEAL_NOTE_RELOC_TRUNC
	0000b7e9 ASM_SEAL_NOTE_RELOC_BAD
	0000b7fd ASM_SEAL_VALIDATE_HAVE_END
	0000b808 ASM_SEAL_VALIDATE_OK
	0000b80c ASM_FNV_SCAN_SEAL_LEN
	0000b81f ASM_FNV_SCAN_LOOP
	0000b82c ASM_FNV_SCAN_COUNT
	0000b836 ASM_FNV_SCAN_MORE
	0000b83c ASM_FNV_SCAN_DONE
	0000b843 ASM_SEAL_COMPUTE_FNV_OK
	0000b86e ASM_SEAL_CLEAR
	0000b870 ASM_SEAL_CLEAR_LOOP
	0000b889 ASM_CLEAR_SESSION
	0000b89a ASM_CLEAR_SESSION_COUNTS
	0000b8ae ASM_CLEAR_SESSION_FIX_PLAN
	0000b8bf ASM_CLEAR_SESSION_PUBLIC
	0000b8c7 ASM_CLEAR_SESSION_PACKAGE
	0000b8ce _END_CODE

Section DATA:
	0000b8ce _BEG_DATA
	0000b8ce MSG_TITLE
	0000b8e2 MSG_PROMPT
	0000b8e7 MSG_PROMPT_TAIL
	0000b8e9 MSG_SEAL_PROMPT
	0000b8ef MSG_FAIL
	0000b8f4 MSG_PC
	0000b8f9 MSG_SEAL_ERR
	0000b8fd MSG_SEAL_OK
	0000b904 MSG_RELOCATE_ERR
	0000b907 MSG_RELOCATE_OK
	0000b914 MSG_RELOCATE_COUNT
	0000b918 MSG_PACKAGE_ERR
	0000b91b MSG_PACKAGE_OK
	0000b925 MSG_PACKAGE_LEN
	0000b929 MSG_LOAD_ERR
	0000b92d MSG_LOAD_OK
	0000b936 MSG_INSTALL_ERR
	0000b93a MSG_ERR
	0000b93d MSG_INSTALL_OK
	0000b945 MSG_FLAGS
	0000b94d MSG_DONE
	0000b950 MSG_STATUS_OK
	0000b953 MSG_STATUS_BAD_MNEM
	0000b95e MSG_STATUS_BAD_DIR
	0000b968 MSG_STATUS_BAD_OPER
	0000b970 MSG_STATUS_BAD_MODE
	0000b97a MSG_STATUS_BAD_WIDTH
	0000b97f MSG_STATUS_BAD_RANGE
	0000b985 MSG_STATUS_BAD_LINE
	0000b98a MSG_STATUS_BAD_SYM
	0000b98f MSG_STATUS_BAD_FIX
	0000b995 MSG_STATUS_LOCAL_NYI
	0000b99b MSG_STATUS_RJOIN
	0000b9a3 MSG_READ
	0000b9a7 MSG_STATUS_UNKNOWN
	0000b9ac MSG_STATUS_NO_END
	0000b9b3 MSG_STATUS_INVALID
	0000b9bb MSG_BYE
	0000b9c2 ASMF_CMD_RELOCATE
	0000b9cb ASMF_STATUS_NAME_LO
	0000b9da ASMF_AP_STATUS_INDEX
	0000b9e6 ASMF_TEXT
	0000b9ec ASMF_CMD_INSTALL
	0000b9f4 ASMF_CMD_NEW
	0000b9f8 ASMF_CMD_END
	0000b9fc ASMF_CMD_DOTP
	0000b9ff ASMF_CMD_SEAL
	0000ba04 ASMF_CMD_PACKAGE
	0000ba0c ASMF_CMD_LOAD
	0000ba11 ASM_OPM_PATCH_BYTES
	0000ba22 ASM_EXPR_OPS
	0000ba29 ASM_HASH_SYS_READ_CSTRING_ECHO_UPPER
	0000ba2d ASM_VOC_HASH0
	0000ba80 ASM_VOC_HASH1
	0000bad3 ASM_VOC_HASH2
	0000bb26 ASM_VOC_HASH3
	0000bb79 ASM_VOC_DIR_IDS
	0000bb83 _END_DATA

Section UDATA:
	00005000 _BEG_UDATA
	00005000 ASMF_RESULT
	00005001 ASMF_PC_LO
	00005002 ASMF_PC_HI
	00005003 ASMF_POST_RESERVED
	00005004 ASMF_RELOCATE_LO
	00005005 ASMF_RELOCATE_HI
	00005006 ASMF_ARG0_LO
	00005007 ASMF_ARG0_HI
	00005008 ASMF_ARG1_LO
	00005009 ASMF_ARG1_HI
	0000500a ASMF_SPLIT_OFF
	0000500b ASMF_SPLIT_CHAR
	0000500c ASMF_LINE_BUF
	00005115 ASM_SEAL_REC
	00005120 ASM_SEAL_REC_END
	00005115 ASM_SEAL_FLAGS
	00005116 ASM_SEAL_BASE_LO
	00005117 ASM_SEAL_BASE_HI
	00005118 ASM_SEAL_END_LO
	00005119 ASM_SEAL_END_HI
	0000511a ASM_SEAL_LEN_LO
	0000511b ASM_SEAL_LEN_HI
	0000511c ASM_SEAL_FNV0
	0000511d ASM_SEAL_FNV1
	0000511e ASM_SEAL_FNV2
	0000511f ASM_SEAL_FNV3
	00005120 ASM_RELOC_REC
	00005261 ASM_RELOC_REC_END
	00005120 ASM_RELOC_COUNT
	00005121 ASM_RELOC_KIND
	00005161 ASM_RELOC_SITE_LO
	000051a1 ASM_RELOC_SITE_HI
	000051e1 ASM_RELOC_TARGET_LO
	00005221 ASM_RELOC_TARGET_HI
	00005261 ASM_EXPORT_REC
	00005264 ASM_EXPORT_REC_END
	00005261 ASM_EXPORT_REC_COUNT
	00005262 ASM_EXPORT_REC_LEN
	00005263 ASM_EXPORT_REC_LEN_HI
	00005264 ASM_IMPORT_REC
	00005267 ASM_IMPORT_REC_END
	00005264 ASM_IMPORT_REC_COUNT
	00005265 ASM_IMPORT_REC_LEN
	00005266 ASM_IMPORT_REC_LEN_HI
	00005403 ASM_IMPORT_RESOLVE_COUNT
	00005404 ASM_RELOCATE_BASE_LO
	00005405 ASM_RELOCATE_BASE_HI
	00005406 ASM_RELOCATE_COUNT
	00005407 ASM_PACKAGE_BASE_LO
	00005408 ASM_PACKAGE_BASE_HI
	00005409 ASM_PACKAGE_LEN_LO
	0000540a ASM_PACKAGE_LEN_HI
	0000540f ASM_PACKAGE_BODY_LEN_LO
	00005410 ASM_PACKAGE_BODY_LEN_HI
	00005411 ASM_INSTALL_BASE_LO
	00005412 ASM_INSTALL_BASE_HI
	00005450 ASM_DB_COUNTING
	0000510c ASM_SESSION_STATE
	0000510d ASM_LAST_STATUS
	0000510e ASM_START_STEP
	0000510f ASM_LINE_COUNT_LO
	00005110 ASM_LINE_COUNT_HI
	00005111 ASM_START_PC_LO
	00005112 ASM_START_PC_HI
	00005113 ASM_HIGH_PC_LO
	00005114 ASM_HIGH_PC_HI
	00005267 ASM_LINE_PC_LO
	00005268 ASM_LINE_PC_HI
	00005269 ASM_LINE_HIGH_PC_LO
	0000526a ASM_LINE_HIGH_PC_HI
	0000526b ASM_LINE_SYM_COUNT
	0000526c ASM_LINE_SYM_NAME_USED_LO
	0000526d ASM_LINE_SYM_NAME_USED_HI
	0000526e ASM_LINE_FIX_COUNT
	0000526f ASM_LINE_LOCAL_COUNT
	00005270 ASM_LINE_LOCAL_SCOPE_ACTIVE
	00005271 ASM_LINE_REF_COUNT
	00005272 ASM_LINE_FIX_RESOLVE_COUNT
	00005273 ASM_LINE_FIX_LAST_SITE_LO
	00005274 ASM_LINE_FIX_LAST_SITE_HI
	00005275 ASM_LINE_REPORT_FLAGS
	00005276 ASM_LINE_SEAL_FLAGS
	00005277 ASM_LINE_RELOC_COUNT
	00005278 ASM_LINE_EXPORT_COUNT
	00005279 ASM_LINE_IMPORT_COUNT
	0000527a ASM_LINE_FIX_STATE
	000052fa ASM_LINE_FIX_BYTE0
	0000537a ASM_LINE_FIX_BYTE1
	000053fa ASM_SYM_COUNT
	000053fb ASM_SYM_NAME_USED_LO
	000053fc ASM_SYM_NAME_USED_HI
	000053fd ASM_FIX_COUNT
	000053fe ASM_FIX_RESOLVE_COUNT
	000053ff ASM_FIX_LAST_SITE_LO
	00005400 ASM_FIX_LAST_SITE_HI
	00005401 ASM_EXPORT_COUNT
	00005402 ASM_IMPORT_COUNT
	0000540b ASM_PACKAGE_REL_LEN
	0000540c ASM_PACKAGE_REL_LEN_HI
	0000540d ASM_PACKAGE_BODY_LO
	0000540e ASM_PACKAGE_BODY_HI
	00005413 ASM_PACKAGE_ROW_PTR_LO
	00005414 ASM_PACKAGE_ROW_PTR_HI
	00005415 ASM_PACKAGE_ROW_LEFT_LO
	00005416 ASM_PACKAGE_ROW_LEFT_HI
	00005417 ASM_PACKAGE_ROW_COUNT
	00005418 ASM_PACKAGE_ROW_INDEX
	00005419 ASM_PACKAGE_ROW_PREFIX
	0000541a ASM_PACKAGE_ROW_ALLOWED
	0000541b ASM_PACKAGE_ROW_ENTRIES
	0000541c ASM_PACKAGE_ROW_SIZE
	0000541d ASM_PACKAGE_ROW_NAME_LEFT
	0000541e ASM_REF_COUNT
	0000541f ASM_REPORT_FLAGS
	00005420 ASM_RJ_READY
	00005421 ASM_RJ_PROGRESS
	00005422 ASM_RJ_JOINER_LO
	00005423 ASM_RJ_JOINER_HI
	00005424 ASM_RJ_WRITE_LO
	00005425 ASM_RJ_WRITE_HI
	00005426 ASM_RJ_CSTR_LO
	00005427 ASM_RJ_CSTR_HI
	00005428 ASM_RJ_HEX_BYTE_LO
	00005429 ASM_RJ_HEX_BYTE_HI
	0000542a ASM_RJ_CRLF_LO
	0000542b ASM_RJ_CRLF_HI
	0000542c ASM_RJ_READ_LO
	0000542d ASM_RJ_READ_HI
	0000542e ASM_RJ_HEX_NIB_LO
	0000542f ASM_RJ_HEX_NIB_HI
	00005430 ASM_RJ_FNV_INIT_LO
	00005431 ASM_RJ_FNV_INIT_HI
	00005432 ASM_RJ_FNV_UPDATE_LO
	00005433 ASM_RJ_FNV_UPDATE_HI
	00005434 ASM_RJ_UPPER_LO
	00005435 ASM_RJ_UPPER_HI
	00005436 ASM_RJ_HBSTR_LO
	00005437 ASM_RJ_HBSTR_HI
	00005438 ASM_RJ_READ_UPPER_LO
	00005439 ASM_RJ_READ_UPPER_HI
	0000543a ASM_EXPR_LEFT_VAL_LO
	0000543b ASM_EXPR_LEFT_VAL_HI
	0000543c ASM_EXPR_LEFT_CARE_LO
	0000543d ASM_EXPR_LEFT_CARE_HI
	0000543e ASM_EXPR_LEFT_MODE
	0000543f ASM_EXPR_LEFT_WIDTH
	00005440 ASM_EXPR_OP
	00005441 ASM_STMT_KIND
	00005442 ASM_STMT_FLAGS
	00005443 ASM_STMT_NAME_PTR_LO
	00005444 ASM_STMT_NAME_PTR_HI
	00005445 ASM_STMT_NAME_LEN
	00005446 ASM_STMT_NAME_HASH0
	00005447 ASM_STMT_NAME_HASH1
	00005448 ASM_STMT_NAME_HASH2
	00005449 ASM_STMT_NAME_HASH3
	0000544a ASM_STMT_VOC_SLOT
	0000544b ASM_STMT_OP_KIND
	0000544c ASM_STMT_OP_ID
	0000544d ASM_STMT_TAIL_PTR_LO
	0000544e ASM_STMT_TAIL_PTR_HI
	0000544f ASM_STMT_STATUS
	00005451 ASM_PARSE_HEX_DEFAULT
	00005452 ASM_ROOM_COUNT
	00005453 ASM_EXPORT_INDEX
	00005454 ASM_EXPORT_NAME_INDEX
	00005455 ASM_IMPORT_INDEX
	00005456 ASM_IMPORT_PACK_INDEX
	00005457 ASM_PUBLIC_KIND
	00005458 ASM_P40_CODE0
	00005459 ASM_P40_CODE1
	0000545a ASM_P40_CODE2
	0000545b ASM_DB_COUNT
	0000545c ASM_DB_TAIL_LO
	0000545d ASM_DB_TAIL_HI
	0000545e ASM_DB_ITEM_LO
	0000545f ASM_DB_ITEM_HI
	00005460 ASM_DC_MODE
	00005461 ASM_DC_LEN
	00005462 ASM_DS_COUNT
	00005463 ASM_DS_FILL
	00005464 ASM_DS_INIT_FLAG
	00005465 ASM_DS_INIT_LEN
	00005466 ASM_DS_INIT_START_LO
	00005467 ASM_DS_INIT_START_HI
	00005468 ASM_DS_COPY_INDEX
	00005469 ASM_FIX_PLAN_NAME_PTR_LO
	0000546a ASM_FIX_PLAN_NAME_PTR_HI
	0000546b ASM_FIX_PLAN_NAME_LEN
	0000546c ASM_FIX_PLAN_HASH0
	0000546d ASM_FIX_PLAN_HASH1
	0000546e ASM_FIX_PLAN_HASH2
	0000546f ASM_FIX_PLAN_HASH3
	00005470 ASM_FIX_PLAN_SEL
	00005471 ASM_RELOC_PLAN_TARGET_LO
	00005472 ASM_RELOC_PLAN_TARGET_HI
	00005473 ASM_RELOC_RESOLVE_FLAGS
	00005474 ASM_SYM_STATE
	000054f4 ASM_SYM_FLAGS
	00005574 ASM_SYM_KIND
	000055f4 ASM_SYM_WIDTH
	00005674 ASM_SYM_VAL_LO
	000056f4 ASM_SYM_VAL_HI
	00005774 ASM_SYM_CARE_LO
	000057f4 ASM_SYM_CARE_HI
	00005874 ASM_SYM_HASH0
	000058f4 ASM_SYM_HASH1
	00005974 ASM_SYM_HASH2
	000059f4 ASM_SYM_HASH3
	00005a74 ASM_SYM_NAME_LEN
	00005af4 ASM_SYM_NAME_OFF_LO
	00005b74 ASM_SYM_NAME_OFF_HI
	00005bf4 ASM_SYM_DEFLINE_LO
	00005c74 ASM_SYM_DEFLINE_HI
	00005cf4 ASM_SYM_USECNT
	00005d74 ASM_SYM_FIRSTREF_LO
	00005df4 ASM_SYM_FIRSTREF_HI
	00005e74 ASM_EXPORT_SYM_SLOT
	00005eb4 ASM_EXPORT_KIND
	00005ef4 ASM_IMPORT_NAME_LEN
	00005f34 ASM_IMPORT_KIND
	00005f74 ASM_IMPORT_HASH0
	00005fb4 ASM_IMPORT_HASH1
	00005ff4 ASM_IMPORT_HASH2
	00006034 ASM_IMPORT_HASH3
	00006074 ASM_IMPORT_NAME_PACKS
	000065f4 ASM_LOCAL_COUNT
	000065f5 ASM_LOCAL_SCOPE_ACTIVE
	000065f6 ASM_LOCAL_NAME_LEN
	00006606 ASM_LOCAL_VAL_LO
	00006616 ASM_LOCAL_VAL_HI
	00006626 ASM_LOCAL_HASH0
	00006636 ASM_LOCAL_HASH1
	00006646 ASM_LOCAL_HASH2
	00006656 ASM_LOCAL_HASH3
	00006666 ASM_LOCAL_NAMES
	00006766 ASM_FIX_STATE
	000067e6 ASM_FIX_MODE
	00006866 ASM_FIX_SEL
	000068e6 ASM_FIX_SITE_LO
	00006966 ASM_FIX_SITE_HI
	000069e6 ASM_FIX_BASE_LO
	00006a66 ASM_FIX_BASE_HI
	00006ae6 ASM_FIX_HASH0
	00006b66 ASM_FIX_HASH1
	00006be6 ASM_FIX_HASH2
	00006c66 ASM_FIX_HASH3
	00006ce6 ASM_FIX_NAME_LEN
	00006d66 ASM_CODE_BUF
	00006d6e ASM_WORKSPACE_END
	00006d6e _END_UDATA

ABSOLUTES:
	00000001 ASM_ABI_VERSION
	00007e00 ASM_ABI_HASH_ACQUIRE
	00007e02 ASM_ABI_SVC_SIG0
	00007e03 ASM_ABI_SVC_SIG1
	00007e04 ASM_ABI_SVC_VERSION
	00007e05 ASM_ABI_SVC_COUNT
	00007e06 ASM_ABI_SVC_FIRST_VECTOR
	00007e1c ASM_ABI_SVC_CHECKSUM
	00000052 ASM_ABI_SVC_SIG0_VALUE
	00000059 ASM_ABI_SVC_SIG1_VALUE
	00000001 ASM_ABI_SVC_VERSION_VALUE
	0000000b ASM_ABI_SVC_VECTOR_COUNT
	00007e1f ASM_ABI_PACK40_ASCII
	00007e21 ASM_ABI_PACK40_PACK3
	00007e23 ASM_ABI_AP_IMPORT_PTR
	00007e25 ASM_ABI_FLASH_INSTALL
	00007e2d ASM_ABI_AP_SERVICE
	00007e2f ASM_ABI_AP_OP
	00007e30 ASM_ABI_AP_STATUS
	00007e31 ASM_ABI_AP_SRC
	00007e33 ASM_ABI_AP_DST
	00007e35 ASM_ABI_AP_PACKAGE_LEN
	00007e37 ASM_ABI_AP_BODY
	00007e39 ASM_ABI_AP_BODY_LEN
	00007e3b ASM_ABI_AP_RELOC_COUNT
	00007e3c ASM_ABI_AP_IMPORT_COUNT
	00007e3d ASM_ABI_AP_INSTALL
	00007e3f ASM_ABI_AP_RELOC_PTR
	00000000 ASM_ABI_AP_OP_PARSE
	00000001 ASM_ABI_AP_OP_LOAD
	00000002 ASM_ABI_AP_OP_SUGGEST
	00000003 ASM_ABI_AP_OP_LINK
	00000004 ASM_ABI_AP_OP_MANAGER
	00000005 ASM_ABI_AP_OP_TAKEOVER
	00007e6a ASM_ABI_SESSION_RESUME
	00000000 ASM_ABI_STATUS_OK
	00000006 ASM_ABI_STATUS_BAD_RANGE
	00000007 ASM_ABI_STATUS_BAD_LINE
	00000009 ASM_ABI_STATUS_BAD_FIX
	00000041 ASM_ABI_AP_SIG0_VALUE
	00000050 ASM_ABI_AP_SIG1_VALUE
	00000002 ASM_ABI_AP_VERSION
	00000005 ASM_ABI_AP_HEADER_BYTES
	0000001f ASM_ABI_AP_FIXED_BYTES
	00001000 ASM_ABI_AP_MAX_BYTES
	00000053 ASM_ABI_AP_TAG_SEAL
	00000052 ASM_ABI_AP_TAG_RELOC
	00000045 ASM_ABI_AP_TAG_EXPORT
	00000049 ASM_ABI_AP_TAG_IMPORT
	00000042 ASM_ABI_AP_TAG_BODY
	0000000b ASM_ABI_AP_SEAL_BYTES
	00000040 ASM_ABI_AP_ROW_MAX
	00000001 ASM_ABI_AP_KIND_EXEC
	00000002 ASM_ABI_AP_KIND_DATA
	00000080 ASM_ABI_AP_FLAG_ENTRY
	00000001 ASM_ABI_AP_RELOC_ABS16
	00000002 ASM_ABI_AP_RELOC_LO8
	00000003 ASM_ABI_AP_RELOC_HI8
	00000004 ASM_ABI_AP_RELOC_ABS16_IMP
	00000005 ASM_ABI_AP_RELOC_LO8_IMP
	00000006 ASM_ABI_AP_RELOC_HI8_IMP
	00007000 APMAN_ENTRY
	00007c00 APMAN_LIMIT_EXCLUSIVE
	00007c60 APMAN_CARD_BASE
	00007c60 APMAN_MODE
	00007c61 APMAN_STATUS
	00007c62 APMAN_INSTALL_SRC_LO
	00007c63 APMAN_INSTALL_SRC_HI
	00007c64 APMAN_INSTALL_BANK
	00007c65 APMAN_CONFIRM
	00007c66 APMAN_FOUND_BANK
	00007c67 APMAN_FOUND_SECTOR_HI
	00007c68 APMAN_FOUND_PKG_LEN_LO
	00007c69 APMAN_FOUND_PKG_LEN_HI
	00007c6a APMAN_FOUND_LOAD_LO
	00007c6b APMAN_FOUND_LOAD_HI
	00007c6c APMAN_FOUND_ENTRY_LO
	00007c6d APMAN_FOUND_ENTRY_HI
	00007c6e APMAN_FAIL_PHASE
	00007c6f APMAN_MATCH_COUNT
	00007c70 APMAN_NAME_HASH0
	00007c71 APMAN_NAME_HASH1
	00007c72 APMAN_NAME_HASH2
	00007c73 APMAN_NAME_HASH3
	00000001 APMAN_MODE_AP
	00000002 APMAN_MODE_APS
	00000003 APMAN_MODE_INSTALL
	000000a5 APMAN_CONFIRM_INSTALL
	00000000 APMAN_STATUS_IDLE
	000000ac APMAN_STATUS_OK
	000000d0 APMAN_STATUS_BAD_COMMAND
	000000d1 APMAN_STATUS_NOT_FOUND
	000000d2 APMAN_STATUS_DUPLICATE
	000000d3 APMAN_STATUS_BAD_PACKAGE
	000000d4 APMAN_STATUS_BAD_RANGE
	000000d5 APMAN_STATUS_NO_SPACE
	000000d6 APMAN_STATUS_PROTECTED
	000000d7 APMAN_STATUS_NOT_CONFIRMED
	000000d8 APMAN_STATUS_PROGRAM_FAIL
	000000d9 APMAN_STATUS_RESTORE_FAIL
	000000da APMAN_STATUS_NO_MANAGER
	000000db APMAN_STATUS_SELF
	00000000 APMAN_PHASE_NONE
	00000001 APMAN_PHASE_PARSE
	00000002 APMAN_PHASE_SCAN
	00000003 APMAN_PHASE_LOAD
	00000004 APMAN_PHASE_INSTALL_SCAN
	00000005 APMAN_PHASE_PROGRAM
	00000006 APMAN_PHASE_RESTORE
	00000001 ASM_BEGINF_HAVE_PC
	00000000 ASMF_TARGET_LO
	00000020 ASMF_TARGET_HI
	00000000 ASMF_STATUS_OK
	00000001 ASMF_STATUS_BAD_MNEM
	00000002 ASMF_STATUS_BAD_DIR
	00000003 ASMF_STATUS_BAD_OPER
	00000004 ASMF_STATUS_BAD_MODE
	00000005 ASMF_STATUS_BAD_WIDTH
	00000006 ASMF_STATUS_BAD_RANGE
	00000007 ASMF_STATUS_BAD_LINE
	00000008 ASMF_STATUS_BAD_SYM
	00000009 ASMF_STATUS_BAD_FIX
	0000000a ASMF_STATUS_LOCAL_NYI
	0000000b ASMF_STATUS_RJOIN
	0000000c ASMF_STATUS_NAME_UNKNOWN
	00000082 ASMF_CMD_PTR_LO
	00000083 ASMF_CMD_PTR_HI
	00007a04 ASMF_HIM_CMD_ARG
	00007e6a ASMF_POST_FLAG
	00007e25 HIM_SVC_FLASH_INSTALL_LO
	00007e26 HIM_SVC_FLASH_INSTALL_HI
	00007e27 HIM_FLASH_SRC_LO
	00007e28 HIM_FLASH_SRC_HI
	00007e29 HIM_FLASH_DST_LO
	00007e2a HIM_FLASH_DST_HI
	00007e2b HIM_FLASH_LEN_LO
	00007e2c HIM_FLASH_LEN_HI
	00007e2d HIM_SVC_AP_LO
	00007e2e HIM_SVC_AP_HI
	00007e2f HIM_AP_OP
	000000d6 ASMF_FNV_SIG2
	00000005 ASMF_KIND_EXEC_TEXT
	00000001 ASM_ABI_VERSION
	00007e00 ASM_ABI_HASH_ACQUIRE
	00007e02 ASM_ABI_SVC_SIG0
	00007e03 ASM_ABI_SVC_SIG1
	00007e04 ASM_ABI_SVC_VERSION
	00007e05 ASM_ABI_SVC_COUNT
	00007e06 ASM_ABI_SVC_FIRST_VECTOR
	00007e1c ASM_ABI_SVC_CHECKSUM
	00000052 ASM_ABI_SVC_SIG0_VALUE
	00000059 ASM_ABI_SVC_SIG1_VALUE
	00000001 ASM_ABI_SVC_VERSION_VALUE
	0000000b ASM_ABI_SVC_VECTOR_COUNT
	00007e1f ASM_ABI_PACK40_ASCII
	00007e21 ASM_ABI_PACK40_PACK3
	00007e23 ASM_ABI_AP_IMPORT_PTR
	00007e25 ASM_ABI_FLASH_INSTALL
	00007e2d ASM_ABI_AP_SERVICE
	00007e2f ASM_ABI_AP_OP
	00007e30 ASM_ABI_AP_STATUS
	00007e31 ASM_ABI_AP_SRC
	00007e33 ASM_ABI_AP_DST
	00007e35 ASM_ABI_AP_PACKAGE_LEN
	00007e37 ASM_ABI_AP_BODY
	00007e39 ASM_ABI_AP_BODY_LEN
	00007e3b ASM_ABI_AP_RELOC_COUNT
	00007e3c ASM_ABI_AP_IMPORT_COUNT
	00007e3d ASM_ABI_AP_INSTALL
	00007e3f ASM_ABI_AP_RELOC_PTR
	00000000 ASM_ABI_AP_OP_PARSE
	00000001 ASM_ABI_AP_OP_LOAD
	00000002 ASM_ABI_AP_OP_SUGGEST
	00000003 ASM_ABI_AP_OP_LINK
	00000004 ASM_ABI_AP_OP_MANAGER
	00000005 ASM_ABI_AP_OP_TAKEOVER
	00007e6a ASM_ABI_SESSION_RESUME
	00000000 ASM_ABI_STATUS_OK
	00000006 ASM_ABI_STATUS_BAD_RANGE
	00000007 ASM_ABI_STATUS_BAD_LINE
	00000009 ASM_ABI_STATUS_BAD_FIX
	00000041 ASM_ABI_AP_SIG0_VALUE
	00000050 ASM_ABI_AP_SIG1_VALUE
	00000002 ASM_ABI_AP_VERSION
	00000005 ASM_ABI_AP_HEADER_BYTES
	0000001f ASM_ABI_AP_FIXED_BYTES
	00001000 ASM_ABI_AP_MAX_BYTES
	00000053 ASM_ABI_AP_TAG_SEAL
	00000052 ASM_ABI_AP_TAG_RELOC
	00000045 ASM_ABI_AP_TAG_EXPORT
	00000049 ASM_ABI_AP_TAG_IMPORT
	00000042 ASM_ABI_AP_TAG_BODY
	0000000b ASM_ABI_AP_SEAL_BYTES
	00000040 ASM_ABI_AP_ROW_MAX
	00000001 ASM_ABI_AP_KIND_EXEC
	00000002 ASM_ABI_AP_KIND_DATA
	00000080 ASM_ABI_AP_FLAG_ENTRY
	00000001 ASM_ABI_AP_RELOC_ABS16
	00000002 ASM_ABI_AP_RELOC_LO8
	00000003 ASM_ABI_AP_RELOC_HI8
	00000004 ASM_ABI_AP_RELOC_ABS16_IMP
	00000005 ASM_ABI_AP_RELOC_LO8_IMP
	00000006 ASM_ABI_AP_RELOC_HI8_IMP
	000000ae ASM_LINE_PTR_LO
	000000af ASM_LINE_PTR_HI
	000000ac ASM_PARSE_PTR_LO
	000000ad ASM_PARSE_PTR_HI
	000000aa ASM_TOKEN_PTR_LO
	000000ab ASM_TOKEN_PTR_HI
	000000a8 ASM_SCAN_PTR_LO
	000000a9 ASM_SCAN_PTR_HI
	000000a6 ASM_EMIT_PTR_LO
	000000a7 ASM_EMIT_PTR_HI
	000000a4 ASM_NAME_PTR_LO
	000000a5 ASM_NAME_PTR_HI
	000000b0 ASM_HASH0
	000000b1 ASM_HASH1
	000000b2 ASM_HASH2
	000000b3 ASM_HASH3
	000000c7 ASM_HASH_TMP0
	000000c8 ASM_HASH_TMP1
	000000c9 ASM_HASH_TMP2
	000000ca ASM_HASH_TMP3
	0000009a ASM_VALUE_LO
	0000009b ASM_VALUE_HI
	00000098 ASM_CARE_LO
	00000099 ASM_CARE_HI
	00000096 ASM_BASE_LO
	00000097 ASM_BASE_HI
	00000095 ASM_MODE
	00000094 ASM_WIDTH
	00000093 ASM_FLAGS
	00000092 ASM_STATUS
	00000091 ASM_SLOT
	00000090 ASM_LEN
	0000008f ASM_DELIM
	0000008e ASM_BIT
	0000008c ASM_TMP0_LO
	0000008d ASM_TMP0_HI
	0000008a ASM_TMP1_LO
	0000008b ASM_TMP1_HI
	00000088 ASM_REF_PTR_LO
	00000089 ASM_REF_PTR_HI
	00000086 ASM_FIX_PTR_LO
	00000087 ASM_FIX_PTR_HI
	00000084 ASM_SYM_PTR_LO
	00000085 ASM_SYM_PTR_HI
	00000080 ASM_PC_LO
	00000081 ASM_PC_HI
	00000096 ASM_EXPR_RELOC
	00000097 ASM_EXPR_LEFT_RELOC
	00000086 ASM_RJ_JOIN_LO
	00000087 ASM_RJ_JOIN_HI
	00000088 ASM_RJ_HASH_PTR_LO
	00000089 ASM_RJ_HASH_PTR_HI
	0000008c ASM_RJ_STR_LO
	0000008d ASM_RJ_STR_HI
	00007e00 ASM_SEED_HASH_ACQUIRE_LO
	00007e01 ASM_SEED_HASH_ACQUIRE_HI
	000000c0 ASM_SEED_ROM_MIN_HI
	00007e02 ASM_HIM_SVC_SIG0
	00007e03 ASM_HIM_SVC_SIG1
	00007e04 ASM_HIM_SVC_VERSION
	00007e05 ASM_HIM_SVC_COUNT
	00007e06 ASM_HIM_SVC_JOIN_LO
	00007e1c ASM_HIM_SVC_CHECKSUM
	00007e1f ASM_HIM_SVC_PACK40_ASCII_LO
	00007e20 ASM_HIM_SVC_PACK40_ASCII_HI
	00007e21 ASM_HIM_SVC_PACK40_PACK3_LO
	00007e22 ASM_HIM_SVC_PACK40_PACK3_HI
	00007e2d ASM_HIM_SVC_AP_LO
	00007e2e ASM_HIM_SVC_AP_HI
	00007e2f ASM_HIM_AP_OP
	00007e30 ASM_HIM_AP_STATUS
	00007e31 ASM_HIM_AP_SRC_LO
	00007e32 ASM_HIM_AP_SRC_HI
	00007e33 ASM_HIM_AP_DST_LO
	00007e34 ASM_HIM_AP_DST_HI
	00007e35 ASM_HIM_AP_PKG_LEN_LO
	00007e36 ASM_HIM_AP_PKG_LEN_HI
	00007e37 ASM_HIM_AP_BODY_LO
	00007e38 ASM_HIM_AP_BODY_HI
	00007e39 ASM_HIM_AP_BODY_LEN_LO
	00007e3a ASM_HIM_AP_BODY_LEN_HI
	00007e3b ASM_HIM_AP_RELOC_COUNT
	00007e3c ASM_HIM_AP_IMPORT_COUNT
	00007e3d ASM_HIM_AP_INSTALL_LO
	00007e3e ASM_HIM_AP_INSTALL_HI
	00007e3f ASM_HIM_AP_REL_LO
	00007e40 ASM_HIM_AP_REL_HI
	00000000 ASM_HIM_AP_OP_PARSE
	00000001 ASM_HIM_AP_OP_LOAD
	00000002 ASM_HIM_AP_OP_SUGGEST
	00000052 ASM_HIM_SVC_SIG0_VAL
	00000059 ASM_HIM_SVC_SIG1_VAL
	00000001 ASM_HIM_SVC_VERSION_1
	0000000b ASM_HIM_SVC_VECTOR_COUNT
	00000016 ASM_HIM_SVC_VECTOR_BYTES
	00000095 ASM_TOK_KIND
	00000094 ASM_TOK_SUB
	00000093 ASM_TOK_FLAGS
	0000009a ASM_VOC_ID
	0000009b ASM_VOC_DISP
	00000098 ASM_VOC_FLAGS
	00000099 ASM_VOC_AUX
	00000098 ASM_PACKAGE_SEAL_LEN_LO
	00000099 ASM_PACKAGE_SEAL_LEN_HI
	00000000 ASM_STATUS_OK
	00000001 ASM_STATUS_BAD_MNEM
	00000002 ASM_STATUS_BAD_DIR
	00000003 ASM_STATUS_BAD_OPER
	00000004 ASM_STATUS_BAD_MODE
	00000005 ASM_STATUS_BAD_WIDTH
	00000006 ASM_STATUS_BAD_RANGE
	00000007 ASM_STATUS_BAD_LINE
	00000008 ASM_STATUS_BAD_SYM
	00000009 ASM_STATUS_BAD_FIX
	0000000b ASM_STATUS_RJOIN
	00000001 ASM_SEAL_STATUS_NO_END
	00000002 ASM_SEAL_STATUS_BAD_FLAGS
	00000010 ASM_STEP_BEGIN
	00000020 ASM_STEP_LEX_OK
	00000030 ASM_STEP_TOKENS
	00000040 ASM_STEP_VOCAB
	00000050 ASM_STEP_PARSE
	00000056 ASM_STEP_EXPR
	00000058 ASM_STEP_ASSEMBLE_LINE
	00000059 ASM_STEP_EMIT
	0000005a ASM_STEP_OPERAND
	0000005b ASM_STEP_OPCODE
	0000005c ASM_STEP_FIXUPS
	0000005d ASM_STEP_DIRECTIVE
	0000005e ASM_STEP_REPORT
	00000060 ASM_STEP_SYMBOLS
	00000070 ASM_STEP_ASMTEST
	00000071 ASM_STEP_RJOIN_JOINER
	00000072 ASM_STEP_RJOIN_WRITE
	00000073 ASM_STEP_RJOIN_READ
	00000074 ASM_STEP_RJOIN_FNV_INIT
	00000075 ASM_STEP_RJOIN_FNV_UPDATE
	00000076 ASM_STEP_RJOIN_HEX_NIB
	00000080 ASM_STEP_LONG_LINE
	00000090 ASM_STEP_END
	00000001 ASM_BEGINF_HAVE_PC
	00007000 ASM_SMOKE_TARGET
	00000000 ASM_SMOKE_TARGET_LO
	00000070 ASM_SMOKE_TARGET_HI
	00000010 ASM_SMOKE_TARGET_FWD_LO
	0000000f ASM_SMOKE_TARGET_BACK_LO
	00000071 ASM_SMOKE_DATA_HI
	0000007d ASM_TARGET_LIMIT_HI
	0000007c ASM_TARGET_MAX_HI
	00007cfd ASM_TARGET_THIRD_ADDR
	00007cfe ASM_TARGET_PENULT_ADDR
	00007cff ASM_TARGET_LAST_ADDR
	00000000 ASM_TARGET_GUARD_LO
	00000050 ASM_TARGET_GUARD_HI
	00000200 ASM_LOW_SYM_NAMES
	00000a00 ASM_LOW_FIX_NAMES
	00001a00 ASM_LOW_TABLE_END
	00000000 ASM_SESS_IDLE
	00000001 ASM_SESS_ACTIVE
	00000002 ASM_SESS_ENDED
	00000003 ASM_SESS_FAILED
	00000001 ASM_REPORTF_ORG_SEEN
	00000002 ASM_REPORTF_WARN_DS_WRAP
	00000004 ASM_REPORTF_PRINT_END
	00000008 ASM_REPORTF_PRINTED
	00000010 ASM_REPORTF_PRINT_FAIL
	00000020 ASM_REPORTF_TRUNC
	00000001 ASM_SEALF_VALID
	00000002 ASM_SEALF_HOLE
	00000004 ASM_SEALF_UNOWNED
	00000008 ASM_SEALF_RELOC_TRUNC
	00000010 ASM_SEALF_RELOC_BAD
	0000000b ASM_SEAL_REC_BYTES
	00000000 ASM_SEAL_REC_OFF_FLAGS
	00000001 ASM_SEAL_REC_OFF_BASE
	00000003 ASM_SEAL_REC_OFF_END
	00000005 ASM_SEAL_REC_OFF_LEN
	00000007 ASM_SEAL_REC_OFF_FNV
	00000000 ASM_EXPORT_REC_OFF_COUNT
	00000001 ASM_EXPORT_REC_OFF_LEN
	00000000 ASM_IMPORT_REC_OFF_COUNT
	00000001 ASM_IMPORT_REC_OFF_LEN
	00000005 ASM_PACKAGE_HDR_BYTES
	0000001f ASM_PACKAGE_FIXED_BYTES
	00000000 ASM_PACKAGE_MAX_LO
	00000010 ASM_PACKAGE_MAX_HI
	00000002 ASM_PACKAGE_VERSION
	00000041 ASM_PACKAGE_SIG0
	00000050 ASM_PACKAGE_SIG1
	00000053 ASM_PACKAGE_TAG_SEAL
	00000052 ASM_PACKAGE_TAG_RELOC
	00000045 ASM_PACKAGE_TAG_EXPORT
	00000049 ASM_PACKAGE_TAG_IMPORT
	00000042 ASM_PACKAGE_TAG_BODY
	00000000 ASM_PACKAGE_OFF_SIG0
	00000001 ASM_PACKAGE_OFF_SIG1
	00000002 ASM_PACKAGE_OFF_VER
	00000003 ASM_PACKAGE_OFF_TOTAL
	00000000 ASM_TOK_EOL
	00000001 ASM_TOK_WORD
	00000002 ASM_TOK_NUMBER
	00000003 ASM_TOK_CHAR
	00000004 ASM_TOK_PUNCT
	00000000 ASM_TSUB_NONE
	00000001 ASM_TSUB_DEC
	00000002 ASM_TSUB_HEX
	00000003 ASM_TSUB_BIN
	00000004 ASM_TSUB_MASK
	00000001 ASM_TF_HAS_COLON
	00000002 ASM_TF_HAS_XMASK
	00000004 ASM_TF_QUOTED
	00000008 ASM_TF_LOCAL_PREFIX
	00000080 ASM_TF_ERROR
	00000000 ASM_VOC_NONE
	00000001 ASM_VOC_MNEM
	00000002 ASM_VOC_DIR
	00000003 ASM_VOC_REG
	00000004 ASM_VOC_RESERVED
	00000005 ASM_VOC_ALIAS
	00000000 ASM_STMT_EMPTY
	00000001 ASM_STMT_LABEL_ONLY
	00000002 ASM_STMT_MNEM
	00000003 ASM_STMT_DIR
	00000004 ASM_STMT_ERROR
	00000001 ASM_STMTF_HAS_NAME
	00000002 ASM_STMTF_HAS_COLON
	00000004 ASM_STMTF_HAS_TAIL
	00000008 ASM_STMTF_BINDS_PC
	00000010 ASM_STMTF_BINDS_EQU
	00000020 ASM_STMTF_CONTROL
	00000040 ASM_STMTF_LOCAL_NAME
	00000001 ASM_SYM_LOOK_SESSION
	00000002 ASM_SYM_LOOK_LOCAL
	00000004 ASM_SYM_LOOK_MARK_USE
	00000000 ASM_SYM_STATE_EMPTY
	00000001 ASM_SYM_STATE_DEFINED
	00000001 ASM_SYMF_USED
	00000002 ASM_SYMF_HAS_TEXT
	00000004 ASM_SYMF_HAS_CARE
	00000008 ASM_SYMF_FROM_LABEL
	00000010 ASM_SYMF_FROM_EQU
	00000000 ASM_SYMK_VALUE
	00000001 ASM_SYMK_ADDR
	00000002 ASM_SYMK_MASK
	00000000 ASM_WIDTH_NONE
	00000001 ASM_WIDTH_BYTE
	00000002 ASM_WIDTH_WORD
	00000003 ASM_WIDTH_ZP
	00000004 ASM_WIDTH_ABS
	00000005 ASM_WIDTH_MASK8
	00000006 ASM_WIDTH_MASK16
	00000000 ASM_OPM_NONE
	00000001 ASM_OPM_ACC
	00000002 ASM_OPM_IMM8
	00000003 ASM_OPM_ZP8
	00000004 ASM_OPM_ABS16
	00000005 ASM_OPM_ZP_X
	00000006 ASM_OPM_ABS_X
	00000007 ASM_OPM_REL8
	00000008 ASM_OPM_ZP_Y
	00000009 ASM_OPM_ABS_Y
	0000000a ASM_OPM_ZP_IND
	0000000b ASM_OPM_ZP_X_IND
	0000000c ASM_OPM_ZP_IND_Y
	0000000d ASM_OPM_ABS_IND
	0000000e ASM_OPM_ABS_X_IND
	0000000f ASM_OPM_BIT_ZP
	00000010 ASM_OPM_BIT_ZP_REL
	00000001 ASM_OPF_UNRESOLVED
	00000002 ASM_OPF_RELOC_INTERNAL
	00000080 ASM_ATOM_REG
	00000000 ASM_FIX_SEL_FULL
	00000001 ASM_FIX_SEL_LO
	00000002 ASM_FIX_SEL_HI
	00000003 ASM_FIX_SEL_MASK
	00000040 ASM_FIXF_IMPORT
	00000080 ASM_FIXF_LOCAL
	00000000 ASM_DCM_C
	00000001 ASM_DCM_HB
	00000002 ASM_DCM_P
	00000003 ASM_DCM_RAW
	00000001 ASM_FIX_PENDING
	00000002 ASM_FIX_RESOLVED
	00000004 ASM_FIX_IMPORTED
	00000080 ASM_FIX_FAILED
	0000003f ASM_LINE_MAX
	00000080 ASM_SYM_MAX
	00000020 ASM_SYM_NAME_MAX
	00000800 ASM_SYM_NAME_POOL_BYTES
	00000080 ASM_FIX_MAX
	00000020 ASM_FIX_NAME_MAX
	00001000 ASM_FIX_NAME_BYTES
	00000040 ASM_RELOC_MAX
	00000040 ASM_PACKAGE_RELOC_MAX
	00000001 ASM_RELOC_ABS16_INTERNAL
	00000002 ASM_RELOC_LO8_INTERNAL
	00000003 ASM_RELOC_HI8_INTERNAL
	00000004 ASM_RELOC_ABS16_IMPORT
	00000005 ASM_RELOC_LO8_IMPORT
	00000006 ASM_RELOC_HI8_IMPORT
	00000001 ASM_AP_KIND_EXEC
	00000002 ASM_AP_KIND_DATA
	00000003 ASM_AP_KIND_MASK
	00000080 ASM_AP_FLAG_ENTRY
	00000040 ASM_EXPORT_MAX
	00000016 ASM_EXPORT_NAME_PACK_MAX
	0000001e ASM_EXPORT_ROW_MAX
	00000040 ASM_IMPORT_MAX
	0000001c ASM_IMPORT_ROW_MAX
	000000c0 ASM_REF_MAX
	00000010 ASM_LOCAL_MAX
	00000010 ASM_LOCAL_NAME_MAX
	00000100 ASM_LOCAL_NAME_BYTES
	00000053 ASM_VOC_COUNT
	0000000a ASM_VOC_DIR_COUNT
	00000018 ASM_VID_DB
	00000019 ASM_VID_DC
	0000001d ASM_VID_DS
	0000001e ASM_VID_DW
	0000001f ASM_VID_END
	00000020 ASM_VID_IMPORT
	00000043 ASM_VID_ENTRY
	00000023 ASM_VID_EXPORT
	00000022 ASM_VID_EQU
	0000002f ASM_VID_ORG
	00000001 ASM_VID_ADC
	00000002 ASM_VID_AND
	00000003 ASM_VID_ASL
	00000004 ASM_VID_BBR
	00000005 ASM_VID_BBS
	00000006 ASM_VID_BCC
	00000007 ASM_VID_BCS
	00000008 ASM_VID_BEQ
	00000009 ASM_VID_BIT
	0000000a ASM_VID_BMI
	0000000b ASM_VID_BNE
	0000000c ASM_VID_BPL
	0000000d ASM_VID_BRA
	0000000e ASM_VID_BRK
	0000000f ASM_VID_BVC
	00000010 ASM_VID_BVS
	00000011 ASM_VID_CLC
	00000012 ASM_VID_CLD
	00000013 ASM_VID_CLI
	00000014 ASM_VID_CLV
	00000015 ASM_VID_CMP
	00000016 ASM_VID_CPX
	00000017 ASM_VID_CPY
	0000001a ASM_VID_DEC
	0000001b ASM_VID_DEX
	0000001c ASM_VID_DEY
	00000021 ASM_VID_EOR
	00000024 ASM_VID_INC
	00000025 ASM_VID_INX
	00000026 ASM_VID_INY
	00000027 ASM_VID_JMP
	00000028 ASM_VID_JSR
	00000029 ASM_VID_LDA
	0000002a ASM_VID_LDX
	0000002b ASM_VID_LDY
	0000002c ASM_VID_LSR
	0000002d ASM_VID_NOP
	0000002e ASM_VID_ORA
	00000030 ASM_VID_PHA
	00000031 ASM_VID_PHP
	00000032 ASM_VID_PHX
	00000033 ASM_VID_PHY
	00000034 ASM_VID_PLA
	00000035 ASM_VID_PLP
	00000036 ASM_VID_PLX
	00000037 ASM_VID_PLY
	00000038 ASM_VID_RMB
	00000039 ASM_VID_ROL
	0000003a ASM_VID_ROR
	0000003b ASM_VID_RTI
	0000003c ASM_VID_RTS
	0000003d ASM_VID_SBC
	0000003e ASM_VID_SEC
	0000003f ASM_VID_SED
	00000040 ASM_VID_SEI
	00000041 ASM_VID_SMB
	00000042 ASM_VID_STA
	00000044 ASM_VID_STP
	00000045 ASM_VID_STX
	00000046 ASM_VID_STY
	00000047 ASM_VID_STZ
	00000048 ASM_VID_TAX
	00000049 ASM_VID_TAY
	0000004a ASM_VID_TRB
	0000004b ASM_VID_TSB
	0000004c ASM_VID_TSX
	0000004d ASM_VID_TXA
	0000004e ASM_VID_TXS
	0000004f ASM_VID_TYA
	00000050 ASM_VID_WAI
	00000000 ASM_VID_REG_A
	00000051 ASM_VID_REG_X
	00000052 ASM_VID_REG_Y
	00000007 ASM_EXPR_OP_COUNT
	00000200 ASM_SYM_NAMES
	00000a00 ASM_FIX_NAME_TEXT

