20 |  ....~.... .... 

FE60: 16 03 CA D0 F1 38 60 A5 | D1 8D A5 7E A5 D2 8D A6 | .....8`....~....

FE70: 7E B2 D1 8D A7 7E A5 D3 | 8D A8 7E 18 60 AD 9E 7E | ~....~....~.`..~

FE80: 85 D1 AD 9F 7E 85 D2 64 | CF A9 7B 85 D0 60 E6 D1 | ....~..d..{..`..

FE90: D0 02 E6 D2 E6 CF 60 AD | EF 7D 20 14 02 20 3A 03 | ......`..} .. :.

FEA0: B0 0F AD EA 7D 85 D1 AD | EB 7D 85 D2 20 D0 03 B0 | ....}....}.. ...

FEB0: 01 60 64 CD AD E9 7D 85 | CE A0 00 B1 CD C9 FF D0 | .`d...}.........

FEC0: 0D C8 D0 F7 E6 CE A5 CE | 29 0F D0 ED 38 60 98 8D | ........)...8`..

FED0: EA 7D A5 CE 8D EB 7D 18 | 60 AD EF 7D 20 14 02 64 | .}....}.`..} ..d

FEE0: D1 AD E9 7D 85 D2 64 CF | AD F6 7D 85 D0 B2 CF C9 | ...}..d...}.....

FEF0: FF F0 13 85 D3 20 E7 03 | B0 0C A5 D1 8D EA 7D A5 | ..... ........}.

FF00: D2 8D EB 7D 18 60 E6 D1 | E6 CF D0 E1 E6 D2 E6 D0 | ...}.`..........

FF10: 20 C7 03 D0 D8 60 AD EF | 7D 20 14 02 64 CD AD E9 |  ....`..} ..d...

FF20: 7D 85 CE 64 CF AD F6 7D | 85 D0 A0 00 B1 CD D1 CF | }..d...}........

FF30: D0 9C C8 D0 F7 E6 CE E6 | D0 20 C7 03 D0 EC 60 AD | ......... ....`.

FF40: F6 7D 18 69 10 C5 D0 60 | 20 21 04 A9 80 8D 55 D5 | .}.i...` !....U.

FF50: 20 21 04 A9 30 92 D1 A9 | FF 85 D3 A9 08 80 1D B2 |  !..0...........

FF60: D1 C5 D3 F0 16 25 D3 C5 | D3 D0 3E 20 21 04 A9 A0 | .....%....> !...

FF70: 8D 55 D5 A5 D3 92 D1 A9 | 02 80 01 60 64 D4 64 D5 | .U.........`d.d.

FF80: 85 D6 A0 00 B1 D1 C5 D3 | F0 0E C6 D4 D0 F4 C6 D5 | ................

FF90: D0 F0 C6 D6 D0 EC 80 11 | 60 A9 F0 8D A0 7F A9 AA | ........`.......

FFA0: 8D 55 D5 A9 55 8D AA AA | 60 A9 F0 8D 55 D5 18 60 | .U..U...`...U..`

FFB0: FF FF FF FF 57 44 43 56 | 32 FE FF FF FC FF FF FF | ....WDCV2.......

FFC0: FF FF FF FF FF FF FF FF | FF FF FF FF FF FF FF FF | ................

FFD0: A2 FF FF FF 41 50 43 30 | 32 FE FF FF C0 FF FF FF | ....APC02.......

FFE0: 5A FF FF FF 52 59 4F 52 | 53 FE 00 C0 00 00 FF FF | Z...RYORS.......

FFF0: FF 2F FF FF FF FF FF FF | FF FF CF F0 00 F0 E3 F0 | ./..............

>
AP B2 APTEST 5000

APMAN NF

>
APTEST

#EFE79F90# HSH_NF!

>
L

L S19


Sent 129 S19 records; received 32 bytes; tail: L @3000

L OK=1000 ENTRY=3000

>
AP 3000 5000

GO 5000



BRK 00 PC=5002

A=01 X=5A Y=02 P=35 S=FB Nv-BdIzC

>
python : Traceback (most recent call last):
At line:2 char:1
+ python -B LOCAL/scoped-smoke-board-20260916/run.py disabled-smoke *>  ...
+ ~~~~~~~~~~~~~~~~~~~~~~~~~~~~~~~~~~~~~~~~~~~~~~~~~~~~~~~~~~~~~~~~~~~~~
    + CategoryInfo          : NotSpecified: (Traceback (most recent call last)::String) [], RemoteException
    + FullyQualifiedErrorId : NativeCommandError
 
  File "C:\SRC\R-YORS\LOCAL\scoped-smoke-board-20260916\run.py", line 115, in <module>
    assert b'GO 5002' in r
           ^^^^^^^^^^^^^^^
AssertionError
