Archived B0:8; B3 restored
Archived B0:9; B3 restored
Archived B0:A; B3 restored
Archived B0:B; B3 restored
Archived B0:C; B3 restored
Archived B0:D; B3 restored
Archived B0:E; B3 restored
Archived B0:F; B3 restored
B0 SHA256=2f0000c74eceec809a814e31f822702977d7bfed5ee6f3bc4869627864ca59a8
Archived B1:8; B3 restored
Archived B1:9; B3 restored
Archived B1:A; B3 restored
Archived B1:B; B3 restored
Archived B1:C; B3 restored
Archived B1:D; B3 restored
Archived B1:E; B3 restored
Archived B1:F; B3 restored
B1 SHA256=bdba6529824b41be3d4d9d862532c4ba30c455c4391408dcef7d72d3b9b30211
Archived B2:8; B3 restored
Archived B2:9; B3 restored
Archived B2:A; B3 restored
Archived B2:B; B3 restored
Archived B2:C; B3 restored
Archived B2:D; B3 restored
Archived B2:E; B3 restored
Archived B2:F; B3 restored
B2 SHA256=2fbe6c554c43269985f781a7adcb7d87ed37a89787c115d9ab85532ddf3a1a43
Archived B3:8; B3 restored
Archived B3:9; B3 restored
Archived B3:A; B3 restored
Archived B3:B; B3 restored
Archived B3:C; B3 restored
Archived B3:D; B3 restored
Archived B3:E; B3 restored
Archived B3:F; B3 restored
B3 SHA256=024f036c1663132872f717b73a88a64b39ffc651e93ba2dd1f2dd38c76131aff
{
  "serial_log": "C:\\SRC\\R-YORS\\LOCAL\\scoped-smoke-board-20260916\\serial-com4.jsonl",
  "helper_sha256": "f15a35a26b88bc2d4a5eab83ed27f13a14007ec4fe25ac456631cf544efb7952",
  "banks": {
    "0": {
      "bytes": 32768,
      "sha256": "2f0000c74eceec809a814e31f822702977d7bfed5ee6f3bc4869627864ca59a8",
      "reset": "F818"
    },
    "1": {
      "bytes": 32768,
      "sha256": "bdba6529824b41be3d4d9d862532c4ba30c455c4391408dcef7d72d3b9b30211",
      "reset": "F000"
    },
    "2": {
      "bytes": 32768,
      "sha256": "2fbe6c554c43269985f781a7adcb7d87ed37a89787c115d9ab85532ddf3a1a43",
      "reset": "F000"
    },
    "3": {
      "bytes": 32768,
      "sha256": "024f036c1663132872f717b73a88a64b39ffc651e93ba2dd1f2dd38c76131aff",
      "reset": "F000"
    }
  },
  "flash_sha256": "8e75c342dcee502c1fcf5c1f2e5e024f88f4f91551bf6b4a0b9440379afff45e"
}
PASS exact complete image: enabled A6 8e75c342dcee502c1fcf5c1f2e5e024f88f4f91551bf6b4a0b9440379afff45e
