make: Entering directory `C:/SRC/R-YORS/SRC'
wdc02as -G -L -S -W -I BUILD -I BUILD/inc LIB/ftdi/ftdi-backend-core.asm
WDC 65C02 Assembler  Version 3.49.1 Feb  6 2006 17:25:36
       Copyright (C) 1992-2006 by The Western Design Center, Inc.
        1 file(s) moved.
wdc02as -G -L -S -W -I BUILD -I BUILD/inc LIB/ftdi/ftdi-backend-editline.asm
WDC 65C02 Assembler  Version 3.49.1 Feb  6 2006 17:25:36
       Copyright (C) 1992-2006 by The Western Design Center, Inc.
        1 file(s) moved.
wdc02as -G -L -S -W -I BUILD -I BUILD/inc LIB/ftdi/ftdi-backend-readline.asm
WDC 65C02 Assembler  Version 3.49.1 Feb  6 2006 17:25:36
       Copyright (C) 1992-2006 by The Western Design Center, Inc.
        1 file(s) moved.
wdc02as -G -L -S -W -I BUILD -I BUILD/inc LIB/ftdi/ftdi-backend-write.asm
WDC 65C02 Assembler  Version 3.49.1 Feb  6 2006 17:25:36
       Copyright (C) 1992-2006 by The Western Design Center, Inc.
        1 file(s) moved.
wdc02as -G -L -S -W -I BUILD -I BUILD/inc LIB/ftdi/ftdi-drv.asm
WDC 65C02 Assembler  Version 3.49.1 Feb  6 2006 17:25:36
       Copyright (C) 1992-2006 by The Western Design Center, Inc.
        1 file(s) moved.
wdc02as -G -L -S -W -I BUILD -I BUILD/inc LIB/ftdi/ftdi-hal.asm
WDC 65C02 Assembler  Version 3.49.1 Feb  6 2006 17:25:36
       Copyright (C) 1992-2006 by The Western Design Center, Inc.
        1 file(s) moved.
wdc02as -G -L -S -W -I BUILD -I BUILD/inc LIB/util/util-addr.asm
WDC 65C02 Assembler  Version 3.49.1 Feb  6 2006 17:25:36
       Copyright (C) 1992-2006 by The Western Design Center, Inc.
        1 file(s) moved.
wdc02as -G -L -S -W -I BUILD -I BUILD/inc LIB/util/util-char.asm
WDC 65C02 Assembler  Version 3.49.1 Feb  6 2006 17:25:36
       Copyright (C) 1992-2006 by The Western Design Center, Inc.
        1 file(s) moved.
wdc02as -G -L -S -W -I BUILD -I BUILD/inc LIB/util/util-delay.asm
WDC 65C02 Assembler  Version 3.49.1 Feb  6 2006 17:25:36
       Copyright (C) 1992-2006 by The Western Design Center, Inc.
        1 file(s) moved.
wdc02as -G -L -S -W -I BUILD -I BUILD/inc LIB/util/util-hex.asm
WDC 65C02 Assembler  Version 3.49.1 Feb  6 2006 17:25:36
       Copyright (C) 1992-2006 by The Western Design Center, Inc.
        1 file(s) moved.
wdc02as -G -L -S -W -I BUILD -I BUILD/inc LIB/util/util-pack40.asm
WDC 65C02 Assembler  Version 3.49.1 Feb  6 2006 17:25:36
       Copyright (C) 1992-2006 by The Western Design Center, Inc.
powershell -NoProfile -ExecutionPolicy Bypass -Command "Copy-Item -LiteralPath 'LIB\util\util-pack40.obj' -Destination 'BUILD\obj\LIB\util\util-pack40.obj' -Force"
wdc02as -G -L -S -W -I BUILD -I BUILD/inc LIB/util/util-string.asm
WDC 65C02 Assembler  Version 3.49.1 Feb  6 2006 17:25:36
       Copyright (C) 1992-2006 by The Western Design Center, Inc.
        1 file(s) moved.
wdc02as -G -L -S -W -I BUILD -I BUILD/inc LIB/util/util-test.asm
WDC 65C02 Assembler  Version 3.49.1 Feb  6 2006 17:25:36
       Copyright (C) 1992-2006 by The Western Design Center, Inc.
        1 file(s) moved.
wdc02as -G -L -S -W -I BUILD -I BUILD/inc LIB/util/util-zp.asm
WDC 65C02 Assembler  Version 3.49.1 Feb  6 2006 17:25:36
       Copyright (C) 1992-2006 by The Western Design Center, Inc.
        1 file(s) moved.
wdc02as -G -L -S -W -I BUILD -I BUILD/inc LIB/dev/dev-adapter-core.asm
WDC 65C02 Assembler  Version 3.49.1 Feb  6 2006 17:25:36
       Copyright (C) 1992-2006 by The Western Design Center, Inc.
        1 file(s) moved.
wdc02as -G -L -S -W -I BUILD -I BUILD/inc LIB/dev/dev-adapter-debug.asm
WDC 65C02 Assembler  Version 3.49.1 Feb  6 2006 17:25:36
       Copyright (C) 1992-2006 by The Western Design Center, Inc.
        1 file(s) moved.
wdc02as -G -L -S -W -I BUILD -I BUILD/inc LIB/dev/dev-adapter-readline.asm
WDC 65C02 Assembler  Version 3.49.1 Feb  6 2006 17:25:36
       Copyright (C) 1992-2006 by The Western Design Center, Inc.
        1 file(s) moved.
wdc02as -G -L -S -W -I BUILD -I BUILD/inc LIB/dev/dev-adapter-vectors.asm
WDC 65C02 Assembler  Version 3.49.1 Feb  6 2006 17:25:36
       Copyright (C) 1992-2006 by The Western Design Center, Inc.
        1 file(s) moved.
wdc02as -G -L -S -W -I BUILD -I BUILD/inc LIB/dev/dev-adapter-write.asm
WDC 65C02 Assembler  Version 3.49.1 Feb  6 2006 17:25:36
       Copyright (C) 1992-2006 by The Western Design Center, Inc.
        1 file(s) moved.
wdc02as -G -L -S -W -I BUILD -I BUILD/inc LIB/dev/dev-flash.asm
WDC 65C02 Assembler  Version 3.49.1 Feb  6 2006 17:25:36
       Copyright (C) 1992-2006 by The Western Design Center, Inc.
        1 file(s) moved.
wdc02as -G -L -S -W -I BUILD -I BUILD/inc LIB/dev/flsh-drv.asm
WDC 65C02 Assembler  Version 3.49.1 Feb  6 2006 17:25:36
       Copyright (C) 1992-2006 by The Western Design Center, Inc.
        1 file(s) moved.
wdc02as -G -L -S -W -I BUILD -I BUILD/inc LIB/dev/flsh-query.asm
WDC 65C02 Assembler  Version 3.49.1 Feb  6 2006 17:25:36
       Copyright (C) 1992-2006 by The Western Design Center, Inc.
        1 file(s) moved.
wdc02as -G -L -S -W -I BUILD -I BUILD/inc LIB/acia/acia-drv.asm
WDC 65C02 Assembler  Version 3.49.1 Feb  6 2006 17:25:36
       Copyright (C) 1992-2006 by The Western Design Center, Inc.
        1 file(s) moved.
wdc02as -G -L -S -W -I BUILD -I BUILD/inc LIB/pia/pia-drv.asm
WDC 65C02 Assembler  Version 3.49.1 Feb  6 2006 17:25:36
       Copyright (C) 1992-2006 by The Western Design Center, Inc.
        1 file(s) moved.
wdc02as -G -L -S -W -I BUILD -I BUILD/inc LIB/pia/pia-hal.asm
WDC 65C02 Assembler  Version 3.49.1 Feb  6 2006 17:25:36
       Copyright (C) 1992-2006 by The Western Design Center, Inc.
        1 file(s) moved.
wdc02as -G -L -S -W -I BUILD -I BUILD/inc TESTS/ftdi-backend-debug.asm
WDC 65C02 Assembler  Version 3.49.1 Feb  6 2006 17:25:36
       Copyright (C) 1992-2006 by The Western Design Center, Inc.
        1 file(s) moved.
wdclib -A BUILD\lib\rom.lib BUILD/obj/LIB/ftdi/ftdi-backend-core.obj BUILD/obj/LIB/ftdi/ftdi-backend-editline.obj BUILD/obj/LIB/ftdi/ftdi-backend-readline.obj BUILD/obj/LIB/ftdi/ftdi-backend-write.obj BUILD/obj/LIB/ftdi/ftdi-drv.obj BUILD/obj/LIB/ftdi/ftdi-hal.obj BUILD/obj/LIB/util/util-addr.obj BUILD/obj/LIB/util/util-char.obj BUILD/obj/LIB/util/util-delay.obj BUILD/obj/LIB/util/util-hex.obj BUILD/obj/LIB/util/util-pack40.obj BUILD/obj/LIB/util/util-string.obj BUILD/obj/LIB/util/util-test.obj BUILD/obj/LIB/util/util-zp.obj BUILD/obj/LIB/dev/dev-adapter-core.obj BUILD/obj/LIB/dev/dev-adapter-debug.obj BUILD/obj/LIB/dev/dev-adapter-readline.obj BUILD/obj/LIB/dev/dev-adapter-vectors.obj BUILD/obj/LIB/dev/dev-adapter-write.obj BUILD/obj/LIB/dev/dev-flash.obj BUILD/obj/LIB/dev/flsh-drv.obj BUILD/obj/LIB/dev/flsh-query.obj BUILD/obj/LIB/acia/acia-drv.obj BUILD/obj/LIB/pia/pia-drv.obj BUILD/obj/LIB/pia/pia-hal.obj BUILD/obj/TESTS/ftdi-backend-debug.obj
WDC ZLIB  3.49 Dec 22 2005 14:45:44

make[1]: Entering directory `C:/SRC/STR8-N'
RESIDENT            = $F000-$FCF1; 3314 bytes
UNUSED MARGIN        = $FCF2-$FD77; 134 bytes (minimum 128)
UNIFIED WORKER       = run $0200-$0437; store $FD78-$FFAF; 568 bytes
SELECTOR PREFIX      = $0200-$0226; 39 bytes
WORKER S19 SHA-256   = 485BA4C3ADCD622EAE90D74DE6FEB5BA8EBE0EAD6FC764CB9DBE6133B51324CC
DIRECTORY/CONFIG/VEC = $FFB0-$FFEF / $FFF0-$FFF9 / $FFFA-$FFFF
PUBLIC RESIDENT ABI  = INIT $F003; QUERY $F006; CHARIN $F013; CHAROUT $F019; READY $F03E
RAM ABI              = $12; LOW USER $1A00-$1FFF; STR8 STATE $7DE7-$7DFF
LAYOUT CHECK         = PASS
STR8 RESIDENT       = $F000-$FCF1
UNIFIED WORKER      = run $0200-$0437; stored $FD78-$FFAF
NEW DIRECTORY       = $FFB0-$FFEF; all FF
SECTOR ROLES        = $FFF0=$1E B1:E WORK; $FFF1=$1F B1:F B3:F backup; $FFF2-$FFF9 all FF
VECTORS FFFA-FFFF   = CF F0 00 F0 E3 F0
CPU RANGE           = $F000-$FFFF; 4096 bytes
SST39SF010A B3 PHYS = $1F000-$1FFFF; file offset $000-$FFF
SHA-256             = 9538D97854BA9D5D76143CBA0FEDB3B2E7CE18F977CE89557406E63404026CB7
T48 BIN             = BUILD/v1.34/bin/str8n-v1.34-bank3-f000-ffff.bin
TOP UPDATE IMAGE    = BUILD/v1.34/generated/str8n-v1.34-top-image.inc; sum=$74C1; SHA256=9538D97854BA9D5D76143CBA0FEDB3B2E7CE18F977CE89557406E63404026CB7
wdc02as -G -L -S -W -I BUILD/v1.34/generated -DSTR8_TOP_EMBED=0 -DSTR8_DIRECTORY_REFRESH=0 -DSTR8_IN65_VERSION_134=1 tools/top-update/str8n-v1.23-top-update-2000.asm
WDC 65C02 Assembler  Version 3.49.1 Feb  6 2006 17:25:36
       Copyright (C) 1992-2006 by The Western Design Center, Inc.
        1 file(s) moved.
        1 file(s) moved.
wdcln -g -s -t -hm19 -j -o BUILD/v1.34/s19/str8n-v1.34-top-update-2000.s19 BUILD/obj/str8n-v1.34-top-update-2000.obj
WDC 65C816 Linker Version 3.49.1 Apr 24 2006 15:40:38
   Copyright (C) 1992-2006 The Western Design Center, Inc.

Section: ORG:    ROM ORG:  SIZE:
CODE     002000  002000     3000H ( 12288)
Total                       3000H ( 12288)

TOP UPDATE S19        = PASS; bytes=12288; S9=$2000; SHA256=247B7213A2E3CC970620C5E731BA3057895525CA5BE77803D7E7ED65B306412D
wdc02as -G -L -S -W -I BUILD/v1.34/generated -DSTR8_TOP_EMBED=0 -DSTR8_DIRECTORY_REFRESH=1 -DSTR8_IN65_VERSION_134=1 tools/top-update/str8n-v1.23-top-update-2000.asm
WDC 65C02 Assembler  Version 3.49.1 Feb  6 2006 17:25:36
       Copyright (C) 1992-2006 by The Western Design Center, Inc.
        1 file(s) moved.
        1 file(s) moved.
wdcln -g -s -t -hm19 -j -o BUILD/v1.34/s19/str8n-v1.34-directory-refresh-2000.s19 BUILD/obj/str8n-v1.34-directory-refresh-2000.obj
WDC 65C816 Linker Version 3.49.1 Apr 24 2006 15:40:38
   Copyright (C) 1992-2006 The Western Design Center, Inc.

Section: ORG:    ROM ORG:  SIZE:
CODE     002000  002000     3000H ( 12288)
Total                       3000H ( 12288)

DIRECTORY REFRESH S19 = PASS; bytes=12288; S9=$2000; SHA256=FA44BB17C19A99A6CBC105EE8CF5539CD04C3D55DDF6886578608B95BA42A62F
WDCMONV2 EXTERNAL TOP = BUILD/v1.34/bin/str8n-v1.34-wdcmonv2-bank3-f000-ffff.bin; exact canonical 4096-byte BIN; FNV1A=9AA5AEE2; SHA256=9538D97854BA9D5D76143CBA0FEDB3B2E7CE18F977CE89557406E63404026CB7
wdc02as -G -L -S -W -I BUILD/v1.34/generated -DSTR8_IN65_VERSION_134=1 tools/wdcmonv2/wdcmonv2str8n-install-2000.asm
WDC 65C02 Assembler  Version 3.49.1 Feb  6 2006 17:25:36
       Copyright (C) 1992-2006 by The Western Design Center, Inc.
        1 file(s) moved.
        1 file(s) moved.
wdcln -g -s -t -hm19 -j -o BUILD/v1.34/s19/str8n-v1.34-wdcmonv2-install-2000.s19 BUILD/obj/str8n-v1.34-wdcmonv2-install-2000.obj
WDC 65C816 Linker Version 3.49.1 Apr 24 2006 15:40:38
   Copyright (C) 1992-2006 The Western Design Center, Inc.

Section: ORG:    ROM ORG:  SIZE:
CODE     002000  002000      9B5H (  2485)
Total                        9B5H (  2485)

WDCMONV2 LOADER S19  = PASS; range=$2000-$29B4; S9=$2000; no embedded top
EXTERNAL STR8-N BIN  = PASS; exact canonical 4096-byte top; SHA256=9538D97854BA9D5D76143CBA0FEDB3B2E7CE18F977CE89557406E63404026CB7
GATE ORDER           = B0 POLICY -> COPY -> B0 EXACT -> RECEIVE BIN -> INSTALL; B1/B2 untouched
STR8-N MANIFEST     = BUILD/str8n-manifest.json
GIT COMMIT          = 846032d48e4345e389dfd6b0b5d40c1e70e10129
TOP BIN SHA-256     = 9538D97854BA9D5D76143CBA0FEDB3B2E7CE18F977CE89557406E63404026CB7
WORKER SHA-256      = 485BA4C3ADCD622EAE90D74DE6FEB5BA8EBE0EAD6FC764CB9DBE6133B51324CC
BANK MAINT SHA-256  = 95AEE537E486E6A16E40DBD3CE7BAA181D018F44AB13F6A29601779D77650C2F
CONSOLE ABI SHA-256 = 25C2F6CCE1F22BF09916739B9BB9C382BD71CF86403C8F58E1E1EDC97C8CDE77
TOP UPDATE SHA-256   = 247B7213A2E3CC970620C5E731BA3057895525CA5BE77803D7E7ED65B306412D
DIR REFRESH SHA-256  = FA44BB17C19A99A6CBC105EE8CF5539CD04C3D55DDF6886578608B95BA42A62F
WDC ARCHIVE SHA-256  = 5E0811701830821022EDE13B7B8E5FA26392F0CAF42D3FB8993C7CDFA5698F5C
WDC INSTALL SHA-256  = 0958968D8857DB7DF79F766357544ABACB604DF0B129A571128BBA1A46D3F395
WDC TOP BIN SHA-256  = 9538D97854BA9D5D76143CBA0FEDB3B2E7CE18F977CE89557406E63404026CB7
PUBLIC ABI SHA-256   = 947F8D096EBE42CE07C072E179B618115341E390D0975131B6204D863C95E4DD
make[1]: Leaving directory `C:/SRC/STR8-N'
STR8-N EXTERNAL      = PASS; 1.34 846032d4
STR8-N TOP SHA-256   = 9538D97854BA9D5D76143CBA0FEDB3B2E7CE18F977CE89557406E63404026CB7
STR8-N ABI SHA-256   = 947F8D096EBE42CE07C072E179B618115341E390D0975131B6204D863C95E4DD
STR8-N PUBLIC ABI    = BUILD/inc/str8n-public.inc
HIMON visible version   = HIMON V 00.0915(2324)
ASM-F2 visible version  = ASM-F2 00.0915(2324)
R-YORS logo version     = VERSION .0915
wdc02as -G -L -S -W -I BUILD -I BUILD/inc HIMON/himon.asm
WDC 65C02 Assembler  Version 3.49.1 Feb  6 2006 17:25:36
       Copyright (C) 1992-2006 by The Western Design Center, Inc.
wdcln -g -s -t -cC000 -hm19 -j -o BUILD/s19/himon-rom-c000.s19 BUILD/obj/HIMON/himon-rom-c000.obj -L BUILD\lib\rom
WDC 65C816 Linker Version 3.49.1 Apr 24 2006 15:40:38
   Copyright (C) 1992-2006 The Western Design Center, Inc.

Section: ORG:    ROM ORG:  SIZE:
CODE     00C000  00C000     2954H ( 10580)
DATA     00E954  00E954      496H (  1174)
Total                       2DEAH ( 11754)

"Built BUILD/s19/himon-rom-c000.s19."
make[1]: Entering directory `C:/SRC/R-YORS/SRC'
[ps] sync sidecar artifacts
"Synced sidecar artifacts into BUILD/{lst,sym,map,bin,s19}."
make[1]: Leaving directory `C:/SRC/R-YORS/SRC'
wdc02as -G -L -S -W -I BUILD -I BUILD/inc ASM/asm-v1-flash.asm
WDC 65C02 Assembler  Version 3.49.1 Feb  6 2006 17:25:36
       Copyright (C) 1992-2006 by The Western Design Center, Inc.
powershell -NoProfile -ExecutionPolicy Bypass -Command "Copy-Item -LiteralPath 'ASM\asm-v1-flash.obj' -Destination 'BUILD\obj\ASM\asm-v1-flash.obj' -Force"
wdc02as -G -L -S -W -I BUILD -I BUILD/inc -DASM_RUNTIME_ONLY -DASM_FLASH_RUNTIME -DASM_PACKAGE_ENABLED ASM/asm-v1-core.asm
WDC 65C02 Assembler  Version 3.49.1 Feb  6 2006 17:25:36
       Copyright (C) 1992-2006 by The Western Design Center, Inc.
powershell -NoProfile -ExecutionPolicy Bypass -Command "Copy-Item -LiteralPath 'ASM\asm-v1-core.obj' -Destination 'BUILD\obj\ASM\asm-v1-flash-runtime.obj' -Force"
wdcln -g -s -t -c8000 -u5000 -hm19 -j -o BUILD/s19/asm-v1-flash-8000.s19 BUILD/obj/ASM/asm-v1-flash.obj BUILD/obj/ASM/asm-v1-flash-runtime.obj
WDC 65C816 Linker Version 3.49.1 Apr 24 2006 15:40:38
   Copyright (C) 1992-2006 The Western Design Center, Inc.

Section: ORG:    ROM ORG:  SIZE:
CODE     008000  008000     38CEH ( 14542)
DATA     00B8CE  00B8CE      2B5H (   693)
UDATA    005000  ------     1D6EH (  7534)
Total                       58F1H ( 22769)

[ps] set S9 start from START in BUILD/s19/asm-v1-flash-8000.s19
asm-v1-flash headroom to C000 = 047D (_END_DATA=BB83)
asm-v1-flash RAM map low=0200-19FF user=1A00-1FFF udata=5000-6D6E upper=6D6E-7CFF
"Built BUILD/s19/asm-v1-flash-8000.s19."
make[1]: Entering directory `C:/SRC/R-YORS/SRC'
[ps] sync sidecar artifacts
"Synced sidecar artifacts into BUILD/{lst,sym,map,bin,s19}."
make[1]: Leaving directory `C:/SRC/R-YORS/SRC'
powershell -NoProfile -ExecutionPolicy Bypass -File tools/write_apman_worker_inc.ps1 -SourcePath "../../STR8-N/tools/bank-maint/str8n-v1.23-bank-maint-2000.asm" -OutPath "BUILD/inc/apman-str8-worker.inc"
APMAN worker include unchanged: BUILD/inc/apman-str8-worker.inc
wdc02as -G -L -S -W -I BUILD -I BUILD/inc APPS/apman-7000.asm
WDC 65C02 Assembler  Version 3.49.1 Feb  6 2006 17:25:36
       Copyright (C) 1992-2006 by The Western Design Center, Inc.
        1 file(s) moved.
wdcln -g -s -t -c7000 -hm19 -j -o BUILD/s19/apman-7000.s19 BUILD/obj/APPS/apman-7000.obj
WDC 65C816 Linker Version 3.49.1 Apr 24 2006 15:40:38
   Copyright (C) 1992-2006 The Western Design Center, Inc.

Section: ORG:    ROM ORG:  SIZE:
CODE     007000  007000      BFCH (  3068)
Total                        BFCH (  3068)

[ps] set S9 start $7000 in BUILD/s19/apman-7000.s19
powershell -NoProfile -ExecutionPolicy Bypass -File tools/build_ap_fixed_package.ps1 -S19Path "BUILD/s19/apman-7000.s19" -MapPath "BUILD/s19/apman-7000.map" -PackagePath "BUILD/bin/apman-v1.ap" -BaseAddress 0x7000 -EntrySymbol APMAN -ExportName APMAN -EndSymbol APMAN_IMAGE_END
AP package built: C:\SRC\R-YORS\SRC\BUILD\bin\apman-v1.ap
  body: $7000-$7BFC len=$0BFC
  entry/export: APMAN @ $7000 offset=$0000
  fnv32: $2E7174F4
  imports/relocations: 0/0
  package length: $0C2A
  head: 41 50 02 2A 0C 53 0B 00 01 00 70 FC 7B FC 0B F4 74 71 2E 52 01 00 00 45
powershell -NoProfile -ExecutionPolicy Bypass -File tools/build_ap_carrier_sector.ps1 -PackagePath "BUILD/bin/apman-v1.ap" -BinPath "BUILD/bin/apman-v1-bank2-8000.bin"
AP carrier sector built: C:\SRC\R-YORS\SRC\BUILD\bin\apman-v1-bank2-8000.bin
  envelope: $0000-$0C29 length=$0C2A
  sector:   $0000-$0FFF length=$1000; erased tail verified
powershell -NoProfile -ExecutionPolicy Bypass -File tools/build_rom_install_s19.ps1 -BinPath "BUILD/bin/apman-v1-bank2-8000.bin" -S19Path "BUILD/s19/apman-v1-bank2-8000.s19" -BaseAddress 0x8000 -StartAddress 0x8000
BIN                  = BUILD/bin/apman-v1-bank2-8000.bin
Install S19          = BUILD/s19/apman-v1-bank2-8000.s19
Address range        = 8000-8FFF
S9 start             = 8000
Record types         = S1 S9
All-FF S1 records    = kept
APMAN bootstrap OK: package=$0C2A; dense BIN/S19=$8000-$8FFF; S9=$8000
APMAN inspect check OK package=$0C2A body-end=$7BFC sections=S:0005-0012,R:0013-0016,E:0017-0026,I:0027-002A,B:002B-0C29 dump=0000-003F self=APMAN read-only LED=SECTOR|BANK
"Built APMAN carrier manager: BUILD/s19/apman-7000.s19, BUILD/bin/apman-v1.ap, BUILD/bin/apman-v1-bank2-8000.bin, and BUILD/s19/apman-v1-bank2-8000.s19."
wdc02as -G -L -S -W -I BUILD -I BUILD/inc HIMON/himon.asm
WDC 65C02 Assembler  Version 3.49.1 Feb  6 2006 17:25:36
       Copyright (C) 1992-2006 by The Western Design Center, Inc.
wdcln -g -s -t -cC000 -hm19 -j -o BUILD/s19/himon-c000.s19 BUILD/obj/HIMON/himon-c000.obj -L BUILD\lib\rom
WDC 65C816 Linker Version 3.49.1 Apr 24 2006 15:40:38
   Copyright (C) 1992-2006 The Western Design Center, Inc.

Section: ORG:    ROM ORG:  SIZE:
CODE     00C000  00C000     2954H ( 10580)
DATA     00E954  00E954      496H (  1174)
Total                       2DEAH ( 11754)

[ps] build BUILD/bin/himon-rom-c000.bin
Symbols NMI/RESET/IRQ = SYS_VEC_ENTRY_NMI/START/SYS_VEC_ENTRY_IRQ_MASTER
Vectors NMI/RESET/IRQ = E607/C000/E60A
Image layout          = 32K ROM bank image
Bank offset           = 0x00000
Bank head @ 8000      = FF FF FF FF FF FF FF FF FF FF FF FF FF FF FF FF
Reset head @ C000   = 4C 07 C0 A5 5A C3 3C 78 D8 A2 FF 9A A2 03 20 14
Tail FFFA-FFFF       = 07 E6 00 C0 0A E6
BIN                 = BUILD/bin/himon-rom-c000.bin
[ps] clean HIMON ROM vector temp
[ps] stamp BUILD/bin/himon-rom-c000.bin
STAMP BIN                 = ROM_IMAGES\himon-rom-c000-2026-09-16T09-51-05-00.bin
[ps] build BUILD/s19/himon-rom-c000-install-8000.s19
BIN                  = BUILD/bin/himon-rom-c000.bin
Install S19          = BUILD/s19/himon-rom-c000-install-8000.s19
Address range        = 8000-FFFF
S9 start             = C000
Record types         = S1 S9
All-FF S1 records    = kept
Vectors FFFA-FFFF    = 07 E6 00 C0 0A E6
[ps] build STR8-N I payload BUILD/s19/himon-apv2-bank3-c-e.s19
BIN                  = BUILD/bin/himon-rom-c000.bin
Install S19          = BUILD/s19/himon-apv2-bank3-c-e.s19
Address range        = C000-EFFF
S9 start             = C000
Record types         = S1 S9
All-FF S1 records    = kept
R-YORS FLASH S19 = BUILD/s19/ryors-v1.2-asm-bank3-8-b.s19
RANGE/S9         = $8000-$BFFF / $FFFF
BYTES/RECORDS    = 16384 / 513
R-YORS FLASH S19 = BUILD/s19/ryors-v1.2-himon-bank3-c-e.s19
RANGE/S9         = $C000-$EFFF / $C000
BYTES/RECORDS    = 12288 / 385
R-YORS FLASH S19 = BUILD/s19/ryors-v1.2-himon-asm-bank3-8-e.s19
RANGE/S9         = $8000-$EFFF / $C000
BYTES/RECORDS    = 28672 / 897
make[1]: Entering directory `C:/SRC/STR8-N'
RESIDENT            = $F000-$FCF1; 3314 bytes
UNUSED MARGIN        = $FCF2-$FD77; 134 bytes (minimum 128)
UNIFIED WORKER       = run $0200-$0437; store $FD78-$FFAF; 568 bytes
SELECTOR PREFIX      = $0200-$0226; 39 bytes
WORKER S19 SHA-256   = 485BA4C3ADCD622EAE90D74DE6FEB5BA8EBE0EAD6FC764CB9DBE6133B51324CC
DIRECTORY/CONFIG/VEC = $FFB0-$FFEF / $FFF0-$FFF9 / $FFFA-$FFFF
PUBLIC RESIDENT ABI  = INIT $F003; QUERY $F006; CHARIN $F013; CHAROUT $F019; READY $F03E
RAM ABI              = $12; LOW USER $1A00-$1FFF; STR8 STATE $7DE7-$7DFF
LAYOUT CHECK         = PASS
STR8 RESIDENT       = $F000-$FCF1
UNIFIED WORKER      = run $0200-$0437; stored $FD78-$FFAF
NEW DIRECTORY       = $FFB0-$FFEF; all FF
SECTOR ROLES        = $FFF0=$1E B1:E WORK; $FFF1=$1F B1:F B3:F backup; $FFF2-$FFF9 all FF
VECTORS FFFA-FFFF   = CF F0 00 F0 E3 F0
CPU RANGE           = $F000-$FFFF; 4096 bytes
SST39SF010A B3 PHYS = $1F000-$1FFFF; file offset $000-$FFF
SHA-256             = 9538D97854BA9D5D76143CBA0FEDB3B2E7CE18F977CE89557406E63404026CB7
T48 BIN             = BUILD/v1.34/bin/str8n-v1.34-bank3-f000-ffff.bin
R-YORS FULL BANK    = PASS
CPU RANGE           = $8000-$FFFF; 32768 bytes
S1 RECORDS          = 1024
S9 / RESET          = $F000
IMAGE SHA256        = 0BDF68EFB56545F9761A5AFD6C15D7A7CBF52F87E42F40F5494DD088F8A0ECB1
S19 SHA256          = 8CC64C21781F08A342C73776836DFB07164A566453A22B1878336FAAE36126CB
OUTPUT               = BUILD/v1.34/s19/ryors-v1.2-str8n-himon-asm-bank0-2-8-f.s19
make[1]: Leaving directory `C:/SRC/STR8-N'
powershell -NoProfile -ExecutionPolicy Bypass -File tools/check_board_s19_identity.ps1 -S19Dir "BUILD/s19" -Str8FullBankPath "../../STR8-N/BUILD/v1.34/s19/ryors-v1.2-str8n-himon-asm-bank0-2-8-f.s19"
BOARD S19 IDENTITY = PASS; ASM=$3B83 HIMON=$2DEA targets=9
make: Leaving directory `C:/SRC/R-YORS/SRC'
