make: Entering directory `C:/SRC/R-YORS/SRC'
"C:/Program Files (x86)/GnuWin32/bin/make" -C "../../STR8-N" all bank-maint-menu str8-in65-top-update led-worker-test irq-test bank-maint-role-check top-backup-role-check
make[1]: Entering directory `C:/SRC/STR8-N'
RESIDENT            = $F000-$FCF1; 3314 bytes
UNUSED MARGIN        = $FCF2-$FD77; 134 bytes (minimum 128)
UNIFIED WORKER       = run $0200-$0437; store $FD78-$FFAF; 568 bytes
SELECTOR PREFIX      = $0200-$0226; 39 bytes
WORKER S19 SHA-256   = 485BA4C3ADCD622EAE90D74DE6FEB5BA8EBE0EAD6FC764CB9DBE6133B51324CC
DIRECTORY/CONFIG/VEC = $FFB0-$FFEF / $FFF0-$FFF9 / $FFFA-$FFFF
PUBLIC RESIDENT ABI  = INIT $F003; QUERY $F006; CHARIN $F013; CHAROUT $F019; READY $F03E
RAM ABI              = $12; LOW USER $1A00-$1FFF; STR8 STATE $7DE7-$7DFF
LAYOUT CHECK         = PASS
STR8 RESIDENT       = $F000-$FCF1
UNIFIED WORKER      = run $0200-$0437; stored $FD78-$FFAF
NEW DIRECTORY       = $FFB0-$FFEF; all FF
SECTOR ROLES        = $FFF0=$FF no WORK; $FFF1=$2F B2:F B3:F backup; $FFF2-$FFF9 all FF
VECTORS FFFA-FFFF   = CF F0 00 F0 E3 F0
CPU RANGE           = $F000-$FFFF; 4096 bytes
SST39SF010A B3 PHYS = $1F000-$1FFFF; file offset $000-$FFF
SHA-256             = 959C0142D9BF012C13DDDBA5AA35C5BCFE30C729A4E6370096E899A418B8266A
T48 BIN             = BUILD/v1.34/bin/str8n-v1.34-bank3-f000-ffff.bin
TOP UPDATE IMAGE    = BUILD/v1.34/generated/str8n-v1.34-top-image.inc; sum=$75B2; SHA256=959C0142D9BF012C13DDDBA5AA35C5BCFE30C729A4E6370096E899A418B8266A
wdc02as -G -L -S -W -I BUILD/v1.34/generated -DSTR8_TOP_EMBED=0 -DSTR8_DIRECTORY_REFRESH=0 -DSTR8_IN65_VERSION_134=1 tools/top-update/str8n-v1.23-top-update-2000.asm
WDC 65C02 Assembler  Version 3.49.1 Feb  6 2006 17:25:36
       Copyright (C) 1992-2006 by The Western Design Center, Inc.
        1 file(s) moved.
        1 file(s) moved.
wdcln -g -s -t -hm19 -j -o BUILD/v1.34/s19/str8n-v1.34-top-update-2000.s19 BUILD/obj/str8n-v1.34-top-update-2000.obj
WDC 65C816 Linker Version 3.49.1 Apr 24 2006 15:40:38
   Copyright (C) 1992-2006 The Western Design Center, Inc.

Section: ORG:    ROM ORG:  SIZE:
CODE     002000  002000     3000H ( 12288)
Total                       3000H ( 12288)

TOP UPDATE S19        = PASS; bytes=12288; S9=$2000; SHA256=5BFD81F11ED50F0BA11BC42B27E462949A183689846B0675ED3F913381B3904E
wdc02as -G -L -S -W -I BUILD/v1.34/generated -DSTR8_TOP_EMBED=0 -DSTR8_DIRECTORY_REFRESH=1 -DSTR8_IN65_VERSION_134=1 tools/top-update/str8n-v1.23-top-update-2000.asm
WDC 65C02 Assembler  Version 3.49.1 Feb  6 2006 17:25:36
       Copyright (C) 1992-2006 by The Western Design Center, Inc.
        1 file(s) moved.
        1 file(s) moved.
wdcln -g -s -t -hm19 -j -o BUILD/v1.34/s19/str8n-v1.34-directory-refresh-2000.s19 BUILD/obj/str8n-v1.34-directory-refresh-2000.obj
WDC 65C816 Linker Version 3.49.1 Apr 24 2006 15:40:38
   Copyright (C) 1992-2006 The Western Design Center, Inc.

Section: ORG:    ROM ORG:  SIZE:
CODE     002000  002000     3000H ( 12288)
Total                       3000H ( 12288)

DIRECTORY REFRESH S19 = PASS; bytes=12288; S9=$2000; SHA256=B71C3888C39FF3D960D8E84DE7319AFF8F2D10DD796D9901F208238AC6A8D303
WDCMONV2 EXTERNAL TOP = BUILD/v1.34/bin/str8n-v1.34-wdcmonv2-bank3-f000-ffff.bin; exact canonical 4096-byte BIN; FNV1A=3C8E68C3; SHA256=959C0142D9BF012C13DDDBA5AA35C5BCFE30C729A4E6370096E899A418B8266A
wdc02as -G -L -S -W -I BUILD/v1.34/generated -DSTR8_IN65_VERSION_134=1 tools/wdcmonv2/wdcmonv2str8n-install-2000.asm
WDC 65C02 Assembler  Version 3.49.1 Feb  6 2006 17:25:36
       Copyright (C) 1992-2006 by The Western Design Center, Inc.
        1 file(s) moved.
        1 file(s) moved.
wdcln -g -s -t -hm19 -j -o BUILD/v1.34/s19/str8n-v1.34-wdcmonv2-install-2000.s19 BUILD/obj/str8n-v1.34-wdcmonv2-install-2000.obj
WDC 65C816 Linker Version 3.49.1 Apr 24 2006 15:40:38
   Copyright (C) 1992-2006 The Western Design Center, Inc.

Section: ORG:    ROM ORG:  SIZE:
CODE     002000  002000      9B5H (  2485)
Total                        9B5H (  2485)

WDCMONV2 LOADER S19  = PASS; range=$2000-$29B4; S9=$2000; no embedded top
EXTERNAL STR8-N BIN  = PASS; exact canonical 4096-byte top; SHA256=959C0142D9BF012C13DDDBA5AA35C5BCFE30C729A4E6370096E899A418B8266A
GATE ORDER           = B0 POLICY -> COPY -> B0 EXACT -> RECEIVE BIN -> INSTALL; B1/B2 untouched
STR8-N MANIFEST     = BUILD/str8n-manifest.json
GIT COMMIT          = 846032d48e4345e389dfd6b0b5d40c1e70e10129 (dirty)
TOP BIN SHA-256     = 959C0142D9BF012C13DDDBA5AA35C5BCFE30C729A4E6370096E899A418B8266A
WORKER SHA-256      = 485BA4C3ADCD622EAE90D74DE6FEB5BA8EBE0EAD6FC764CB9DBE6133B51324CC
BANK MAINT SHA-256  = 95AEE537E486E6A16E40DBD3CE7BAA181D018F44AB13F6A29601779D77650C2F
CONSOLE ABI SHA-256 = 25C2F6CCE1F22BF09916739B9BB9C382BD71CF86403C8F58E1E1EDC97C8CDE77
TOP UPDATE SHA-256   = 5BFD81F11ED50F0BA11BC42B27E462949A183689846B0675ED3F913381B3904E
DIR REFRESH SHA-256  = B71C3888C39FF3D960D8E84DE7319AFF8F2D10DD796D9901F208238AC6A8D303
WDC ARCHIVE SHA-256  = 5E0811701830821022EDE13B7B8E5FA26392F0CAF42D3FB8993C7CDFA5698F5C
WDC INSTALL SHA-256  = 907AF382DB3537B20D04306966686B9A5E99D5821E405087295BA691A266623E
WDC TOP BIN SHA-256  = 959C0142D9BF012C13DDDBA5AA35C5BCFE30C729A4E6370096E899A418B8266A
PUBLIC ABI SHA-256   = FC7672F4CE73898FFD4DB2278CAFA5B88C0EA690C6481DBE21EA9B6391B4F7C7
S19 RANGE MATRIX    = PASS
BANKS 0-2 SIZES     = 4K, 8K, 12K, 16K, 20K, 24K, 28K, 32K
BANK 3 SIZES        = 4K, 8K, 12K, 16K, 20K, 24K, 28K
MATRIX ARTIFACTS    = C:\SRC\STR8-N\BUILD\v1.34\test\range-matrix
RAM LOAD CONTRACT   = PASS
S1 DESTINATIONS     = $2000-$7AFF, complete record span
S9 EXECUTION        = $2000-$7AFF, automatic after nonempty load
FAILURE QUENCH      = validated S9 or Ctrl-C
LINKED L COMMAND    = $F27E
RAM ABI SOURCE CHECK = PASS; $1A00-$1FFF has no active allocation
WDCMONV2 HOST BRIDGE SELF-TEST = PASS
PROTOCOL EMULATOR = PASS; $0C/$02/$03/$06 EXACT WIRE FRAMES
SESSION EVENT LOG SELF-TEST = PASS
S19 SHA256 = 5E0811701830821022EDE13B7B8E5FA26392F0CAF42D3FB8993C7CDFA5698F5C
RAM RANGE  = $2000-$250E (1295 bytes)
ENTRY      = $2000
RAM FNV1A  = 1EBB147C
MIGRATION S19 = VALID
S19 SHA256 = 907AF382DB3537B20D04306966686B9A5E99D5821E405087295BA691A266623E
RAM RANGE  = $2000-$29B4 (2485 bytes)
ENTRY      = $2000
RAM FNV1A  = 34C277D0
MIGRATION S19 = VALID
STR8-iN/65 PROMOTION = PASS
CANONICAL SHA256      = 959C0142D9BF012C13DDDBA5AA35C5BCFE30C729A4E6370096E899A418B8266A
ACCEPTED SHA256       = 959C0142D9BF012C13DDDBA5AA35C5BCFE30C729A4E6370096E899A418B8266A
MIGRATION SHA256      = 959C0142D9BF012C13DDDBA5AA35C5BCFE30C729A4E6370096E899A418B8266A
EXTERNAL BIN CONTRACT  = byte-identical canonical top; D0 adoption follows boot
python tools/test_resident_reclaim.py
DELAY A=$23: 7937237 cycles / 0.992155s at 8 MHz
DELAY A=$49: 16554801 cycles / 2.069350s at 8 MHz
DELAY A=$6A: 24038475 cycles / 3.004809s at 8 MHz
RESIDENT RECLAIM PASS: 26 compiled message-page calls, 1560 linked parser cases, 134-byte margin
wdc02as -G -L -S -W -I tools/bank-maint -I tools/top-update -I BUILD/v1.34/generated -DSTR8_IN65_BANK_MAINT=0 -DSTR8_IN65_VERSION_134=1 tools/bank-maint/str8n-v1.23-bank-maint-menu-2000.asm
WDC 65C02 Assembler  Version 3.49.1 Feb  6 2006 17:25:36
       Copyright (C) 1992-2006 by The Western Design Center, Inc.
        1 file(s) moved.
        1 file(s) moved.
wdcln -g -s -t -hm19 -j -o BUILD/v1.34/s19/str8n-v1.34-bank-maint-menu-2000.s19 BUILD/obj/str8n-v1.34-bank-maint-menu-2000.obj
WDC 65C816 Linker Version 3.49.1 Apr 24 2006 15:40:38
   Copyright (C) 1992-2006 The Western Design Center, Inc.

Section: ORG:    ROM ORG:  SIZE:
CODE     002000  002000     3000H ( 12288)
Total                       3000H ( 12288)

BANK MAINT MENU S19   = PASS
S1 RECORDS          = 768
DATA BYTES          = 12288
ADDRESS SPAN        = $2000-$4FFF
S9 EXECUTION        = $2000
PRIVATE WORKER      = FFCDB4201C913FC9B3E3F3D438A98940F76967C5E62F843A2DC32CFF1D1AD1B2
SHA256              = A3AEE8E295EA0DAE666AFC0F43530D1AA2F6CB286433B14E1C58B83E0856E7B4
TOP UPDATE S19        = PASS; bytes=12288; S9=$2000; SHA256=A3AEE8E295EA0DAE666AFC0F43530D1AA2F6CB286433B14E1C58B83E0856E7B4
BANK MAINT MENU .A = tools/bank-maint/str8n-v1.34-bank-maint-menu-2000.a; bytes=12288; spans=$2000-$4FFF
make[1]: Nothing to be done for `str8-in65-top-update'.
make[1]: Nothing to be done for `led-worker-test'.
make[1]: Nothing to be done for `irq-test'.
python tools/test_bank_maint_roles.py
BANK MAINT ROLE STARTUP: 432 linked cases PASS; roles read from B3, entry bank restored, no worker dispatch or flash writes
python tools/test_top_backup_roles.py
top-update: B2:F backup and B3:F recovery PASS; new roles installed; old roles restored; B0/B1 unchanged
directory-refresh: B2:F backup and B3:F recovery PASS; new roles installed; old roles restored; B0/B1 unchanged
str8-in65-top-update: B2:F backup and B3:F recovery PASS; new roles installed; old roles restored; B0/B1 unchanged
bank-maint-menu: B2:F backup and B3:F recovery PASS; new roles installed; old roles restored; B0/B1 unchanged
make[1]: Leaving directory `C:/SRC/STR8-N'
python -B tools/export_ram_transients.py --str8-home "../../STR8-N"
Exported 40 RAM images in A/S19/BIN to C:\SRC\R-YORS\RAM-TRANSIENTS
HIMON visible version   = HIMON V 00.0915(2324)
ASM-F2 visible version  = ASM-F2 00.0915(2324)
R-YORS logo version     = VERSION .0915
wdc02as -G -L -S -W -I BUILD -I BUILD/inc ASM/asm-v1-flash.asm
WDC 65C02 Assembler  Version 3.49.1 Feb  6 2006 17:25:36
       Copyright (C) 1992-2006 by The Western Design Center, Inc.
powershell -NoProfile -ExecutionPolicy Bypass -Command "Copy-Item -LiteralPath 'ASM\asm-v1-flash.obj' -Destination 'BUILD\obj\ASM\asm-v1-flash.obj' -Force"
wdcln -g -s -t -c8000 -u5000 -hm19 -j -o BUILD/s19/asm-v1-flash-8000.s19 BUILD/obj/ASM/asm-v1-flash.obj BUILD/obj/ASM/asm-v1-flash-runtime.obj
WDC 65C816 Linker Version 3.49.1 Apr 24 2006 15:40:38
   Copyright (C) 1992-2006 The Western Design Center, Inc.

Section: ORG:    ROM ORG:  SIZE:
CODE     008000  008000     38CEH ( 14542)
DATA     00B8CE  00B8CE      2B5H (   693)
UDATA    005000  ------     1D6EH (  7534)
Total                       58F1H ( 22769)

[ps] set S9 start from START in BUILD/s19/asm-v1-flash-8000.s19
asm-v1-flash headroom to C000 = 047D (_END_DATA=BB83)
asm-v1-flash RAM map low=0200-19FF user=1A00-1FFF udata=5000-6D6E upper=6D6E-7CFF
make[1]: Entering directory `C:/SRC/STR8-N'
RESIDENT            = $F000-$FCF1; 3314 bytes
UNUSED MARGIN        = $FCF2-$FD77; 134 bytes (minimum 128)
UNIFIED WORKER       = run $0200-$0437; store $FD78-$FFAF; 568 bytes
SELECTOR PREFIX      = $0200-$0226; 39 bytes
WORKER S19 SHA-256   = 485BA4C3ADCD622EAE90D74DE6FEB5BA8EBE0EAD6FC764CB9DBE6133B51324CC
DIRECTORY/CONFIG/VEC = $FFB0-$FFEF / $FFF0-$FFF9 / $FFFA-$FFFF
PUBLIC RESIDENT ABI  = INIT $F003; QUERY $F006; CHARIN $F013; CHAROUT $F019; READY $F03E
RAM ABI              = $12; LOW USER $1A00-$1FFF; STR8 STATE $7DE7-$7DFF
LAYOUT CHECK         = PASS
STR8 RESIDENT       = $F000-$FCF1
UNIFIED WORKER      = run $0200-$0437; stored $FD78-$FFAF
NEW DIRECTORY       = $FFB0-$FFEF; all FF
SECTOR ROLES        = $FFF0=$FF no WORK; $FFF1=$2F B2:F B3:F backup; $FFF2-$FFF9 all FF
VECTORS FFFA-FFFF   = CF F0 00 F0 E3 F0
CPU RANGE           = $F000-$FFFF; 4096 bytes
SST39SF010A B3 PHYS = $1F000-$1FFFF; file offset $000-$FFF
SHA-256             = 959C0142D9BF012C13DDDBA5AA35C5BCFE30C729A4E6370096E899A418B8266A
T48 BIN             = BUILD/v1.34/bin/str8n-v1.34-bank3-f000-ffff.bin
TOP UPDATE IMAGE    = BUILD/v1.34/generated/str8n-v1.34-top-image.inc; sum=$75B2; SHA256=959C0142D9BF012C13DDDBA5AA35C5BCFE30C729A4E6370096E899A418B8266A
wdc02as -G -L -S -W -I BUILD/v1.34/generated -DSTR8_TOP_EMBED=0 -DSTR8_DIRECTORY_REFRESH=0 -DSTR8_IN65_VERSION_134=1 tools/top-update/str8n-v1.23-top-update-2000.asm
WDC 65C02 Assembler  Version 3.49.1 Feb  6 2006 17:25:36
       Copyright (C) 1992-2006 by The Western Design Center, Inc.
        1 file(s) moved.
        1 file(s) moved.
wdcln -g -s -t -hm19 -j -o BUILD/v1.34/s19/str8n-v1.34-top-update-2000.s19 BUILD/obj/str8n-v1.34-top-update-2000.obj
WDC 65C816 Linker Version 3.49.1 Apr 24 2006 15:40:38
   Copyright (C) 1992-2006 The Western Design Center, Inc.

Section: ORG:    ROM ORG:  SIZE:
CODE     002000  002000     3000H ( 12288)
Total                       3000H ( 12288)

TOP UPDATE S19        = PASS; bytes=12288; S9=$2000; SHA256=5BFD81F11ED50F0BA11BC42B27E462949A183689846B0675ED3F913381B3904E
wdc02as -G -L -S -W -I BUILD/v1.34/generated -DSTR8_TOP_EMBED=0 -DSTR8_DIRECTORY_REFRESH=1 -DSTR8_IN65_VERSION_134=1 tools/top-update/str8n-v1.23-top-update-2000.asm
WDC 65C02 Assembler  Version 3.49.1 Feb  6 2006 17:25:36
       Copyright (C) 1992-2006 by The Western Design Center, Inc.
        1 file(s) moved.
        1 file(s) moved.
wdcln -g -s -t -hm19 -j -o BUILD/v1.34/s19/str8n-v1.34-directory-refresh-2000.s19 BUILD/obj/str8n-v1.34-directory-refresh-2000.obj
WDC 65C816 Linker Version 3.49.1 Apr 24 2006 15:40:38
   Copyright (C) 1992-2006 The Western Design Center, Inc.

Section: ORG:    ROM ORG:  SIZE:
CODE     002000  002000     3000H ( 12288)
Total                       3000H ( 12288)

DIRECTORY REFRESH S19 = PASS; bytes=12288; S9=$2000; SHA256=B71C3888C39FF3D960D8E84DE7319AFF8F2D10DD796D9901F208238AC6A8D303
WDCMONV2 EXTERNAL TOP = BUILD/v1.34/bin/str8n-v1.34-wdcmonv2-bank3-f000-ffff.bin; exact canonical 4096-byte BIN; FNV1A=3C8E68C3; SHA256=959C0142D9BF012C13DDDBA5AA35C5BCFE30C729A4E6370096E899A418B8266A
wdc02as -G -L -S -W -I BUILD/v1.34/generated -DSTR8_IN65_VERSION_134=1 tools/wdcmonv2/wdcmonv2str8n-install-2000.asm
WDC 65C02 Assembler  Version 3.49.1 Feb  6 2006 17:25:36
       Copyright (C) 1992-2006 by The Western Design Center, Inc.
        1 file(s) moved.
        1 file(s) moved.
wdcln -g -s -t -hm19 -j -o BUILD/v1.34/s19/str8n-v1.34-wdcmonv2-install-2000.s19 BUILD/obj/str8n-v1.34-wdcmonv2-install-2000.obj
WDC 65C816 Linker Version 3.49.1 Apr 24 2006 15:40:38
   Copyright (C) 1992-2006 The Western Design Center, Inc.

Section: ORG:    ROM ORG:  SIZE:
CODE     002000  002000      9B5H (  2485)
Total                        9B5H (  2485)

WDCMONV2 LOADER S19  = PASS; range=$2000-$29B4; S9=$2000; no embedded top
EXTERNAL STR8-N BIN  = PASS; exact canonical 4096-byte top; SHA256=959C0142D9BF012C13DDDBA5AA35C5BCFE30C729A4E6370096E899A418B8266A
GATE ORDER           = B0 POLICY -> COPY -> B0 EXACT -> RECEIVE BIN -> INSTALL; B1/B2 untouched
STR8-N MANIFEST     = BUILD/str8n-manifest.json
GIT COMMIT          = 846032d48e4345e389dfd6b0b5d40c1e70e10129 (dirty)
TOP BIN SHA-256     = 959C0142D9BF012C13DDDBA5AA35C5BCFE30C729A4E6370096E899A418B8266A
WORKER SHA-256      = 485BA4C3ADCD622EAE90D74DE6FEB5BA8EBE0EAD6FC764CB9DBE6133B51324CC
BANK MAINT SHA-256  = 95AEE537E486E6A16E40DBD3CE7BAA181D018F44AB13F6A29601779D77650C2F
CONSOLE ABI SHA-256 = 25C2F6CCE1F22BF09916739B9BB9C382BD71CF86403C8F58E1E1EDC97C8CDE77
TOP UPDATE SHA-256   = 5BFD81F11ED50F0BA11BC42B27E462949A183689846B0675ED3F913381B3904E
DIR REFRESH SHA-256  = B71C3888C39FF3D960D8E84DE7319AFF8F2D10DD796D9901F208238AC6A8D303
WDC ARCHIVE SHA-256  = 5E0811701830821022EDE13B7B8E5FA26392F0CAF42D3FB8993C7CDFA5698F5C
WDC INSTALL SHA-256  = 907AF382DB3537B20D04306966686B9A5E99D5821E405087295BA691A266623E
WDC TOP BIN SHA-256  = 959C0142D9BF012C13DDDBA5AA35C5BCFE30C729A4E6370096E899A418B8266A
PUBLIC ABI SHA-256   = FC7672F4CE73898FFD4DB2278CAFA5B88C0EA690C6481DBE21EA9B6391B4F7C7
make[1]: Leaving directory `C:/SRC/STR8-N'
STR8-N EXTERNAL      = PASS; 1.34 846032d4
STR8-N TOP SHA-256   = 959C0142D9BF012C13DDDBA5AA35C5BCFE30C729A4E6370096E899A418B8266A
STR8-N ABI SHA-256   = FC7672F4CE73898FFD4DB2278CAFA5B88C0EA690C6481DBE21EA9B6391B4F7C7
STR8-N PUBLIC ABI    = BUILD/inc/str8n-public.inc
wdc02as -G -L -S -W -I BUILD -I BUILD/inc HIMON/himon.asm
WDC 65C02 Assembler  Version 3.49.1 Feb  6 2006 17:25:36
       Copyright (C) 1992-2006 by The Western Design Center, Inc.
wdcln -g -s -t -cC000 -hm19 -j -o BUILD/s19/himon-c000.s19 BUILD/obj/HIMON/himon-c000.obj -L BUILD\lib\rom
WDC 65C816 Linker Version 3.49.1 Apr 24 2006 15:40:38
   Copyright (C) 1992-2006 The Western Design Center, Inc.

Section: ORG:    ROM ORG:  SIZE:
CODE     00C000  00C000     2B62H ( 11106)
DATA     00EB62  00EB62      496H (  1174)
Total                       2FF8H ( 12280)

wdc02as -G -L -S -W -I BUILD -I BUILD/inc HIMON/himon.asm
WDC 65C02 Assembler  Version 3.49.1 Feb  6 2006 17:25:36
       Copyright (C) 1992-2006 by The Western Design Center, Inc.
wdcln -g -s -t -cC000 -hm19 -j -o BUILD/s19/himon-rom-c000.s19 BUILD/obj/HIMON/himon-rom-c000.obj -L BUILD\lib\rom
WDC 65C816 Linker Version 3.49.1 Apr 24 2006 15:40:38
   Copyright (C) 1992-2006 The Western Design Center, Inc.

Section: ORG:    ROM ORG:  SIZE:
CODE     00C000  00C000     2B62H ( 11106)
DATA     00EB62  00EB62      496H (  1174)
Total                       2FF8H ( 12280)

[ps] build BUILD/bin/himon-rom-c000.bin
Symbols NMI/RESET/IRQ = SYS_VEC_ENTRY_NMI/START/SYS_VEC_ENTRY_IRQ_MASTER
Vectors NMI/RESET/IRQ = E815/C000/E818
Image layout          = 32K ROM bank image
Bank offset           = 0x00000
Bank head @ 8000      = FF FF FF FF FF FF FF FF FF FF FF FF FF FF FF FF
Reset head @ C000   = 4C 07 C0 A5 5A C3 3C 78 D8 A2 FF 9A A2 03 20 14
Tail FFFA-FFFF       = 15 E8 00 C0 18 E8
BIN                 = BUILD/bin/himon-rom-c000.bin
[ps] clean HIMON ROM vector temp
[ps] stamp BUILD/bin/himon-rom-c000.bin
STAMP BIN                 = ROM_IMAGES\himon-rom-c000-2026-09-16T15-24-05-00.bin
[ps] build BUILD/s19/himon-rom-c000-install-8000.s19
BIN                  = BUILD/bin/himon-rom-c000.bin
Install S19          = BUILD/s19/himon-rom-c000-install-8000.s19
Address range        = 8000-FFFF
S9 start             = C000
Record types         = S1 S9
All-FF S1 records    = kept
Vectors FFFA-FFFF    = 15 E8 00 C0 18 E8
[ps] build STR8-N I payload BUILD/s19/himon-apv2-bank3-c-e.s19
BIN                  = BUILD/bin/himon-rom-c000.bin
Install S19          = BUILD/s19/himon-apv2-bank3-c-e.s19
Address range        = C000-EFFF
S9 start             = C000
Record types         = S1 S9
All-FF S1 records    = kept
R-YORS FLASH S19 = BUILD/s19/ryors-v1.2-asm-bank3-8-b.s19
RANGE/S9         = $8000-$BFFF / $FFFF
BYTES/RECORDS    = 16384 / 513
R-YORS FLASH S19 = BUILD/s19/ryors-v1.2-himon-bank3-c-e.s19
RANGE/S9         = $C000-$EFFF / $C000
BYTES/RECORDS    = 12288 / 385
R-YORS FLASH S19 = BUILD/s19/ryors-v1.2-himon-asm-bank3-8-e.s19
RANGE/S9         = $8000-$EFFF / $C000
BYTES/RECORDS    = 28672 / 897
make[1]: Entering directory `C:/SRC/STR8-N'
RESIDENT            = $F000-$FCF1; 3314 bytes
UNUSED MARGIN        = $FCF2-$FD77; 134 bytes (minimum 128)
UNIFIED WORKER       = run $0200-$0437; store $FD78-$FFAF; 568 bytes
SELECTOR PREFIX      = $0200-$0226; 39 bytes
WORKER S19 SHA-256   = 485BA4C3ADCD622EAE90D74DE6FEB5BA8EBE0EAD6FC764CB9DBE6133B51324CC
DIRECTORY/CONFIG/VEC = $FFB0-$FFEF / $FFF0-$FFF9 / $FFFA-$FFFF
PUBLIC RESIDENT ABI  = INIT $F003; QUERY $F006; CHARIN $F013; CHAROUT $F019; READY $F03E
RAM ABI              = $12; LOW USER $1A00-$1FFF; STR8 STATE $7DE7-$7DFF
LAYOUT CHECK         = PASS
STR8 RESIDENT       = $F000-$FCF1
UNIFIED WORKER      = run $0200-$0437; stored $FD78-$FFAF
NEW DIRECTORY       = $FFB0-$FFEF; all FF
SECTOR ROLES        = $FFF0=$FF no WORK; $FFF1=$2F B2:F B3:F backup; $FFF2-$FFF9 all FF
VECTORS FFFA-FFFF   = CF F0 00 F0 E3 F0
CPU RANGE           = $F000-$FFFF; 4096 bytes
SST39SF010A B3 PHYS = $1F000-$1FFFF; file offset $000-$FFF
SHA-256             = 959C0142D9BF012C13DDDBA5AA35C5BCFE30C729A4E6370096E899A418B8266A
T48 BIN             = BUILD/v1.34/bin/str8n-v1.34-bank3-f000-ffff.bin
R-YORS FULL BANK    = PASS
CPU RANGE           = $8000-$FFFF; 32768 bytes
S1 RECORDS          = 1024
S9 / RESET          = $F000
IMAGE SHA256        = 8FD2F1CA4122D1302968B97809EFDAD3D21AEBAF5B2073BAF0655F8DBE133F57
S19 SHA256          = 570DF8FDF0587FDF0D2B9035760078F87FB2C718E557D015492956EB3608D5B4
OUTPUT               = BUILD/v1.34/s19/ryors-v1.2-str8n-himon-asm-bank0-2-8-f.s19
make[1]: Leaving directory `C:/SRC/STR8-N'
powershell -NoProfile -ExecutionPolicy Bypass -File tools/check_board_s19_identity.ps1 -S19Dir "BUILD/s19" -Str8FullBankPath "../../STR8-N/BUILD/v1.34/s19/ryors-v1.2-str8n-himon-asm-bank0-2-8-f.s19"
BOARD S19 IDENTITY = PASS; ASM=$3B83 HIMON=$2FF8 targets=9
make: Leaving directory `C:/SRC/R-YORS/SRC'
