make: Entering directory `C:/SRC/R-YORS/SRC'
HIMON visible version   = HIMON V 00.0915(2324)
ASM-F2 visible version  = ASM-F2 00.0915(2324)
R-YORS logo version     = VERSION .0915
wdc02as -G -L -S -W -I BUILD -I BUILD/inc ASM/asm-v1-flash.asm
WDC 65C02 Assembler  Version 3.49.1 Feb  6 2006 17:25:36
       Copyright (C) 1992-2006 by The Western Design Center, Inc.
powershell -NoProfile -ExecutionPolicy Bypass -Command "Copy-Item -LiteralPath 'ASM\asm-v1-flash.obj' -Destination 'BUILD\obj\ASM\asm-v1-flash.obj' -Force"
wdcln -g -s -t -c8000 -u5000 -hm19 -j -o BUILD/s19/asm-v1-flash-8000.s19 BUILD/obj/ASM/asm-v1-flash.obj BUILD/obj/ASM/asm-v1-flash-runtime.obj
WDC 65C816 Linker Version 3.49.1 Apr 24 2006 15:40:38
   Copyright (C) 1992-2006 The Western Design Center, Inc.

Section: ORG:    ROM ORG:  SIZE:
CODE     008000  008000     38CEH ( 14542)
DATA     00B8CE  00B8CE      2B5H (   693)
UDATA    005000  ------     1D6EH (  7534)
Total                       58F1H ( 22769)

[ps] set S9 start from START in BUILD/s19/asm-v1-flash-8000.s19
asm-v1-flash headroom to C000 = 047D (_END_DATA=BB83)
asm-v1-flash RAM map low=0200-19FF user=1A00-1FFF udata=5000-6D6E upper=6D6E-7CFF
wdc02as -G -L -S -W -I BUILD -I BUILD/inc PROOFS/asm-session-report.asm
WDC 65C02 Assembler  Version 3.49.1 Feb  6 2006 17:25:36
       Copyright (C) 1992-2006 by The Western Design Center, Inc.
powershell -NoProfile -ExecutionPolicy Bypass -Command "Copy-Item -LiteralPath 'PROOFS\asm-session-report.obj' -Destination 'BUILD\obj\PROOFS\asm-session-report.obj' -Force"
wdcln -g -s -t -c7000 -hm19 -j -o BUILD/s19/asm-session-report-v1.2-7000.s19 BUILD/obj/PROOFS/asm-session-report.obj -L BUILD\lib\rom
WDC 65C816 Linker Version 3.49.1 Apr 24 2006 15:40:38
   Copyright (C) 1992-2006 The Western Design Center, Inc.

Section: ORG:    ROM ORG:  SIZE:
CODE     007000  007000      567H (  1383)
DATA     007567  007567      1B4H (   436)
Total                        71BH (  1819)

[ps] set S9 start $7000 in BUILD/s19/asm-session-report-v1.2-7000.s19
asm-session-report end = 771B (limit 7A00)
[ps] build BUILD/bin/asm-session-report-v1.2-7000.ap.bin
AP package built: C:\SRC\R-YORS\SRC\BUILD\bin\asm-session-report-v1.2-7000.ap.bin
  body: $7000-$771B len=$071B
  entry/export: ASMREPORT @ $7000 offset=$0000
  fnv32: $EC97828D
  imports/relocations: 0/0
  package length: $074B
  head: 41 50 02 4B 07 53 0B 00 01 00 70 1B 77 1B 07 8D 82 97 EC 52 01 00 00 45
ASM ABI v1 check passed; published $7E00-$7E40 addresses have one literal owner.
powershell -NoProfile -ExecutionPolicy Bypass -File tools/write_apman_worker_inc.ps1 -SourcePath "../../STR8-N/tools/bank-maint/str8n-v1.23-bank-maint-2000.asm" -OutPath "BUILD/inc/apman-str8-worker.inc"
APMAN worker include unchanged: BUILD/inc/apman-str8-worker.inc
APMAN bootstrap OK: package=$0C21; dense BIN/S19=$8000-$8FFF; S9=$8000
APMAN inspect check OK package=$0C21 body-end=$7BF3 sections=S:0005-0012,R:0013-0016,E:0017-0026,I:0027-002A,B:002B-0C20 dump=0000-003F self=APMAN read-only LED=SECTOR|BANK
"Built APMAN carrier manager: BUILD/s19/apman-7000.s19, BUILD/bin/apman-v1.ap, BUILD/bin/apman-v1-bank2-8000.bin, and BUILD/s19/apman-v1-bank2-8000.s19."
AP Store V1 check passed: AS1 packed-location FNV32 active-low-state candidates=24 active=1 retired=1 bad=1 opaque=1 header-ff=20
AP Store V1 capacity: sector=4096 header=16 record-overhead=21 empty-payload=4059 AP-max=4096 min-sectors=2
AP Store V1 chain model passed: mask=0A used=0A sectors=09,0B chunks=2 lengths=0F8F,0071 actions=4138 fault-cuts=4138
AP Store V1 delete model passed: tombstone=21 actions=21 fault-cuts=21 newest=0001 live=99 stale=161 free=16060 blocked=0
make[1]: Entering directory `C:/SRC/STR8-N'
RESIDENT            = $F000-$FCF1; 3314 bytes
UNUSED MARGIN        = $FCF2-$FD77; 134 bytes (minimum 128)
UNIFIED WORKER       = run $0200-$0437; store $FD78-$FFAF; 568 bytes
SELECTOR PREFIX      = $0200-$0226; 39 bytes
WORKER S19 SHA-256   = 485BA4C3ADCD622EAE90D74DE6FEB5BA8EBE0EAD6FC764CB9DBE6133B51324CC
DIRECTORY/CONFIG/VEC = $FFB0-$FFEF / $FFF0-$FFF9 / $FFFA-$FFFF
PUBLIC RESIDENT ABI  = INIT $F003; QUERY $F006; CHARIN $F013; CHAROUT $F019; READY $F03E
RAM ABI              = $12; LOW USER $1A00-$1FFF; STR8 STATE $7DE7-$7DFF
LAYOUT CHECK         = PASS
STR8 RESIDENT       = $F000-$FCF1
UNIFIED WORKER      = run $0200-$0437; stored $FD78-$FFAF
NEW DIRECTORY       = $FFB0-$FFEF; all FF
SECTOR ROLES        = $FFF0=$FF no WORK; $FFF1=$2F B2:F B3:F backup; $FFF2-$FFF9 all FF
VECTORS FFFA-FFFF   = CF F0 00 F0 E3 F0
CPU RANGE           = $F000-$FFFF; 4096 bytes
SST39SF010A B3 PHYS = $1F000-$1FFFF; file offset $000-$FFF
SHA-256             = 959C0142D9BF012C13DDDBA5AA35C5BCFE30C729A4E6370096E899A418B8266A
T48 BIN             = BUILD/v1.34/bin/str8n-v1.34-bank3-f000-ffff.bin
TOP UPDATE IMAGE    = BUILD/v1.34/generated/str8n-v1.34-top-image.inc; sum=$75B2; SHA256=959C0142D9BF012C13DDDBA5AA35C5BCFE30C729A4E6370096E899A418B8266A
wdc02as -G -L -S -W -I BUILD/v1.34/generated -DSTR8_TOP_EMBED=0 -DSTR8_DIRECTORY_REFRESH=0 -DSTR8_IN65_VERSION_134=1 tools/top-update/str8n-v1.23-top-update-2000.asm
WDC 65C02 Assembler  Version 3.49.1 Feb  6 2006 17:25:36
       Copyright (C) 1992-2006 by The Western Design Center, Inc.
        1 file(s) moved.
        1 file(s) moved.
wdcln -g -s -t -hm19 -j -o BUILD/v1.34/s19/str8n-v1.34-top-update-2000.s19 BUILD/obj/str8n-v1.34-top-update-2000.obj
WDC 65C816 Linker Version 3.49.1 Apr 24 2006 15:40:38
   Copyright (C) 1992-2006 The Western Design Center, Inc.

Section: ORG:    ROM ORG:  SIZE:
CODE     002000  002000     3000H ( 12288)
Total                       3000H ( 12288)

TOP UPDATE S19        = PASS; bytes=12288; S9=$2000; SHA256=5BFD81F11ED50F0BA11BC42B27E462949A183689846B0675ED3F913381B3904E
wdc02as -G -L -S -W -I BUILD/v1.34/generated -DSTR8_TOP_EMBED=0 -DSTR8_DIRECTORY_REFRESH=1 -DSTR8_IN65_VERSION_134=1 tools/top-update/str8n-v1.23-top-update-2000.asm
WDC 65C02 Assembler  Version 3.49.1 Feb  6 2006 17:25:36
       Copyright (C) 1992-2006 by The Western Design Center, Inc.
        1 file(s) moved.
        1 file(s) moved.
wdcln -g -s -t -hm19 -j -o BUILD/v1.34/s19/str8n-v1.34-directory-refresh-2000.s19 BUILD/obj/str8n-v1.34-directory-refresh-2000.obj
WDC 65C816 Linker Version 3.49.1 Apr 24 2006 15:40:38
   Copyright (C) 1992-2006 The Western Design Center, Inc.

Section: ORG:    ROM ORG:  SIZE:
CODE     002000  002000     3000H ( 12288)
Total                       3000H ( 12288)

DIRECTORY REFRESH S19 = PASS; bytes=12288; S9=$2000; SHA256=B71C3888C39FF3D960D8E84DE7319AFF8F2D10DD796D9901F208238AC6A8D303
WDCMONV2 EXTERNAL TOP = BUILD/v1.34/bin/str8n-v1.34-wdcmonv2-bank3-f000-ffff.bin; exact canonical 4096-byte BIN; FNV1A=3C8E68C3; SHA256=959C0142D9BF012C13DDDBA5AA35C5BCFE30C729A4E6370096E899A418B8266A
wdc02as -G -L -S -W -I BUILD/v1.34/generated -DSTR8_IN65_VERSION_134=1 tools/wdcmonv2/wdcmonv2str8n-install-2000.asm
WDC 65C02 Assembler  Version 3.49.1 Feb  6 2006 17:25:36
       Copyright (C) 1992-2006 by The Western Design Center, Inc.
        1 file(s) moved.
        1 file(s) moved.
wdcln -g -s -t -hm19 -j -o BUILD/v1.34/s19/str8n-v1.34-wdcmonv2-install-2000.s19 BUILD/obj/str8n-v1.34-wdcmonv2-install-2000.obj
WDC 65C816 Linker Version 3.49.1 Apr 24 2006 15:40:38
   Copyright (C) 1992-2006 The Western Design Center, Inc.

Section: ORG:    ROM ORG:  SIZE:
CODE     002000  002000      9B5H (  2485)
Total                        9B5H (  2485)

WDCMONV2 LOADER S19  = PASS; range=$2000-$29B4; S9=$2000; no embedded top
EXTERNAL STR8-N BIN  = PASS; exact canonical 4096-byte top; SHA256=959C0142D9BF012C13DDDBA5AA35C5BCFE30C729A4E6370096E899A418B8266A
GATE ORDER           = B0 POLICY -> COPY -> B0 EXACT -> RECEIVE BIN -> INSTALL; B1/B2 untouched
STR8-N MANIFEST     = BUILD/str8n-manifest.json
GIT COMMIT          = 846032d48e4345e389dfd6b0b5d40c1e70e10129 (dirty)
TOP BIN SHA-256     = 959C0142D9BF012C13DDDBA5AA35C5BCFE30C729A4E6370096E899A418B8266A
WORKER SHA-256      = 485BA4C3ADCD622EAE90D74DE6FEB5BA8EBE0EAD6FC764CB9DBE6133B51324CC
BANK MAINT SHA-256  = 95AEE537E486E6A16E40DBD3CE7BAA181D018F44AB13F6A29601779D77650C2F
CONSOLE ABI SHA-256 = 25C2F6CCE1F22BF09916739B9BB9C382BD71CF86403C8F58E1E1EDC97C8CDE77
TOP UPDATE SHA-256   = 5BFD81F11ED50F0BA11BC42B27E462949A183689846B0675ED3F913381B3904E
DIR REFRESH SHA-256  = B71C3888C39FF3D960D8E84DE7319AFF8F2D10DD796D9901F208238AC6A8D303
WDC ARCHIVE SHA-256  = 5E0811701830821022EDE13B7B8E5FA26392F0CAF42D3FB8993C7CDFA5698F5C
WDC INSTALL SHA-256  = 907AF382DB3537B20D04306966686B9A5E99D5821E405087295BA691A266623E
WDC TOP BIN SHA-256  = 959C0142D9BF012C13DDDBA5AA35C5BCFE30C729A4E6370096E899A418B8266A
PUBLIC ABI SHA-256   = FC7672F4CE73898FFD4DB2278CAFA5B88C0EA690C6481DBE21EA9B6391B4F7C7
make[1]: Leaving directory `C:/SRC/STR8-N'
STR8-N EXTERNAL      = PASS; 1.34 846032d4
STR8-N TOP SHA-256   = 959C0142D9BF012C13DDDBA5AA35C5BCFE30C729A4E6370096E899A418B8266A
STR8-N ABI SHA-256   = FC7672F4CE73898FFD4DB2278CAFA5B88C0EA690C6481DBE21EA9B6391B4F7C7
STR8-N PUBLIC ABI    = BUILD/inc/str8n-public.inc
wdc02as -G -L -S -W -I BUILD -I BUILD/inc HIMON/himon.asm
WDC 65C02 Assembler  Version 3.49.1 Feb  6 2006 17:25:36
       Copyright (C) 1992-2006 by The Western Design Center, Inc.
wdcln -g -s -t -cC000 -hm19 -j -o BUILD/s19/himon-rom-c000.s19 BUILD/obj/HIMON/himon-rom-c000.obj -L BUILD\lib\rom
WDC 65C816 Linker Version 3.49.1 Apr 24 2006 15:40:38
   Copyright (C) 1992-2006 The Western Design Center, Inc.

Section: ORG:    ROM ORG:  SIZE:
CODE     00C000  00C000     2B62H ( 11106)
DATA     00EB62  00EB62      496H (  1174)
Total                       2FF8H ( 12280)

AP Store inventory check: APMAN split pass; package=$0C21, bootstrap=$D407
wdc02as -G -L -S -W -I BUILD -I BUILD/inc -DAPSC_CHAIN_BUILD=0 -DAPSC_CHAIN_READER_BUILD=0 -DAPSO_OBJECT_BUILD=0 -DAPSC_SLICE6_BUILD=0 -DAPSC_DELETE_EXECUTOR_BUILD=0 -DAPSC_SLICE6_READER_BUILD=0 -DAPSC_READER_COMMON_ONLY=0 -DAPSC_WRITER_BUILD=0 PROOFS/ap-store-v1-sector-tool.asm
WDC 65C02 Assembler  Version 3.49.1 Feb  6 2006 17:25:36
       Copyright (C) 1992-2006 by The Western Design Center, Inc.
        1 file(s) moved.
wdcln -g -s -t -c7000 -hm19 -j -o BUILD/s19/ap-store-v1-sector-tool-7000.s19 BUILD/obj/PROOFS/ap-store-v1-sector-tool.obj
WDC 65C816 Linker Version 3.49.1 Apr 24 2006 15:40:38
   Copyright (C) 1992-2006 The Western Design Center, Inc.

Section: ORG:    ROM ORG:  SIZE:
CODE     007000  007000      6E1H (  1761)
DATA     0076E1  0076E1       78H (   120)
Total                        759H (  1881)

[ps] set S9 start $7000 in BUILD/s19/ap-store-v1-sector-tool-7000.s19
AP Store sector tool end = 7759 (limit 7C00)
[ps] build BUILD/bin/ap-store-v1-sector-tool-7000.ap.bin
AP package built: C:\SRC\R-YORS\SRC\BUILD\bin\ap-store-v1-sector-tool-7000.ap.bin
  body: $7000-$7759 len=$0759
  entry/export: APSTORE @ $7000 offset=$0000
  fnv32: $B29792B4
  imports/relocations: 0/0
  package length: $0789
  head: 41 50 02 89 07 53 0B 00 01 00 70 59 77 59 07 B4 92 97 B2 52 01 00 00 45
AP STORE .A = ../DOC/GUIDES/ASM/SAMPLES/ap-store-v1-sector-tool-7000.a; bytes=1881; span=$7000-$7758
AP Store sector tool check passed: bytes=1881 end=$7759 inventory-rows=24 locations=22 fault-cuts=50
AP Store sector tool package: APSTORE entry=$7000 body=$7000-$7758
AP Store sector tool policy: CLAIM erased-only; CONVERT occupied-unmanaged; FORMAT managed-empty-log; commit-last
AP STORE .A IDENTITY = PASS; entry=$7000 bytes=1881
AP v2 check OK len=$0789 body=$0759 rel=0/64 exp=1/64 imp=0/64 syms=128 pool=$0800 card-import-uses=64 sentinels=$7900-$7902 wrapper-zp=$82-$83
wdc02as -G -L -S -W -I BUILD -I BUILD/inc -DAPSC_CHAIN_BUILD=0 -DAPSC_CHAIN_READER_BUILD=0 -DAPSO_OBJECT_BUILD=1 -DAPSC_SLICE6_BUILD=0 -DAPSC_DELETE_EXECUTOR_BUILD=0 -DAPSC_SLICE6_READER_BUILD=0 -DAPSC_READER_COMMON_ONLY=0 -DAPSC_WRITER_BUILD=0 PROOFS/ap-store-v1-sector-tool.asm
WDC 65C02 Assembler  Version 3.49.1 Feb  6 2006 17:25:36
       Copyright (C) 1992-2006 by The Western Design Center, Inc.
        1 file(s) moved.
wdc02as -G -L -S -W -I BUILD -I BUILD/inc -DAPSC_CHAIN_BUILD=1 -DAPSC_CHAIN_READER_BUILD=0 -DAPSO_OBJECT_BUILD=0 -DAPSC_SLICE6_BUILD=0 -DAPSC_DELETE_EXECUTOR_BUILD=0 -DAPSC_SLICE6_READER_BUILD=0 -DAPSC_READER_COMMON_ONLY=0 -DAPSC_WRITER_BUILD=0 PROOFS/ap-store-v1-sector-tool.asm
WDC 65C02 Assembler  Version 3.49.1 Feb  6 2006 17:25:36
       Copyright (C) 1992-2006 by The Western Design Center, Inc.
        1 file(s) moved.
wdcln -g -s -t -c7000 -hm19 -j -o BUILD/s19/ap-store-v1-chain-install-tool-7000.s19 BUILD/obj/PROOFS/ap-store-v1-chain-install-tool.obj
WDC 65C816 Linker Version 3.49.1 Apr 24 2006 15:40:38
   Copyright (C) 1992-2006 The Western Design Center, Inc.

Section: ORG:    ROM ORG:  SIZE:
CODE     007000  007000      944H (  2372)
DATA     007944  007944        1H (     1)
Total                        945H (  2373)

AP Store chain installer end = 7945
AP package built: C:\SRC\R-YORS\SRC\BUILD\bin\ap-store-v1-chain-install-tool-7000.ap.bin
  body: $7000-$7945 len=$0945
  entry/export: APCINS @ $7000 offset=$0000
  fnv32: $91CC4D85
  imports/relocations: 0/0
  package length: $0973
  head: 41 50 02 73 09 53 0B 00 01 00 70 45 79 45 09 85 4D CC 91 52 01 00 00 45
BIN                  = BUILD/bin/ap-store-v1-chain-install-tool-7000.ap.bin
Install S19          = BUILD/s19/ap-store-v1-chain-install-tool-package-4000.s19
Address range        = 4000-4972
S9 start             = 4000
Record types         = S1 S9
All-FF S1 records    = kept
wdc02as -G -L -S -W -I BUILD -I BUILD/inc -DAPSC_CHAIN_BUILD=1 -DAPSC_CHAIN_READER_BUILD=1 -DAPSO_OBJECT_BUILD=0 -DAPSC_SLICE6_BUILD=0 -DAPSC_DELETE_EXECUTOR_BUILD=0 -DAPSC_SLICE6_READER_BUILD=0 -DAPSC_READER_COMMON_ONLY=0 -DAPSC_WRITER_BUILD=1 PROOFS/ap-store-v1-sector-tool.asm
WDC 65C02 Assembler  Version 3.49.1 Feb  6 2006 17:25:36
       Copyright (C) 1992-2006 by The Western Design Center, Inc.
        1 file(s) moved.
wdcln -g -s -t -c7000 -hm19 -j -o BUILD/s19/ap-store-v1-chain-reader-tool-7000.s19 BUILD/obj/PROOFS/ap-store-v1-chain-reader-tool.obj
WDC 65C816 Linker Version 3.49.1 Apr 24 2006 15:40:38
   Copyright (C) 1992-2006 The Western Design Center, Inc.

Section: ORG:    ROM ORG:  SIZE:
CODE     007000  007000      84BH (  2123)
DATA     00784B  00784B       1FH (    31)
Total                        86AH (  2154)

AP Store chain reader end = 786A
AP package built: C:\SRC\R-YORS\SRC\BUILD\bin\ap-store-v1-chain-reader-tool-7000.ap.bin
  body: $7000-$786A len=$086A
  entry/export: APCGET @ $7000 offset=$0000
  fnv32: $2E7E9C6D
  imports/relocations: 0/0
  package length: $0898
  head: 41 50 02 98 08 53 0B 00 01 00 70 6A 78 6A 08 6D 9C 7E 2E 52 01 00 00 45
BIN                  = BUILD/bin/ap-store-v1-chain-reader-tool-7000.ap.bin
Install S19          = BUILD/s19/ap-store-v1-chain-reader-tool-package-4000.s19
Address range        = 4000-4897
S9 start             = 4000
Record types         = S1 S9
All-FF S1 records    = kept
AP Store Slice 5 tools passed: installer=$7000-$7944 (2373) reader=$7000-$7869 (2154) marker=4096
AP Store Slice 5 policy: B1:E WORK and B1:F B3:F backup excluded; read-only PLAN; source/request/CRC recheck; header-payload-commit; bank-wide sorted reconstruction; AP-v2 validate before load
AP v2 check OK len=$0973 body=$0945 rel=0/64 exp=1/64 imp=0/64 syms=128 pool=$0800 card-import-uses=64 sentinels=$7900-$7902 wrapper-zp=$82-$83
AP v2 check OK len=$0898 body=$086A rel=0/64 exp=1/64 imp=0/64 syms=128 pool=$0800 card-import-uses=64 sentinels=$7900-$7902 wrapper-zp=$82-$83
AP v2 check OK len=$1000 body=$0FD2 rel=0/64 exp=1/64 imp=0/64 syms=128 pool=$0800 card-import-uses=64 sentinels=$7900-$7902 wrapper-zp=$82-$83
wdc02as -G -L -S -W -I BUILD -I BUILD/inc -DAPSC_CHAIN_BUILD=1 -DAPSC_CHAIN_READER_BUILD=1 -DAPSO_OBJECT_BUILD=0 -DAPSC_SLICE6_BUILD=1 -DAPSC_DELETE_EXECUTOR_BUILD=0 -DAPSC_SLICE6_READER_BUILD=1 -DAPSC_READER_COMMON_ONLY=1 -DAPSC_WRITER_BUILD=1 PROOFS/ap-store-v1-sector-tool.asm
WDC 65C02 Assembler  Version 3.49.1 Feb  6 2006 17:25:36
       Copyright (C) 1992-2006 by The Western Design Center, Inc.
        1 file(s) moved.
wdcln -g -s -t -c7000 -hm19 -j -o BUILD/s19/ap-store-v1-slice6-catalog-tool-7000.s19 BUILD/obj/PROOFS/ap-store-v1-slice6-catalog-tool.obj
WDC 65C816 Linker Version 3.49.1 Apr 24 2006 15:40:38
   Copyright (C) 1992-2006 The Western Design Center, Inc.

Section: ORG:    ROM ORG:  SIZE:
CODE     007000  007000      9A9H (  2473)
DATA     0079A9  0079A9       1BH (    27)
Total                        9C4H (  2500)

AP Store Slice 6 reader end = 79C4 (limit 7A00)
AP package built: C:\SRC\R-YORS\SRC\BUILD\bin\ap-store-v1-slice6-catalog-tool-7000.ap.bin
  body: $7000-$79C4 len=$09C4
  entry/export: APNEW @ $7000 offset=$0000
  fnv32: $216A87B2
  imports/relocations: 0/0
  package length: $09F2
  head: 41 50 02 F2 09 53 0B 00 01 00 70 C4 79 C4 09 B2 87 6A 21 52 01 00 00 45
BIN                  = BUILD/bin/ap-store-v1-slice6-catalog-tool-7000.ap.bin
Install S19          = BUILD/s19/ap-store-v1-slice6-catalog-tool-package-4000.s19
Address range        = 4000-49F1
S9 start             = 4000
Record types         = S1 S9
All-FF S1 records    = kept
wdc02as -G -L -S -W -I BUILD -I BUILD/inc -DAPSC_CHAIN_BUILD=1 -DAPSC_CHAIN_READER_BUILD=1 -DAPSO_OBJECT_BUILD=0 -DAPSC_SLICE6_BUILD=1 -DAPSC_DELETE_EXECUTOR_BUILD=0 -DAPSC_SLICE6_READER_BUILD=0 -DAPSC_READER_COMMON_ONLY=1 -DAPSC_WRITER_BUILD=0 PROOFS/ap-store-v1-sector-tool.asm
WDC 65C02 Assembler  Version 3.49.1 Feb  6 2006 17:25:36
       Copyright (C) 1992-2006 by The Western Design Center, Inc.
        1 file(s) moved.
wdcln -g -s -t -c7000 -hm19 -j -o BUILD/s19/ap-store-v1-slice6-plan-tool-7000.s19 BUILD/obj/PROOFS/ap-store-v1-slice6-plan-tool.obj
WDC 65C816 Linker Version 3.49.1 Apr 24 2006 15:40:38
   Copyright (C) 1992-2006 The Western Design Center, Inc.

Section: ORG:    ROM ORG:  SIZE:
CODE     007000  007000      980H (  2432)
DATA     007980  007980        1H (     1)
Total                        981H (  2433)

AP Store Slice 6 planner end = 7981 (limit 7A00)
AP package built: C:\SRC\R-YORS\SRC\BUILD\bin\ap-store-v1-slice6-plan-tool-7000.ap.bin
  body: $7000-$7981 len=$0981
  entry/export: APPLAN @ $7000 offset=$0000
  fnv32: $4B94861F
  imports/relocations: 0/0
  package length: $09AF
  head: 41 50 02 AF 09 53 0B 00 01 00 70 81 79 81 09 1F 86 94 4B 52 01 00 00 45
BIN                  = BUILD/bin/ap-store-v1-slice6-plan-tool-7000.ap.bin
Install S19          = BUILD/s19/ap-store-v1-slice6-plan-tool-package-4000.s19
Address range        = 4000-49AE
S9 start             = 4000
Record types         = S1 S9
All-FF S1 records    = kept
wdc02as -G -L -S -W -I BUILD -I BUILD/inc -DAPSC_CHAIN_BUILD=1 -DAPSC_CHAIN_READER_BUILD=0 -DAPSO_OBJECT_BUILD=0 -DAPSC_SLICE6_BUILD=1 -DAPSC_DELETE_EXECUTOR_BUILD=1 -DAPSC_SLICE6_READER_BUILD=0 -DAPSC_READER_COMMON_ONLY=0 -DAPSC_WRITER_BUILD=0 PROOFS/ap-store-v1-sector-tool.asm
WDC 65C02 Assembler  Version 3.49.1 Feb  6 2006 17:25:36
       Copyright (C) 1992-2006 by The Western Design Center, Inc.
        1 file(s) moved.
wdcln -g -s -t -c7000 -hm19 -j -o BUILD/s19/ap-store-v1-slice6-delete-tool-7000.s19 BUILD/obj/PROOFS/ap-store-v1-slice6-delete-tool.obj
WDC 65C816 Linker Version 3.49.1 Apr 24 2006 15:40:38
   Copyright (C) 1992-2006 The Western Design Center, Inc.

Section: ORG:    ROM ORG:  SIZE:
CODE     007000  007000      74EH (  1870)
DATA     00774E  00774E        1H (     1)
Total                        74FH (  1871)

AP Store Slice 6 delete end = 774F (limit 7A00)
AP package built: C:\SRC\R-YORS\SRC\BUILD\bin\ap-store-v1-slice6-delete-tool-7000.ap.bin
  body: $7000-$774F len=$074F
  entry/export: APDEL @ $7000 offset=$0000
  fnv32: $02F8099B
  imports/relocations: 0/0
  package length: $077D
  head: 41 50 02 7D 07 53 0B 00 01 00 70 4F 77 4F 07 9B 09 F8 02 52 01 00 00 45
BIN                  = BUILD/bin/ap-store-v1-slice6-delete-tool-7000.ap.bin
Install S19          = BUILD/s19/ap-store-v1-slice6-delete-tool-package-4000.s19
Address range        = 4000-477C
S9 start             = 4000
Record types         = S1 S9
All-FF S1 records    = kept
"Built AP Store Slice 6 reader, read-only delete planner, and delete executor carriers."
make[1]: Entering directory `C:/SRC/R-YORS/SRC'
[ps] sync sidecar artifacts
"Synced sidecar artifacts into BUILD/{lst,sym,map,bin,s19}."
make[1]: Leaving directory `C:/SRC/R-YORS/SRC'
AP Store Slice 6 tools passed: reader=$7000-$79C3 (2500) planner=$7000-$7980 (2433) delete=$7000-$774E (1871)
AP Store Slice 6 policy: B1:E WORK and B1:F B3:F backup excluded; fixed read-only newest reader; fixed read-only counter/planner; separate CRC-rechecking 21-byte commit-last executor
AP v2 check OK len=$09F2 body=$09C4 rel=0/64 exp=1/64 imp=0/64 syms=128 pool=$0800 card-import-uses=64 sentinels=$7900-$7902 wrapper-zp=$82-$83
AP v2 check OK len=$09AF body=$0981 rel=0/64 exp=1/64 imp=0/64 syms=128 pool=$0800 card-import-uses=64 sentinels=$7900-$7902 wrapper-zp=$82-$83
AP v2 check OK len=$077D body=$074F rel=0/64 exp=1/64 imp=0/64 syms=128 pool=$0800 card-import-uses=64 sentinels=$7900-$7902 wrapper-zp=$82-$83
powershell -NoProfile -ExecutionPolicy Bypass -File tools/check_asm_opcode_coverage.ps1 -SourcePath "ASM/asm-v1-core.asm"
ASM opcode coverage OK rows=217 mnemonics=70 patterns=20 pattern_bytes=166 source=asm-v1-core.asm
ADC IMM8:$69 ZP_X_IND:$61 ZP8:$65 ABS16:$6D ZP_IND:$72 ZP_X:$75 ZP_IND_Y:$71 ABS_Y:$79 ABS_X:$7D
AND IMM8:$29 ZP_X_IND:$21 ZP8:$25 ABS16:$2D ZP_IND:$32 ZP_X:$35 ZP_IND_Y:$31 ABS_Y:$39 ABS_X:$3D
ASL NONE:$0A ACC:$0A ZP8:$06 ABS16:$0E ZP_X:$16 ABS_X:$1E
BBR BIT0_ZP_REL:$0F BIT1_ZP_REL:$1F BIT2_ZP_REL:$2F BIT3_ZP_REL:$3F BIT4_ZP_REL:$4F BIT5_ZP_REL:$5F BIT6_ZP_REL:$6F BIT7_ZP_REL:$7F
BBS BIT0_ZP_REL:$8F BIT1_ZP_REL:$9F BIT2_ZP_REL:$AF BIT3_ZP_REL:$BF BIT4_ZP_REL:$CF BIT5_ZP_REL:$DF BIT6_ZP_REL:$EF BIT7_ZP_REL:$FF
BCC REL8:$90
BCS REL8:$B0
BEQ REL8:$F0
BIT IMM8:$89 ZP8:$24 ABS16:$2C ZP_X:$34 ABS_X:$3C
BMI REL8:$30
BNE REL8:$D0
BPL REL8:$10
BRA REL8:$80
BRK IMM8:$00 ZP8:$00
BVC REL8:$50
BVS REL8:$70
CLC NONE:$18
CLD NONE:$D8
CLI NONE:$58
CLV NONE:$B8
CMP IMM8:$C9 ZP_X_IND:$C1 ZP8:$C5 ABS16:$CD ZP_IND:$D2 ZP_X:$D5 ZP_IND_Y:$D1 ABS_Y:$D9 ABS_X:$DD
CPX IMM8:$E0 ZP8:$E4 ABS16:$EC
CPY IMM8:$C0 ZP8:$C4 ABS16:$CC
DEC ACC:$3A ZP8:$C6 ABS16:$CE ZP_X:$D6 ABS_X:$DE
DEX NONE:$CA
DEY NONE:$88
EOR IMM8:$49 ZP_X_IND:$41 ZP8:$45 ABS16:$4D ZP_IND:$52 ZP_X:$55 ZP_IND_Y:$51 ABS_Y:$59 ABS_X:$5D
INC ACC:$1A ZP8:$E6 ABS16:$EE ZP_X:$F6 ABS_X:$FE
INX NONE:$E8
INY NONE:$C8
JMP ABS16:$4C ABS_IND:$6C ABS_X_IND:$7C
JSR ABS16:$20
LDA IMM8:$A9 ZP_X_IND:$A1 ZP8:$A5 ABS16:$AD ZP_IND:$B2 ZP_X:$B5 ZP_IND_Y:$B1 ABS_Y:$B9 ABS_X:$BD
LDX IMM8:$A2 ZP8:$A6 ABS16:$AE ZP_Y:$B6 ABS_Y:$BE
LDY IMM8:$A0 ZP8:$A4 ABS16:$AC ZP_X:$B4 ABS_X:$BC
LSR NONE:$4A ACC:$4A ZP8:$46 ABS16:$4E ZP_X:$56 ABS_X:$5E
NOP NONE:$EA
ORA IMM8:$09 ZP_X_IND:$01 ZP8:$05 ABS16:$0D ZP_IND:$12 ZP_X:$15 ZP_IND_Y:$11 ABS_Y:$19 ABS_X:$1D
PHA NONE:$48
PHP NONE:$08
PHX NONE:$DA
PHY NONE:$5A
PLA NONE:$68
PLP NONE:$28
PLX NONE:$FA
PLY NONE:$7A
RMB BIT0_ZP:$07 BIT1_ZP:$17 BIT2_ZP:$27 BIT3_ZP:$37 BIT4_ZP:$47 BIT5_ZP:$57 BIT6_ZP:$67 BIT7_ZP:$77
ROL NONE:$2A ACC:$2A ZP8:$26 ABS16:$2E ZP_X:$36 ABS_X:$3E
ROR NONE:$6A ACC:$6A ZP8:$66 ABS16:$6E ZP_X:$76 ABS_X:$7E
RTI NONE:$40
RTS NONE:$60
SBC IMM8:$E9 ZP_X_IND:$E1 ZP8:$E5 ABS16:$ED ZP_IND:$F2 ZP_X:$F5 ZP_IND_Y:$F1 ABS_Y:$F9 ABS_X:$FD
SEC NONE:$38
SED NONE:$F8
SEI NONE:$78
SMB BIT0_ZP:$87 BIT1_ZP:$97 BIT2_ZP:$A7 BIT3_ZP:$B7 BIT4_ZP:$C7 BIT5_ZP:$D7 BIT6_ZP:$E7 BIT7_ZP:$F7
STA ZP_X_IND:$81 ZP8:$85 ABS16:$8D ZP_IND:$92 ZP_X:$95 ZP_IND_Y:$91 ABS_Y:$99 ABS_X:$9D
STP NONE:$DB
STX ZP8:$86 ABS16:$8E ZP_Y:$96
STY ZP8:$84 ABS16:$8C ZP_X:$94
STZ ZP8:$64 ABS16:$9C ZP_X:$74 ABS_X:$9E
TAX NONE:$AA
TAY NONE:$A8
TRB ZP8:$14 ABS16:$1C
TSB ZP8:$04 ABS16:$0C
TSX NONE:$BA
TXA NONE:$8A
TXS NONE:$9A
TYA NONE:$98
WAI NONE:$CB
powershell -NoProfile -ExecutionPolicy Bypass -File tools/check_asm_dc_contract.ps1 -AsmSourcePath "ASM/asm-v1-core.asm" -HimonSourcePath "HIMON/himon.asm"
ASM compact DC contract OK: success=15 failure=8 boundaries=4 seal-uppercase=7
WDC 65C02 Assembler  Version 3.49.1 Feb  6 2006 17:25:36
       Copyright (C) 1992-2006 by The Western Design Center, Inc.
VT100 OK org=3000 symbols=36/64 line=61 STR8-N=1.29
VT102 OK range=7000-79CD end=79CE fixups=11 line=63 waits=2
VT525 OK range=7000-79B2 end=79B3 fixups=11 line=63 waits=3
WDC 65C02 Assembler  Version 3.49.1 Feb  6 2006 17:25:36
       Copyright (C) 1992-2006 by The Western Design Center, Inc.
WDC 65C02 Assembler  Version 3.49.1 Feb  6 2006 17:25:36
       Copyright (C) 1992-2006 by The Western Design Center, Inc.
WDC 65C02 Assembler  Version 3.49.1 Feb  6 2006 17:25:36
       Copyright (C) 1992-2006 by The Western Design Center, Inc.
WDC 65C02 Assembler  Version 3.49.1 Feb  6 2006 17:25:36
       Copyright (C) 1992-2006 by The Western Design Center, Inc.
STR8 READ-ONLY BANK SOURCES = PASS; CRC=38/64; archived inventory proof=46/64; read AP=58/64; dump AP=63/64; $F010/$0203 only
wdc02as -G -L -S -W -I BUILD -I BUILD/inc "../DOC/GUIDES/ASM/SAMPLES/OLD/ASMTEST_3000.asm"
WDC 65C02 Assembler  Version 3.49.1 Feb  6 2006 17:25:36
       Copyright (C) 1992-2006 by The Western Design Center, Inc.
powershell -NoProfile -ExecutionPolicy Bypass -Command "Copy-Item -LiteralPath '..\DOC\GUIDES\ASM\SAMPLES\OLD\ASMTEST_3000.obj' -Destination 'BUILD\obj\ASM\asmtest-6800-wdc.obj' -Force"
powershell -NoProfile -ExecutionPolicy Bypass -Command "Copy-Item -LiteralPath '..\DOC\GUIDES\ASM\SAMPLES\OLD\ASMTEST_3000.lst' -Destination 'BUILD\lst\asmtest-6800-wdc.lst' -Force"
wdcln -g -s -t -hm19 -j -o BUILD/s19/asmtest-6800-wdc.s19 BUILD/obj/ASM/asmtest-6800-wdc.obj
WDC 65C816 Linker Version 3.49.1 Apr 24 2006 15:40:38
   Copyright (C) 1992-2006 The Western Design Center, Inc.

Section: ORG:    ROM ORG:  SIZE:
CODE     006800  006800       27H (    39)
Total                         27H (    39)

[ps] set S9 start $6800 in BUILD/s19/asmtest-6800-wdc.s19
powershell -NoProfile -ExecutionPolicy Bypass -File tools/check_asmtest_3000.ps1 -SourcePath "../DOC/GUIDES/ASM/SAMPLES/OLD/ASMTEST_3000.asm" -S19Path "BUILD/s19/asmtest-6800-wdc.s19"
ASMTEST_3000 OK org=$6800 lines=24 max=49 seed=16 checksum=$0F
defs=ASMTEST,COUNT,LOOP,OUT,SEED,SUM
refs=COUNT,LOOP,OUT,SEED,SUM
image=$6800-$6826 bytes=39 output=$6900-$6910
wdc-s19=$6800-$6826 bytes=39 start=$6800
"Built BUILD/s19/asm-v1-core-2000.s19."
make[1]: Entering directory `C:/SRC/R-YORS/SRC'
[ps] sync sidecar artifacts
"Synced sidecar artifacts into BUILD/{lst,sym,map,bin,s19}."
make[1]: Leaving directory `C:/SRC/R-YORS/SRC'
"Built BUILD/s19/asm-v1-runtime-2000.s19."
make[1]: Entering directory `C:/SRC/R-YORS/SRC'
[ps] sync sidecar artifacts
"Synced sidecar artifacts into BUILD/{lst,sym,map,bin,s19}."
make[1]: Leaving directory `C:/SRC/R-YORS/SRC'
"Built BUILD/s19/asm-v1-runtime-smoke-2000.s19."
make[1]: Entering directory `C:/SRC/R-YORS/SRC'
[ps] sync sidecar artifacts
"Synced sidecar artifacts into BUILD/{lst,sym,map,bin,s19}."
make[1]: Leaving directory `C:/SRC/R-YORS/SRC'
"Built BUILD/s19/asm-v1-runtime-asmtest-2000.s19."
make[1]: Entering directory `C:/SRC/R-YORS/SRC'
[ps] sync sidecar artifacts
"Synced sidecar artifacts into BUILD/{lst,sym,map,bin,s19}."
make[1]: Leaving directory `C:/SRC/R-YORS/SRC'
"Built BUILD/s19/asm-v1-runtime-paste-2000.s19."
make[1]: Entering directory `C:/SRC/R-YORS/SRC'
[ps] sync sidecar artifacts
"Synced sidecar artifacts into BUILD/{lst,sym,map,bin,s19}."
make[1]: Leaving directory `C:/SRC/R-YORS/SRC'
"Built BUILD/s19/asm-v1-flash-8000.s19."
make[1]: Entering directory `C:/SRC/R-YORS/SRC'
[ps] sync sidecar artifacts
"Synced sidecar artifacts into BUILD/{lst,sym,map,bin,s19}."
make[1]: Leaving directory `C:/SRC/R-YORS/SRC'
"Built BUILD/s19/asm-session-report-v1.2-7000.s19 and BUILD/bin/asm-session-report-v1.2-7000.ap.bin."
make[1]: Entering directory `C:/SRC/R-YORS/SRC'
[ps] sync sidecar artifacts
"Synced sidecar artifacts into BUILD/{lst,sym,map,bin,s19}."
make[1]: Leaving directory `C:/SRC/R-YORS/SRC'
BANKAUDIT .a/.asm shared body: 228 logical lines, identical
BANKAUDIT S19: $2000-$2201, 514 bytes, FNV32=$0EFD2A83
BANKAUDIT onboard AP v2: 17 relocations, package length=$0299
BANKAUDIT policy: read-only bank select/stage/CRC; no mutation doorway
"Built and checked BUILD/s19/bank-audit-2000.s19 against ../DOC/GUIDES/ASM/SAMPLES/bank-audit-2000.a."
make[1]: Entering directory `C:/SRC/R-YORS/SRC'
[ps] sync sidecar artifacts
"Synced sidecar artifacts into BUILD/{lst,sym,map,bin,s19}."
make[1]: Leaving directory `C:/SRC/R-YORS/SRC'
BANKDUMP onboard source updated: C:\Users\Walter\AppData\Local\Temp\bank-dump-2be68c88-b830-4341-ab1f-2e268967207c.a
BANKDUMP host map/onboard fixed operands: identical and current
BANKDUMP onboard symbols: BANKDUMP plus 3 imports; branches/constants fixed
BANKDUMP S19: $2000-$292B, 2348 bytes, FNV32=$CEF1F837
BANKDUMP onboard AP v2: 3 import relocations, package length=$09AD
BANKDUMP policy: map/stage/restore/decode/dump/CRC; no mutation doorway
"Built and checked BUILD/s19/bank-dump-2000.s19 against ../DOC/GUIDES/ASM/SAMPLES/bank-dump-2000.a."
make[1]: Entering directory `C:/SRC/R-YORS/SRC'
[ps] sync sidecar artifacts
"Synced sidecar artifacts into BUILD/{lst,sym,map,bin,s19}."
make[1]: Leaving directory `C:/SRC/R-YORS/SRC'
PIA LED .a/.asm shared body: 57 logical lines, identical
PIA LED S19: $2000-$2083, 132 bytes, FNV32=$9F3CAF3C
PIA LED AP: 6 internal relocations, expected onboard package length=$00D0
"Built and checked BUILD/s19/pia-led-show-2000.s19 against ../DOC/GUIDES/ASM/SAMPLES/pia-led-show-2000.a."
make[1]: Entering directory `C:/SRC/R-YORS/SRC'
[ps] sync sidecar artifacts
"Synced sidecar artifacts into BUILD/{lst,sym,map,bin,s19}."
make[1]: Leaving directory `C:/SRC/R-YORS/SRC'
Microchess AP check passed: engine=$2000-$2625, linked end=$2625, body=1573, package=1702
Microchess runtime smoke passed: help, reset, opening move, human move, searched reply, Q return
Microchess onboard ASM-F2 check passed: 678 source lines, exact 1702-byte AP
"Built and checked Microchess AP: BUILD/s19/microchess-2000.s19, BUILD/bin/microchess.ap, and BUILD/s19/microchess-ap-3000.s19."
make[1]: Entering directory `C:/SRC/R-YORS/SRC'
[ps] sync sidecar artifacts
"Synced sidecar artifacts into BUILD/{lst,sym,map,bin,s19}."
make[1]: Leaving directory `C:/SRC/R-YORS/SRC'
AP v2 check OK len=$074B body=$071B rel=0/64 exp=1/64 imp=0/64 syms=128 pool=$0800 card-import-uses=64 sentinels=$7900-$7902 wrapper-zp=$82-$83
PASS 23 message/address checks, including shared READ/FAIL and ASM/OK suffixes
PASS 1024 decoder cases: all 256 bytes in native/PC/seal/AP contexts and return ABI
PASS 2550 command failure cases: parser/worker domains, SEAL flags, READ, status retention
PASS real-source 01,03-09; addressing/range/name variants; row/name-pool/fixup exhaustion
PASS rollback/boundary; sticky failure/NEW; SEAL/RELOCATE/PACKAGE/LOAD success; invalid/no-END/malformed AP
PASS entry/service/resume/.P/post-END handling; 255 two-address INSTALL statuses; flash failure mapping
PASS ASMF2 error regression; ROM end=$BB83, headroom=$047D
WDC 65C02 Assembler  Version 3.49.1 Feb  6 2006 17:25:36
       Copyright (C) 1992-2006 by The Western Design Center, Inc.
WDC 65C02 Assembler  Version 3.49.1 Feb  6 2006 17:25:36
       Copyright (C) 1992-2006 by The Western Design Center, Inc.
WDC 65C816 Linker Version 3.49.1 Apr 24 2006 15:40:38
   Copyright (C) 1992-2006 The Western Design Center, Inc.

Section: ORG:    ROM ORG:  SIZE:
CODE     008000  008000     3B75H ( 15221)
DATA     007080  007080      2CCH (   716)
UDATA    005000  ------     1D6EH (  7534)
Total                       5BAFH ( 23471)

asm-v1-flash RAM map low=0200-19FF user=1A00-1FFF udata=5000-6D6E upper=6D6E-7CFF
PASS 23 message/address checks, including shared READ/FAIL and ASM/OK suffixes
PASS 1024 decoder cases: all 256 bytes in native/PC/seal/AP contexts and return ABI
PASS 3060 command failure cases: parser/worker domains, SEAL flags, READ, status retention
PASS real-source 01,03-09; addressing/range/name variants; row/name-pool/fixup exhaustion
PASS rollback/boundary; sticky failure/NEW; SEAL/RELOCATE/PACKAGE/LOAD success; invalid/no-END/malformed AP
PASS entry/service/resume/.P/post-END handling; 255 two-address INSTALL statuses; flash failure mapping
PASS optional host fixture: CODE end=$BB75, DATA end=$734C; not a resident flash image
python -B tools/check_asm_size.py
PASS 65536 opcode ID/mode pairs and 1024 numbered-bit byte cases
PASS 6 exact state-clear cases on nonzero RAM, including unrelated-field guards
PASS 105 unhooked service-init header/checksum/cold/warm cases
python -B tools/check_asm_package_writers.py
PASS 78 exact export/import records: 0-64 rows, nonsequential slots, base borrow, names 1-32, PACK40 triples, source/destination page crossings
PASS 6 exact complete AP-v2 packages: empty/full records, relocations 0/1/51/52/63/64, BODY lengths 0/1/255/256/257/511 and guards
PASS ASM-F2 package writer regression (asm-v1-flash-8000.s19)
python -B tools/check_himon_size.py
PASS all 256 opcode step displays, including bit suffixes and unknown opcodes
PASS 262 FNV vectors through initialized resident service pointers
PASS 77 AP parse/load cases: page boundaries, seal errors, truncation, and range policy
python -B tools/check_himon_ap_boundary.py --output "BUILD/tmp/himon-ap-boundary.json"
PASS AP/HIMON boundaries; 5 bypass negatives; 6 resolver + 7 manager cases
python -B tools/check_himon_ap_ranges.py --output "BUILD/tmp/himon-ap-ranges.json"
PASS AP ranges: {'destination': 30710, 'source_base': 256}; baseline comparison=False
python -B tools/check_himon_ap_init.py --output "BUILD/tmp/himon-ap-init.json"
PASS AP initialization: 1024 clear/guard cases, 153 parser cases; baseline comparison=False
python -B tools/check_apman_size.py --output "BUILD/tmp/apman-size.json"
aps-bank-list-six-pack40-names PASS
aps-b1-t PASS
ap-d-b1-t PASS
aps-b1-aa PASS
ap-d-b1-aa PASS
aps-b1-abc PASS
ap-d-b1-abc PASS
aps-b1-four PASS
ap-d-b1-four PASS
aps-b1-abcde PASS
ap-d-b1-abcde PASS
aps-b1-long_0123456789?. PASS
ap-d-b1-long_0123456789?. PASS
ap-d-sector-address PASS
aps-all-carriers-and-reservations PASS
install-short-skips-protected-and-occupied PASS
install-unaligned-skips-protected-and-occupied PASS
install-full-sector-skips-protected-and-occupied PASS
PASS 18 APMAN size cases
python -B tools/check_himon_ap_contracts.py --output "BUILD/tmp/himon-ap-contracts.json"
load-1-dst-4000-len-1 PASS
load-1-dst-4FFF-len-1 PASS
load-1-dst-4FFF-len-2 PASS
load-1-dst-5000-len-1 PASS
load-1-dst-6FFF-len-1 PASS
load-1-dst-7000-len-1 PASS
load-1-dst-7BFF-len-1 PASS
load-1-dst-7BFF-len-2 PASS
load-1-dst-7C00-len-1 PASS
load-5-dst-1FFF-len-1 PASS
load-5-dst-2000-len-1 PASS
load-5-dst-4FFF-len-2 PASS
load-5-dst-5000-len-4 PASS
load-5-dst-6D6D-len-1 PASS
load-5-dst-6FFF-len-1 PASS
load-5-dst-6FFF-len-2 PASS
load-5-dst-7000-len-1 PASS
load-5-dst-FFFF-len-2 PASS
source-rejected-4FF0 PASS
source-rejected-5000 PASS
source-rejected-6FFF PASS
source-rejected-1FF0 PASS
overlap-1 PASS
overlap-5 PASS
operation-0 PASS
operation-2 PASS
operation-255 PASS
typed-import-1-FNV1A_INIT PASS
typed-import-2-FNV1A_INIT PASS
typed-import-2-T PASS
install-unstable-0200 PASS
install-unstable-0A00 PASS
install-unstable-1900 PASS
install-unstable-1A00 PASS
install-unstable-4FF0 PASS
install-unstable-5000 PASS
install-unstable-7000 PASS
install-unstable-FEF0 PASS
manager-absent PASS
manager-corrupt PASS
manager-load PASS
manager-last-byte PASS
manager-overlay-rejected PASS
manager-named PASS
manager-duplicate PASS
manager-duplicate-detail PASS
manager-not-found PASS
manager-child-return PASS
manager-install PASS
asm-client-4000 PASS
asm-client-5000 PASS
asm-install-fresh-session PASS
asm-resume-refused-after-takeover PASS
PASS 53 current contract cases; no flash writes
python -B tools/check_fnv_scope_policy.py --output "BUILD/tmp/fnv-scope-policy.json"
WDC 65C02 Assembler  Version 3.49.1 Feb  6 2006 17:25:36
       Copyright (C) 1992-2006 by The Western Design Center, Inc.
WDC 65C816 Linker Version 3.49.1 Apr 24 2006 15:40:38
   Copyright (C) 1992-2006 The Western Design Center, Inc.

Section: ORG:    ROM ORG:  SIZE:
CODE     002000  002000       1CH (    28)
Total                         1CH (    28)

PASS 65536 linked policy/request cases; 28 bytes; no board I/O
python -B tools/check_fnv_scope.py --output "BUILD/tmp/fnv-scope.json"
disabled-FF PASS
disabled-00 PASS
disabled-A0 PASS
disabled-A8 PASS
disabled-E6 PASS
unique-b2 PASS
unique-b1 PASS
excluded-b0 PASS
explicitly-enrolled-b0 PASS
duplicate-2 PASS
duplicate-3 PASS
duplicate-16 PASS
wrong-kind PASS
offset-end PASS
offset-wrap PASS
forged-hash PASS
invalid-pack40 PASS
body-corrupt PASS
truncated-header PASS
canonical-T PASS
canonical-AA PASS
canonical-ABC PASS
canonical-FOUR PASS
canonical-LONG_0123456789?. PASS
canonical-AAAAAAAAAAAAAAAAAAAAAAAAAAAAAAA PASS
resident-miss-dispatch PASS
resident-hit-authoritative PASS
ineligible-manager-A6 PASS
ineligible-manager-FF PASS
AP L B1 BANKDUMP 5000 PASS
AP B0 BANKDUMP PASS
bare-command-leading-and-trailing-spaces PASS
physical-selector-bad-entry-0004 PASS
physical-selector-bad-entry-FFFF PASS
reject-policy-unaware-manager PASS
bootstrap-protected-b1-E PASS
bootstrap-protected-b1-F PASS
import-link-failure-no-entry PASS
banked-hrec-is-not-an-ap-provider PASS
real-bankdump-load-link-entry PASS
masks-07-02 PASS
masks-04-02 PASS
masks-02-02 PASS
masks-00-FF PASS
masks-FF-80 PASS
masks-07-00 PASS
unsupported-FNV_RAM_ENABLE-1 PASS
unsupported-FNV_FORMAT-0 PASS
unsupported-FNV_FORMAT-255 PASS
bad-command-BANKDUMP EXTRA PASS
bad-command-AAAAAAAAAAAAAAAAAAAAAAAAAAAAAAAA PASS
protected-b1-E PASS
protected-b1-F PASS
restore-failure-retry-from-ram PASS
no-flash-work-released-b1-E PASS
no-flash-work-released-b1-F PASS
protected-backup-b2-F PASS
bootstrap-protected-backup-b2-F PASS
new-role-install-guard-all-24-locations PASS
PASS 59 scoped integration cases
"ASM v1 smoke checks passed."
wdcln -g -s -t -c2000 -hm19 -j -o BUILD/s19/life-2000.s19 BUILD/obj/APPS/life.obj -L BUILD\lib\rom
WDC 65C816 Linker Version 3.49.1 Apr 24 2006 15:40:38
   Copyright (C) 1992-2006 The Western Design Center, Inc.

Section: ORG:    ROM ORG:  SIZE:
CODE     002000  002000      C29H (  3113)
DATA     002C29  002C29      16BH (   363)
Total                        D94H (  3476)

[ps] set S9 start $2000 in BUILD/s19/life-2000.s19
[ps] build BUILD/bin/life-2000-load.bin
make : srec_cat.exe: BUILD/s19/life-2000.s19: 1: warning: no header record
At line:2 char:1
+ make -C SRC ram-transients board-s19-check HIMON_VISIBLE_STAMP='0915( ...
+ ~~~~~~~~~~~~~~~~~~~~~~~~~~~~~~~~~~~~~~~~~~~~~~~~~~~~~~~~~~~~~~~~~~~~~
    + CategoryInfo          : NotSpecified: (srec_cat.exe: B...o header record:String) [], RemoteException
    + FullyQualifiedErrorId : NativeCommandError
 
BIN                      = BUILD/bin/life-2000-load.bin
Load address/bytes       = 2000/3476
"Built BUILD/s19/life-2000.s19 and BUILD/bin/life-2000-load.bin."
make[1]: Entering directory `C:/SRC/R-YORS/SRC'
[ps] sync sidecar artifacts
"Synced sidecar artifacts into BUILD/{lst,sym,map,bin,s19}."
make[1]: Leaving directory `C:/SRC/R-YORS/SRC'
wdcln -g -s -t -c6000 -hm19 -j -o BUILD/s19/fnv1a-hbstr-6000.s19 BUILD/obj/HIMON/fnv1a-hbstr-6000.obj -L BUILD\lib\rom
WDC 65C816 Linker Version 3.49.1 Apr 24 2006 15:40:38
   Copyright (C) 1992-2006 The Western Design Center, Inc.

Section: ORG:    ROM ORG:  SIZE:
CODE     006000  006000      43DH (  1085)
Total                        43DH (  1085)

"Built BUILD/s19/fnv1a-hbstr-6000.s19."
C:/Program Files (x86)/GnuWin32/bin/make -C "../../STR8-N" all bank-maint-menu str8-in65-top-update led-worker-test irq-test
'C:/Program' is not recognized as an internal or external command,
operable program or batch file.
make: *** [ram-transients] Error 1
make: Leaving directory `C:/SRC/R-YORS/SRC'
