  Wed Sep 16 2026 17:29                                                                                                    Page 1


                                               ***************************************
                                               **      WDC 65C02 Macro Assembler    **
                                               **                                   **
                                               **     Version 3.49.1- Feb  6 2006    **
                                               ***************************************

     1                                                CHIP 65C02
     2                                                ORG $6000
     3 00:6000: D8           START:                  CLD
     4 00:6001: 9C 31 7E                             STZ $7E31
     5 00:6004: A9 40                                LDA #$40
     6 00:6006: 8D 32 7E                             STA $7E32
     7 00:6009: 9C 33 7E                             STZ $7E33
     8 00:600C: A9 70                                LDA #$70
     9 00:600E: 8D 34 7E                             STA $7E34
    10 00:6011: A9 01                                LDA #$01
    11 00:6013: 8D 2F 7E                             STA $7E2F
    12 00:6016: 20 41 60                             JSR AP
    13 00:6019: 90 11                                BCC CAPTURE
    14 00:601B: A2 1F                                LDX #$1F
    15 00:601D: BD 00 62     COPY_CARD:              LDA $6200,X
    16 00:6020: 9D 40 7D                             STA $7D40,X
    17 00:6023: CA                                   DEX
    18 00:6024: 10 F7                                BPL COPY_CARD
    19 00:6026: 9C 00 69                             STZ $6900
    20 00:6029: 20 00 50                             JSR $5000
    21 00:602C: 8D 00 68     CAPTURE:                STA $6800
    22 00:602F: 08                                   PHP
    23 00:6030: 68                                   PLA
    24 00:6031: 8D 01 68                             STA $6801
    25 00:6034: AD 00 69                             LDA $6900
    26 00:6037: 8D 02 68                             STA $6802
    27 00:603A: AD 30 7E                             LDA $7E30
    28 00:603D: 8D 03 68                             STA $6803
    29 00:6040: 60                                   RTS
    30 00:6041: 6C 2D 7E     AP:                     JMP ($7E2D)
    31                                                END


      Lines assembled: 31
      Errors: 0
